W0725 14:35:36.808000 162429 site-packages/torch/distributed/run.py:766] 
W0725 14:35:36.808000 162429 site-packages/torch/distributed/run.py:766] *****************************************
W0725 14:35:36.808000 162429 site-packages/torch/distributed/run.py:766] Setting OMP_NUM_THREADS environment variable for each process to be 1 in default, to avoid your system being overloaded, please further tune the variable for optimal performance in your application as needed. 
W0725 14:35:36.808000 162429 site-packages/torch/distributed/run.py:766] *****************************************
[xpu_timer.ascend] started. pid=162575 hang_timeout=60000ms slow_us=0 dump=/data/yinjinrun.p-huawei/results/ascend-ais/baseline/xputimer/contrast-p1-hw-b-20260725_143531/C0_baseline/xputimer
[xpu_timer.ascend] started. pid=162566 hang_timeout=60000ms slow_us=0 dump=/data/yinjinrun.p-huawei/results/ascend-ais/baseline/xputimer/contrast-p1-hw-b-20260725_143531/C0_baseline/xputimer
[rank9]:[W725 14:35:43.946920346 compiler_depend.ts:338] Warning: Cannot create tensor with interal format while allow_internel_format=False, tensor will be created with base format. (function operator())
[xpu_timer.ascend] started. pid=162580 hang_timeout=60000ms slow_us=0 dump=/data/yinjinrun.p-huawei/results/ascend-ais/baseline/xputimer/contrast-p1-hw-b-20260725_143531/C0_baseline/xputimer
[xpu_timer.ascend] started. pid=162570 hang_timeout=60000ms slow_us=0 dump=/data/yinjinrun.p-huawei/results/ascend-ais/baseline/xputimer/contrast-p1-hw-b-20260725_143531/C0_baseline/xputimer
[rank0]:[W725 14:35:43.044974481 compiler_depend.ts:338] Warning: Cannot create tensor with interal format while allow_internel_format=False, tensor will be created with base format. (function operator())
[rank13]:[W725 14:35:43.066133549 compiler_depend.ts:338] Warning: Cannot create tensor with interal format while allow_internel_format=False, tensor will be created with base format. (function operator())
[xpu_timer.ascend] started. pid=162568 hang_timeout=60000ms slow_us=0 dump=/data/yinjinrun.p-huawei/results/ascend-ais/baseline/xputimer/contrast-p1-hw-b-20260725_143531/C0_baseline/xputimer
[rank4]:[W725 14:35:43.087365059 compiler_depend.ts:338] Warning: Cannot create tensor with interal format while allow_internel_format=False, tensor will be created with base format. (function operator())
[xpu_timer.ascend] started. pid=162583 hang_timeout=60000ms slow_us=0 dump=/data/yinjinrun.p-huawei/results/ascend-ais/baseline/xputimer/contrast-p1-hw-b-20260725_143531/C0_baseline/xputimer
[xpu_timer.ascend] started. pid=162579 hang_timeout=60000ms slow_us=0 dump=/data/yinjinrun.p-huawei/results/ascend-ais/baseline/xputimer/contrast-p1-hw-b-20260725_143531/C0_baseline/xputimer
[xpu_timer.ascend] started. pid=162571 hang_timeout=60000ms slow_us=0 dump=/data/yinjinrun.p-huawei/results/ascend-ais/baseline/xputimer/contrast-p1-hw-b-20260725_143531/C0_baseline/xputimer
[xpu_timer.ascend] started. pid=162569 hang_timeout=60000ms slow_us=0 dump=/data/yinjinrun.p-huawei/results/ascend-ais/baseline/xputimer/contrast-p1-hw-b-20260725_143531/C0_baseline/xputimer
[xpu_timer.ascend] started. pid=162574 hang_timeout=60000ms slow_us=0 dump=/data/yinjinrun.p-huawei/results/ascend-ais/baseline/xputimer/contrast-p1-hw-b-20260725_143531/C0_baseline/xputimer
[xpu_timer.ascend] started. pid=162578 hang_timeout=60000ms slow_us=0 dump=/data/yinjinrun.p-huawei/results/ascend-ais/baseline/xputimer/contrast-p1-hw-b-20260725_143531/C0_baseline/xputimer
[xpu_timer.ascend] started. pid=162582 hang_timeout=60000ms slow_us=0 dump=/data/yinjinrun.p-huawei/results/ascend-ais/baseline/xputimer/contrast-p1-hw-b-20260725_143531/C0_baseline/xputimer
[rank2]:[W725 14:35:43.189771680 compiler_depend.ts:338] Warning: Cannot create tensor with interal format while allow_internel_format=False, tensor will be created with base format. (function operator())
[rank15]:[W725 14:35:43.205696788 compiler_depend.ts:338] Warning: Cannot create tensor with interal format while allow_internel_format=False, tensor will be created with base format. (function operator())
[rank12]:[W725 14:35:43.228115084 compiler_depend.ts:338] Warning: Cannot create tensor with interal format while allow_internel_format=False, tensor will be created with base format. (function operator())
[rank3]:[W725 14:35:43.239504789 compiler_depend.ts:338] Warning: Cannot create tensor with interal format while allow_internel_format=False, tensor will be created with base format. (function operator())
[xpu_timer.ascend] started. pid=162573 hang_timeout=60000ms slow_us=0 dump=/data/yinjinrun.p-huawei/results/ascend-ais/baseline/xputimer/contrast-p1-hw-b-20260725_143531/C0_baseline/xputimer
[rank5]:[W725 14:35:43.244125356 compiler_depend.ts:338] Warning: Cannot create tensor with interal format while allow_internel_format=False, tensor will be created with base format. (function operator())
[rank8]:[W725 14:35:43.254848465 compiler_depend.ts:338] Warning: Cannot create tensor with interal format while allow_internel_format=False, tensor will be created with base format. (function operator())
[xpu_timer.ascend] started. pid=162567 hang_timeout=60000ms slow_us=0 dump=/data/yinjinrun.p-huawei/results/ascend-ais/baseline/xputimer/contrast-p1-hw-b-20260725_143531/C0_baseline/xputimer
[rank11]:[W725 14:35:43.281137089 compiler_depend.ts:338] Warning: Cannot create tensor with interal format while allow_internel_format=False, tensor will be created with base format. (function operator())
[rank14]:[W725 14:35:43.286929370 compiler_depend.ts:338] Warning: Cannot create tensor with interal format while allow_internel_format=False, tensor will be created with base format. (function operator())
[xpu_timer.ascend] started. pid=162572 hang_timeout=60000ms slow_us=0 dump=/data/yinjinrun.p-huawei/results/ascend-ais/baseline/xputimer/contrast-p1-hw-b-20260725_143531/C0_baseline/xputimer
[xpu_timer.ascend] started. pid=162577 hang_timeout=60000ms slow_us=0 dump=/data/yinjinrun.p-huawei/results/ascend-ais/baseline/xputimer/contrast-p1-hw-b-20260725_143531/C0_baseline/xputimer
[rank7]:[W725 14:35:44.347995683 compiler_depend.ts:338] Warning: Cannot create tensor with interal format while allow_internel_format=False, tensor will be created with base format. (function operator())
[rank1]:[W725 14:35:44.363109170 compiler_depend.ts:338] Warning: Cannot create tensor with interal format while allow_internel_format=False, tensor will be created with base format. (function operator())
[rank6]:[W725 14:35:44.412895081 compiler_depend.ts:338] Warning: Cannot create tensor with interal format while allow_internel_format=False, tensor will be created with base format. (function operator())
[rank10]:[W725 14:35:44.433929514 compiler_depend.ts:338] Warning: Cannot create tensor with interal format while allow_internel_format=False, tensor will be created with base format. (function operator())
/root/miniconda3/envs/llm_test/lib/python3.10/site-packages/torch/distributed/distributed_c10d.py:4631: UserWarning: No device id is provided via `init_process_group` or `barrier `. Using the current device set by the user. 
  warnings.warn(  # warn only once
/root/miniconda3/envs/llm_test/lib/python3.10/site-packages/torch/distributed/distributed_c10d.py:4631: UserWarning: No device id is provided via `init_process_group` or `barrier `. Using the current device set by the user. 
  warnings.warn(  # warn only once
/root/miniconda3/envs/llm_test/lib/python3.10/site-packages/torch/distributed/distributed_c10d.py:4631: UserWarning: No device id is provided via `init_process_group` or `barrier `. Using the current device set by the user. 
  warnings.warn(  # warn only once
/root/miniconda3/envs/llm_test/lib/python3.10/site-packages/torch/distributed/distributed_c10d.py:4631: UserWarning: No device id is provided via `init_process_group` or `barrier `. Using the current device set by the user. 
  warnings.warn(  # warn only once
/root/miniconda3/envs/llm_test/lib/python3.10/site-packages/torch/distributed/distributed_c10d.py:4631: UserWarning: No device id is provided via `init_process_group` or `barrier `. Using the current device set by the user. 
  warnings.warn(  # warn only once
/root/miniconda3/envs/llm_test/lib/python3.10/site-packages/torch/distributed/distributed_c10d.py:4631: UserWarning: No device id is provided via `init_process_group` or `barrier `. Using the current device set by the user. 
  warnings.warn(  # warn only once
/root/miniconda3/envs/llm_test/lib/python3.10/site-packages/torch/distributed/distributed_c10d.py:4631: UserWarning: No device id is provided via `init_process_group` or `barrier `. Using the current device set by the user. 
  warnings.warn(  # warn only once
/root/miniconda3/envs/llm_test/lib/python3.10/site-packages/torch/distributed/distributed_c10d.py:4631: UserWarning: No device id is provided via `init_process_group` or `barrier `. Using the current device set by the user. 
  warnings.warn(  # warn only once
/root/miniconda3/envs/llm_test/lib/python3.10/site-packages/torch/distributed/distributed_c10d.py:4631: UserWarning: No device id is provided via `init_process_group` or `barrier `. Using the current device set by the user. 
  warnings.warn(  # warn only once
/root/miniconda3/envs/llm_test/lib/python3.10/site-packages/torch/distributed/distributed_c10d.py:4631: UserWarning: No device id is provided via `init_process_group` or `barrier `. Using the current device set by the user. 
  warnings.warn(  # warn only once
/root/miniconda3/envs/llm_test/lib/python3.10/site-packages/torch/distributed/distributed_c10d.py:4631: UserWarning: No device id is provided via `init_process_group` or `barrier `. Using the current device set by the user. 
  warnings.warn(  # warn only once
/root/miniconda3/envs/llm_test/lib/python3.10/site-packages/torch/distributed/distributed_c10d.py:4631: UserWarning: No device id is provided via `init_process_group` or `barrier `. Using the current device set by the user. 
  warnings.warn(  # warn only once
/root/miniconda3/envs/llm_test/lib/python3.10/site-packages/torch/distributed/distributed_c10d.py:4631: UserWarning: No device id is provided via `init_process_group` or `barrier `. Using the current device set by the user. 
  warnings.warn(  # warn only once
/root/miniconda3/envs/llm_test/lib/python3.10/site-packages/torch/distributed/distributed_c10d.py:4631: UserWarning: No device id is provided via `init_process_group` or `barrier `. Using the current device set by the user. 
  warnings.warn(  # warn only once
/root/miniconda3/envs/llm_test/lib/python3.10/site-packages/torch/distributed/distributed_c10d.py:4631: UserWarning: No device id is provided via `init_process_group` or `barrier `. Using the current device set by the user. 
  warnings.warn(  # warn only once
/root/miniconda3/envs/llm_test/lib/python3.10/site-packages/torch/distributed/distributed_c10d.py:4631: UserWarning: No device id is provided via `init_process_group` or `barrier `. Using the current device set by the user. 
  warnings.warn(  # warn only once
DONE world=16 out=/data/yinjinrun.p-huawei/results/ascend-ais/baseline/xputimer/contrast-p1-hw-b-20260725_143531/C0_baseline/ranks/rank_0000.jsonl
[xpu_timer.ascend] stopped. events=5056 hang_flags=0 slow_flags=0 metrics -> /data/yinjinrun.p-huawei/results/ascend-ais/baseline/xputimer/contrast-p1-hw-b-20260725_143531/C0_baseline/xputimer/ascend_metrics.rank5.pid162571.prom
[xpu_timer.ascend] stopped. events=5056 hang_flags=0 slow_flags=0 metrics -> /data/yinjinrun.p-huawei/results/ascend-ais/baseline/xputimer/contrast-p1-hw-b-20260725_143531/C0_baseline/xputimer/ascend_metrics.rank4.pid162570.prom
[xpu_timer.ascend] stopped. events=5056 hang_flags=0 slow_flags=0 metrics -> /data/yinjinrun.p-huawei/results/ascend-ais/baseline/xputimer/contrast-p1-hw-b-20260725_143531/C0_baseline/xputimer/ascend_metrics.rank10.pid162577.prom
[xpu_timer.ascend] stopped. events=5056 hang_flags=0 slow_flags=0 metrics -> /data/yinjinrun.p-huawei/results/ascend-ais/baseline/xputimer/contrast-p1-hw-b-20260725_143531/C0_baseline/xputimer/ascend_metrics.rank13.pid162580.prom
[xpu_timer.ascend] stopped. events=5056 hang_flags=0 slow_flags=0 metrics -> /data/yinjinrun.p-huawei/results/ascend-ais/baseline/xputimer/contrast-p1-hw-b-20260725_143531/C0_baseline/xputimer/ascend_metrics.rank14.pid162582.prom
[xpu_timer.ascend] stopped. events=5056 hang_flags=0 slow_flags=0 metrics -> /data/yinjinrun.p-huawei/results/ascend-ais/baseline/xputimer/contrast-p1-hw-b-20260725_143531/C0_baseline/xputimer/ascend_metrics.rank7.pid162573.prom
[xpu_timer.ascend] stopped. events=5056 hang_flags=0 slow_flags=0 metrics -> /data/yinjinrun.p-huawei/results/ascend-ais/baseline/xputimer/contrast-p1-hw-b-20260725_143531/C0_baseline/xputimer/ascend_metrics.rank1.pid162567.prom
[xpu_timer.ascend] stopped. events=5056 hang_flags=0 slow_flags=0 metrics -> /data/yinjinrun.p-huawei/results/ascend-ais/baseline/xputimer/contrast-p1-hw-b-20260725_143531/C0_baseline/xputimer/ascend_metrics.rank2.pid162568.prom
[xpu_timer.ascend] stopped. events=5056 hang_flags=0 slow_flags=0 metrics -> /data/yinjinrun.p-huawei/results/ascend-ais/baseline/xputimer/contrast-p1-hw-b-20260725_143531/C0_baseline/xputimer/ascend_metrics.rank9.pid162575.prom
[xpu_timer.ascend] stopped. events=5056 hang_flags=0 slow_flags=0 metrics -> /data/yinjinrun.p-huawei/results/ascend-ais/baseline/xputimer/contrast-p1-hw-b-20260725_143531/C0_baseline/xputimer/ascend_metrics.rank11.pid162578.prom
[xpu_timer.ascend] stopped. events=5056 hang_flags=0 slow_flags=0 metrics -> /data/yinjinrun.p-huawei/results/ascend-ais/baseline/xputimer/contrast-p1-hw-b-20260725_143531/C0_baseline/xputimer/ascend_metrics.rank8.pid162574.prom
[xpu_timer.ascend] stopped. events=5056 hang_flags=0 slow_flags=0 metrics -> /data/yinjinrun.p-huawei/results/ascend-ais/baseline/xputimer/contrast-p1-hw-b-20260725_143531/C0_baseline/xputimer/ascend_metrics.rank15.pid162583.prom
[xpu_timer.ascend] stopped. events=5056 hang_flags=0 slow_flags=0 metrics -> /data/yinjinrun.p-huawei/results/ascend-ais/baseline/xputimer/contrast-p1-hw-b-20260725_143531/C0_baseline/xputimer/ascend_metrics.rank6.pid162572.prom
[xpu_timer.ascend] stopped. events=5056 hang_flags=0 slow_flags=0 metrics -> /data/yinjinrun.p-huawei/results/ascend-ais/baseline/xputimer/contrast-p1-hw-b-20260725_143531/C0_baseline/xputimer/ascend_metrics.rank12.pid162579.prom
[xpu_timer.ascend] stopped. events=5056 hang_flags=0 slow_flags=0 metrics -> /data/yinjinrun.p-huawei/results/ascend-ais/baseline/xputimer/contrast-p1-hw-b-20260725_143531/C0_baseline/xputimer/ascend_metrics.rank3.pid162569.prom
[xpu_timer.ascend] stopped. events=5561 hang_flags=0 slow_flags=0 metrics -> /data/yinjinrun.p-huawei/results/ascend-ais/baseline/xputimer/contrast-p1-hw-b-20260725_143531/C0_baseline/xputimer/ascend_metrics.rank0.pid162566.prom
