W0725 12:02:41.977000 38974 site-packages/torch/distributed/run.py:766] 
W0725 12:02:41.977000 38974 site-packages/torch/distributed/run.py:766] *****************************************
W0725 12:02:41.977000 38974 site-packages/torch/distributed/run.py:766] Setting OMP_NUM_THREADS environment variable for each process to be 1 in default, to avoid your system being overloaded, please further tune the variable for optimal performance in your application as needed. 
W0725 12:02:41.977000 38974 site-packages/torch/distributed/run.py:766] *****************************************
[xpu_timer.ascend] started. pid=39117 hang_timeout=60000ms slow_us=0 dump=/data/yinjinrun.p-huawei/results/ascend-ais/baseline/xputimer/contrast-p3-ext-b-20260725_120235/C0_baseline/xputimer
[rank4]:[W725 12:02:48.771290396 compiler_depend.ts:338] Warning: Cannot create tensor with interal format while allow_internel_format=False, tensor will be created with base format. (function operator())
[xpu_timer.ascend] started. pid=39118 hang_timeout=60000ms slow_us=0 dump=/data/yinjinrun.p-huawei/results/ascend-ais/baseline/xputimer/contrast-p3-ext-b-20260725_120235/C0_baseline/xputimer
[rank5]:[W725 12:02:48.926132193 compiler_depend.ts:338] Warning: Cannot create tensor with interal format while allow_internel_format=False, tensor will be created with base format. (function operator())
[xpu_timer.ascend] started. pid=39114 hang_timeout=60000ms slow_us=0 dump=/data/yinjinrun.p-huawei/results/ascend-ais/baseline/xputimer/contrast-p3-ext-b-20260725_120235/C0_baseline/xputimer
[xpu_timer.ascend] started. pid=39116 hang_timeout=60000ms slow_us=0 dump=/data/yinjinrun.p-huawei/results/ascend-ais/baseline/xputimer/contrast-p3-ext-b-20260725_120235/C0_baseline/xputimer
[xpu_timer.ascend] started. pid=39122 hang_timeout=60000ms slow_us=0 dump=/data/yinjinrun.p-huawei/results/ascend-ais/baseline/xputimer/contrast-p3-ext-b-20260725_120235/C0_baseline/xputimer
[rank1]:[W725 12:02:48.146227104 compiler_depend.ts:338] Warning: Cannot create tensor with interal format while allow_internel_format=False, tensor will be created with base format. (function operator())
[rank3]:[W725 12:02:48.172483577 compiler_depend.ts:338] Warning: Cannot create tensor with interal format while allow_internel_format=False, tensor will be created with base format. (function operator())
[rank9]:[W725 12:02:48.184432964 compiler_depend.ts:338] Warning: Cannot create tensor with interal format while allow_internel_format=False, tensor will be created with base format. (function operator())
[xpu_timer.ascend] started. pid=39124 hang_timeout=60000ms slow_us=0 dump=/data/yinjinrun.p-huawei/results/ascend-ais/baseline/xputimer/contrast-p3-ext-b-20260725_120235/C0_baseline/xputimer
[xpu_timer.ascend] started. pid=39115 hang_timeout=60000ms slow_us=0 dump=/data/yinjinrun.p-huawei/results/ascend-ais/baseline/xputimer/contrast-p3-ext-b-20260725_120235/C0_baseline/xputimer
[xpu_timer.ascend] started. pid=39123 hang_timeout=60000ms slow_us=0 dump=/data/yinjinrun.p-huawei/results/ascend-ais/baseline/xputimer/contrast-p3-ext-b-20260725_120235/C0_baseline/xputimer
[xpu_timer.ascend] started. pid=39113 hang_timeout=60000ms slow_us=0 dump=/data/yinjinrun.p-huawei/results/ascend-ais/baseline/xputimer/contrast-p3-ext-b-20260725_120235/C0_baseline/xputimer
[xpu_timer.ascend] started. pid=39121 hang_timeout=60000ms slow_us=0 dump=/data/yinjinrun.p-huawei/results/ascend-ais/baseline/xputimer/contrast-p3-ext-b-20260725_120235/C0_baseline/xputimer
[rank2]:[W725 12:02:49.374382732 compiler_depend.ts:338] Warning: Cannot create tensor with interal format while allow_internel_format=False, tensor will be created with base format. (function operator())
[rank11]:[W725 12:02:49.374483986 compiler_depend.ts:338] Warning: Cannot create tensor with interal format while allow_internel_format=False, tensor will be created with base format. (function operator())
[rank10]:[W725 12:02:49.388716080 compiler_depend.ts:338] Warning: Cannot create tensor with interal format while allow_internel_format=False, tensor will be created with base format. (function operator())
[rank0]:[W725 12:02:49.396975306 compiler_depend.ts:338] Warning: Cannot create tensor with interal format while allow_internel_format=False, tensor will be created with base format. (function operator())
[xpu_timer.ascend] started. pid=39120 hang_timeout=60000ms slow_us=0 dump=/data/yinjinrun.p-huawei/results/ascend-ais/baseline/xputimer/contrast-p3-ext-b-20260725_120235/C0_baseline/xputimer
[xpu_timer.ascend] started. pid=39125 hang_timeout=60000ms slow_us=0 dump=/data/yinjinrun.p-huawei/results/ascend-ais/baseline/xputimer/contrast-p3-ext-b-20260725_120235/C0_baseline/xputimer
[rank8]:[W725 12:02:49.445405736 compiler_depend.ts:338] Warning: Cannot create tensor with interal format while allow_internel_format=False, tensor will be created with base format. (function operator())
[xpu_timer.ascend] started. pid=39128 hang_timeout=60000ms slow_us=0 dump=/data/yinjinrun.p-huawei/results/ascend-ais/baseline/xputimer/contrast-p3-ext-b-20260725_120235/C0_baseline/xputimer
[xpu_timer.ascend] started. pid=39119 hang_timeout=60000ms slow_us=0 dump=/data/yinjinrun.p-huawei/results/ascend-ais/baseline/xputimer/contrast-p3-ext-b-20260725_120235/C0_baseline/xputimer
[xpu_timer.ascend] started. pid=39127 hang_timeout=60000ms slow_us=0 dump=/data/yinjinrun.p-huawei/results/ascend-ais/baseline/xputimer/contrast-p3-ext-b-20260725_120235/C0_baseline/xputimer
[rank7]:[W725 12:02:49.523743150 compiler_depend.ts:338] Warning: Cannot create tensor with interal format while allow_internel_format=False, tensor will be created with base format. (function operator())
[xpu_timer.ascend] started. pid=39126 hang_timeout=60000ms slow_us=0 dump=/data/yinjinrun.p-huawei/results/ascend-ais/baseline/xputimer/contrast-p3-ext-b-20260725_120235/C0_baseline/xputimer
[rank12]:[W725 12:02:49.535065243 compiler_depend.ts:338] Warning: Cannot create tensor with interal format while allow_internel_format=False, tensor will be created with base format. (function operator())
[rank15]:[W725 12:02:49.562713629 compiler_depend.ts:338] Warning: Cannot create tensor with interal format while allow_internel_format=False, tensor will be created with base format. (function operator())
[rank6]:[W725 12:02:49.566703752 compiler_depend.ts:338] Warning: Cannot create tensor with interal format while allow_internel_format=False, tensor will be created with base format. (function operator())
[rank14]:[W725 12:02:49.612695759 compiler_depend.ts:338] Warning: Cannot create tensor with interal format while allow_internel_format=False, tensor will be created with base format. (function operator())
[rank13]:[W725 12:02:49.656826286 compiler_depend.ts:338] Warning: Cannot create tensor with interal format while allow_internel_format=False, tensor will be created with base format. (function operator())
/root/miniconda3/envs/llm_test/lib/python3.10/site-packages/torch/distributed/distributed_c10d.py:4631: UserWarning: No device id is provided via `init_process_group` or `barrier `. Using the current device set by the user. 
  warnings.warn(  # warn only once
/root/miniconda3/envs/llm_test/lib/python3.10/site-packages/torch/distributed/distributed_c10d.py:4631: UserWarning: No device id is provided via `init_process_group` or `barrier `. Using the current device set by the user. 
  warnings.warn(  # warn only once
/root/miniconda3/envs/llm_test/lib/python3.10/site-packages/torch/distributed/distributed_c10d.py:4631: UserWarning: No device id is provided via `init_process_group` or `barrier `. Using the current device set by the user. 
  warnings.warn(  # warn only once
/root/miniconda3/envs/llm_test/lib/python3.10/site-packages/torch/distributed/distributed_c10d.py:4631: UserWarning: No device id is provided via `init_process_group` or `barrier `. Using the current device set by the user. 
  warnings.warn(  # warn only once
/root/miniconda3/envs/llm_test/lib/python3.10/site-packages/torch/distributed/distributed_c10d.py:4631: UserWarning: No device id is provided via `init_process_group` or `barrier `. Using the current device set by the user. 
  warnings.warn(  # warn only once
/root/miniconda3/envs/llm_test/lib/python3.10/site-packages/torch/distributed/distributed_c10d.py:4631: UserWarning: No device id is provided via `init_process_group` or `barrier `. Using the current device set by the user. 
  warnings.warn(  # warn only once
/root/miniconda3/envs/llm_test/lib/python3.10/site-packages/torch/distributed/distributed_c10d.py:4631: UserWarning: No device id is provided via `init_process_group` or `barrier `. Using the current device set by the user. 
  warnings.warn(  # warn only once
/root/miniconda3/envs/llm_test/lib/python3.10/site-packages/torch/distributed/distributed_c10d.py:4631: UserWarning: No device id is provided via `init_process_group` or `barrier `. Using the current device set by the user. 
  warnings.warn(  # warn only once
/root/miniconda3/envs/llm_test/lib/python3.10/site-packages/torch/distributed/distributed_c10d.py:4631: UserWarning: No device id is provided via `init_process_group` or `barrier `. Using the current device set by the user. 
  warnings.warn(  # warn only once
/root/miniconda3/envs/llm_test/lib/python3.10/site-packages/torch/distributed/distributed_c10d.py:4631: UserWarning: No device id is provided via `init_process_group` or `barrier `. Using the current device set by the user. 
  warnings.warn(  # warn only once
/root/miniconda3/envs/llm_test/lib/python3.10/site-packages/torch/distributed/distributed_c10d.py:4631: UserWarning: No device id is provided via `init_process_group` or `barrier `. Using the current device set by the user. 
  warnings.warn(  # warn only once
/root/miniconda3/envs/llm_test/lib/python3.10/site-packages/torch/distributed/distributed_c10d.py:4631: UserWarning: No device id is provided via `init_process_group` or `barrier `. Using the current device set by the user. 
  warnings.warn(  # warn only once
/root/miniconda3/envs/llm_test/lib/python3.10/site-packages/torch/distributed/distributed_c10d.py:4631: UserWarning: No device id is provided via `init_process_group` or `barrier `. Using the current device set by the user. 
  warnings.warn(  # warn only once
/root/miniconda3/envs/llm_test/lib/python3.10/site-packages/torch/distributed/distributed_c10d.py:4631: UserWarning: No device id is provided via `init_process_group` or `barrier `. Using the current device set by the user. 
  warnings.warn(  # warn only once
/root/miniconda3/envs/llm_test/lib/python3.10/site-packages/torch/distributed/distributed_c10d.py:4631: UserWarning: No device id is provided via `init_process_group` or `barrier `. Using the current device set by the user. 
  warnings.warn(  # warn only once
/root/miniconda3/envs/llm_test/lib/python3.10/site-packages/torch/distributed/distributed_c10d.py:4631: UserWarning: No device id is provided via `init_process_group` or `barrier `. Using the current device set by the user. 
  warnings.warn(  # warn only once
DONE world=16 out=/data/yinjinrun.p-huawei/results/ascend-ais/baseline/xputimer/contrast-p3-ext-b-20260725_120235/C0_baseline/ranks/rank_0000.jsonl
[xpu_timer.ascend] stopped. events=5056 hang_flags=0 slow_flags=0 metrics -> /data/yinjinrun.p-huawei/results/ascend-ais/baseline/xputimer/contrast-p3-ext-b-20260725_120235/C0_baseline/xputimer/ascend_metrics.rank13.pid39126.prom
[xpu_timer.ascend] stopped. events=5056 hang_flags=0 slow_flags=0 metrics -> /data/yinjinrun.p-huawei/results/ascend-ais/baseline/xputimer/contrast-p3-ext-b-20260725_120235/C0_baseline/xputimer/ascend_metrics.rank4.pid39117.prom
[xpu_timer.ascend] stopped. events=5056 hang_flags=0 slow_flags=0 metrics -> /data/yinjinrun.p-huawei/results/ascend-ais/baseline/xputimer/contrast-p3-ext-b-20260725_120235/C0_baseline/xputimer/ascend_metrics.rank3.pid39116.prom
[xpu_timer.ascend] stopped. events=5056 hang_flags=0 slow_flags=0 metrics -> /data/yinjinrun.p-huawei/results/ascend-ais/baseline/xputimer/contrast-p3-ext-b-20260725_120235/C0_baseline/xputimer/ascend_metrics.rank7.pid39120.prom
[xpu_timer.ascend] stopped. events=5056 hang_flags=0 slow_flags=0 metrics -> /data/yinjinrun.p-huawei/results/ascend-ais/baseline/xputimer/contrast-p3-ext-b-20260725_120235/C0_baseline/xputimer/ascend_metrics.rank2.pid39115.prom
[xpu_timer.ascend] stopped. events=5056 hang_flags=0 slow_flags=0 metrics -> /data/yinjinrun.p-huawei/results/ascend-ais/baseline/xputimer/contrast-p3-ext-b-20260725_120235/C0_baseline/xputimer/ascend_metrics.rank14.pid39127.prom
[xpu_timer.ascend] stopped. events=5056 hang_flags=0 slow_flags=0 metrics -> /data/yinjinrun.p-huawei/results/ascend-ais/baseline/xputimer/contrast-p3-ext-b-20260725_120235/C0_baseline/xputimer/ascend_metrics.rank12.pid39125.prom
[xpu_timer.ascend] stopped. events=5056 hang_flags=0 slow_flags=0 metrics -> /data/yinjinrun.p-huawei/results/ascend-ais/baseline/xputimer/contrast-p3-ext-b-20260725_120235/C0_baseline/xputimer/ascend_metrics.rank10.pid39123.prom
[xpu_timer.ascend] stopped. events=5056 hang_flags=0 slow_flags=0 metrics -> /data/yinjinrun.p-huawei/results/ascend-ais/baseline/xputimer/contrast-p3-ext-b-20260725_120235/C0_baseline/xputimer/ascend_metrics.rank9.pid39122.prom
[xpu_timer.ascend] stopped. events=7581 hang_flags=0 slow_flags=0 metrics -> /data/yinjinrun.p-huawei/results/ascend-ais/baseline/xputimer/contrast-p3-ext-b-20260725_120235/C0_baseline/xputimer/ascend_metrics.rank0.pid39113.prom
[xpu_timer.ascend] stopped. events=5056 hang_flags=0 slow_flags=0 metrics -> /data/yinjinrun.p-huawei/results/ascend-ais/baseline/xputimer/contrast-p3-ext-b-20260725_120235/C0_baseline/xputimer/ascend_metrics.rank11.pid39124.prom
[xpu_timer.ascend] stopped. events=5056 hang_flags=0 slow_flags=0 metrics -> /data/yinjinrun.p-huawei/results/ascend-ais/baseline/xputimer/contrast-p3-ext-b-20260725_120235/C0_baseline/xputimer/ascend_metrics.rank8.pid39121.prom
[xpu_timer.ascend] stopped. events=5056 hang_flags=0 slow_flags=0 metrics -> /data/yinjinrun.p-huawei/results/ascend-ais/baseline/xputimer/contrast-p3-ext-b-20260725_120235/C0_baseline/xputimer/ascend_metrics.rank6.pid39119.prom
[xpu_timer.ascend] stopped. events=5056 hang_flags=0 slow_flags=0 metrics -> /data/yinjinrun.p-huawei/results/ascend-ais/baseline/xputimer/contrast-p3-ext-b-20260725_120235/C0_baseline/xputimer/ascend_metrics.rank1.pid39114.prom
[xpu_timer.ascend] stopped. events=5056 hang_flags=0 slow_flags=0 metrics -> /data/yinjinrun.p-huawei/results/ascend-ais/baseline/xputimer/contrast-p3-ext-b-20260725_120235/C0_baseline/xputimer/ascend_metrics.rank5.pid39118.prom
[xpu_timer.ascend] stopped. events=5056 hang_flags=0 slow_flags=0 metrics -> /data/yinjinrun.p-huawei/results/ascend-ais/baseline/xputimer/contrast-p3-ext-b-20260725_120235/C0_baseline/xputimer/ascend_metrics.rank15.pid39128.prom
