stress-ng: info:  [22315] setting to a 900 second (15 mins, 0.00 secs) run per stressor
stress-ng: info:  [22315] dispatching hogs: 256 cpu
stress-ng: info:  [22317] stress-ng-cpu: CPU affinity probably set, this can affect CPU loading
stress-ng: error: [22315] process 22317 (stress-ng-cpu) terminated with an error, exit status=5 (killed by signal)
stress-ng: error: [22315] process 22318 (stress-ng-cpu) terminated with an error, exit status=5 (killed by signal)
stress-ng: error: [22315] process 22319 (stress-ng-cpu) terminated with an error, exit status=5 (killed by signal)
stress-ng: error: [22315] process 22320 (stress-ng-cpu) terminated with an error, exit status=5 (killed by signal)
stress-ng: error: [22315] process 22321 (stress-ng-cpu) terminated with an error, exit status=5 (killed by signal)
stress-ng: error: [22315] process 22322 (stress-ng-cpu) terminated with an error, exit status=5 (killed by signal)
stress-ng: error: [22315] process 22323 (stress-ng-cpu) terminated with an error, exit status=5 (killed by signal)
stress-ng: error: [22315] process 22324 (stress-ng-cpu) terminated with an error, exit status=5 (killed by signal)
stress-ng: error: [22315] process 22325 (stress-ng-cpu) terminated with an error, exit status=5 (killed by signal)
stress-ng: error: [22315] process 22326 (stress-ng-cpu) terminated with an error, exit status=5 (killed by signal)
stress-ng: error: [22315] process 22327 (stress-ng-cpu) terminated with an error, exit status=5 (killed by signal)
stress-ng: error: [22315] process 22328 (stress-ng-cpu) terminated with an error, exit status=5 (killed by signal)
stress-ng: error: [22315] process 22329 (stress-ng-cpu) terminated with an error, exit status=5 (killed by signal)
stress-ng: error: [22315] process 22330 (stress-ng-cpu) terminated with an error, exit status=5 (killed by signal)
stress-ng: error: [22315] process 22331 (stress-ng-cpu) terminated with an error, exit status=5 (killed by signal)
stress-ng: error: [22315] process 22332 (stress-ng-cpu) terminated with an error, exit status=5 (killed by signal)
stress-ng: error: [22315] process 22333 (stress-ng-cpu) terminated with an error, exit status=5 (killed by signal)
stress-ng: error: [22315] process 22334 (stress-ng-cpu) terminated with an error, exit status=5 (killed by signal)
stress-ng: error: [22315] process 22335 (stress-ng-cpu) terminated with an error, exit status=5 (killed by signal)
stress-ng: error: [22315] process 22336 (stress-ng-cpu) terminated with an error, exit status=5 (killed by signal)
stress-ng: error: [22315] process 22337 (stress-ng-cpu) terminated with an error, exit status=5 (killed by signal)
stress-ng: error: [22315] process 22338 (stress-ng-cpu) terminated with an error, exit status=5 (killed by signal)
stress-ng: error: [22315] process 22339 (stress-ng-cpu) terminated with an error, exit status=5 (killed by signal)
stress-ng: error: [22315] process 22340 (stress-ng-cpu) terminated with an error, exit status=5 (killed by signal)
stress-ng: error: [22315] process 22341 (stress-ng-cpu) terminated with an error, exit status=5 (killed by signal)
stress-ng: error: [22315] process 22342 (stress-ng-cpu) terminated with an error, exit status=5 (killed by signal)
stress-ng: error: [22315] process 22343 (stress-ng-cpu) terminated with an error, exit status=5 (killed by signal)
stress-ng: error: [22315] process 22344 (stress-ng-cpu) terminated with an error, exit status=5 (killed by signal)
stress-ng: error: [22315] process 22345 (stress-ng-cpu) terminated with an error, exit status=5 (killed by signal)
stress-ng: error: [22315] process 22346 (stress-ng-cpu) terminated with an error, exit status=5 (killed by signal)
stress-ng: error: [22315] process 22347 (stress-ng-cpu) terminated with an error, exit status=5 (killed by signal)
stress-ng: error: [22315] process 22348 (stress-ng-cpu) terminated with an error, exit status=5 (killed by signal)
stress-ng: error: [22315] process 22349 (stress-ng-cpu) terminated with an error, exit status=5 (killed by signal)
stress-ng: error: [22315] process 22350 (stress-ng-cpu) terminated with an error, exit status=5 (killed by signal)
stress-ng: error: [22315] process 22351 (stress-ng-cpu) terminated with an error, exit status=5 (killed by signal)
stress-ng: error: [22315] process 22352 (stress-ng-cpu) terminated with an error, exit status=5 (killed by signal)
stress-ng: error: [22315] process 22353 (stress-ng-cpu) terminated with an error, exit status=5 (killed by signal)
stress-ng: error: [22315] process 22354 (stress-ng-cpu) terminated with an error, exit status=5 (killed by signal)
stress-ng: error: [22315] process 22355 (stress-ng-cpu) terminated with an error, exit status=5 (killed by signal)
stress-ng: error: [22315] process 22356 (stress-ng-cpu) terminated with an error, exit status=5 (killed by signal)
stress-ng: error: [22315] process 22357 (stress-ng-cpu) terminated with an error, exit status=5 (killed by signal)
stress-ng: error: [22315] process 22358 (stress-ng-cpu) terminated with an error, exit status=5 (killed by signal)
stress-ng: error: [22315] process 22359 (stress-ng-cpu) terminated with an error, exit status=5 (killed by signal)
stress-ng: error: [22315] process 22360 (stress-ng-cpu) terminated with an error, exit status=5 (killed by signal)
stress-ng: error: [22315] process 22361 (stress-ng-cpu) terminated with an error, exit status=5 (killed by signal)
stress-ng: error: [22315] process 22362 (stress-ng-cpu) terminated with an error, exit status=5 (killed by signal)
stress-ng: error: [22315] process 22363 (stress-ng-cpu) terminated with an error, exit status=5 (killed by signal)
stress-ng: error: [22315] process 22364 (stress-ng-cpu) terminated with an error, exit status=5 (killed by signal)
stress-ng: error: [22315] process 22365 (stress-ng-cpu) terminated with an error, exit status=5 (killed by signal)
stress-ng: error: [22315] process 22366 (stress-ng-cpu) terminated with an error, exit status=5 (killed by signal)
stress-ng: error: [22315] process 22367 (stress-ng-cpu) terminated with an error, exit status=5 (killed by signal)
stress-ng: error: [22315] process 22368 (stress-ng-cpu) terminated with an error, exit status=5 (killed by signal)
stress-ng: error: [22315] process 22369 (stress-ng-cpu) terminated with an error, exit status=5 (killed by signal)
stress-ng: error: [22315] process 22370 (stress-ng-cpu) terminated with an error, exit status=5 (killed by signal)
stress-ng: error: [22315] process 22371 (stress-ng-cpu) terminated with an error, exit status=5 (killed by signal)
stress-ng: error: [22315] process 22372 (stress-ng-cpu) terminated with an error, exit status=5 (killed by signal)
stress-ng: error: [22315] process 22373 (stress-ng-cpu) terminated with an error, exit status=5 (killed by signal)
stress-ng: error: [22315] process 22374 (stress-ng-cpu) terminated with an error, exit status=5 (killed by signal)
stress-ng: error: [22315] process 22375 (stress-ng-cpu) terminated with an error, exit status=5 (killed by signal)
stress-ng: error: [22315] process 22376 (stress-ng-cpu) terminated with an error, exit status=5 (killed by signal)
stress-ng: error: [22315] process 22377 (stress-ng-cpu) terminated with an error, exit status=5 (killed by signal)
stress-ng: error: [22315] process 22378 (stress-ng-cpu) terminated with an error, exit status=5 (killed by signal)
stress-ng: error: [22315] process 22379 (stress-ng-cpu) terminated with an error, exit status=5 (killed by signal)
stress-ng: error: [22315] process 22380 (stress-ng-cpu) terminated with an error, exit status=5 (killed by signal)
stress-ng: error: [22315] process 22381 (stress-ng-cpu) terminated with an error, exit status=5 (killed by signal)
stress-ng: error: [22315] process 22382 (stress-ng-cpu) terminated with an error, exit status=5 (killed by signal)
stress-ng: error: [22315] process 22383 (stress-ng-cpu) terminated with an error, exit status=5 (killed by signal)
stress-ng: error: [22315] process 22384 (stress-ng-cpu) terminated with an error, exit status=5 (killed by signal)
stress-ng: error: [22315] process 22385 (stress-ng-cpu) terminated with an error, exit status=5 (killed by signal)
stress-ng: error: [22315] process 22386 (stress-ng-cpu) terminated with an error, exit status=5 (killed by signal)
stress-ng: error: [22315] process 22387 (stress-ng-cpu) terminated with an error, exit status=5 (killed by signal)
stress-ng: error: [22315] process 22388 (stress-ng-cpu) terminated with an error, exit status=5 (killed by signal)
stress-ng: error: [22315] process 22389 (stress-ng-cpu) terminated with an error, exit status=5 (killed by signal)
stress-ng: error: [22315] process 22390 (stress-ng-cpu) terminated with an error, exit status=5 (killed by signal)
stress-ng: error: [22315] process 22391 (stress-ng-cpu) terminated with an error, exit status=5 (killed by signal)
stress-ng: error: [22315] process 22392 (stress-ng-cpu) terminated with an error, exit status=5 (killed by signal)
stress-ng: error: [22315] process 22393 (stress-ng-cpu) terminated with an error, exit status=5 (killed by signal)
stress-ng: error: [22315] process 22394 (stress-ng-cpu) terminated with an error, exit status=5 (killed by signal)
stress-ng: error: [22315] process 22395 (stress-ng-cpu) terminated with an error, exit status=5 (killed by signal)
stress-ng: error: [22315] process 22396 (stress-ng-cpu) terminated with an error, exit status=5 (killed by signal)
stress-ng: error: [22315] process 22397 (stress-ng-cpu) terminated with an error, exit status=5 (killed by signal)
stress-ng: error: [22315] process 22398 (stress-ng-cpu) terminated with an error, exit status=5 (killed by signal)
stress-ng: error: [22315] process 22399 (stress-ng-cpu) terminated with an error, exit status=5 (killed by signal)
stress-ng: error: [22315] process 22400 (stress-ng-cpu) terminated with an error, exit status=5 (killed by signal)
stress-ng: error: [22315] process 22401 (stress-ng-cpu) terminated with an error, exit status=5 (killed by signal)
stress-ng: error: [22315] process 22402 (stress-ng-cpu) terminated with an error, exit status=5 (killed by signal)
stress-ng: error: [22315] process 22403 (stress-ng-cpu) terminated with an error, exit status=5 (killed by signal)
stress-ng: error: [22315] process 22404 (stress-ng-cpu) terminated with an error, exit status=5 (killed by signal)
stress-ng: error: [22315] process 22405 (stress-ng-cpu) terminated with an error, exit status=5 (killed by signal)
stress-ng: error: [22315] process 22406 (stress-ng-cpu) terminated with an error, exit status=5 (killed by signal)
stress-ng: error: [22315] process 22407 (stress-ng-cpu) terminated with an error, exit status=5 (killed by signal)
stress-ng: error: [22315] process 22408 (stress-ng-cpu) terminated with an error, exit status=5 (killed by signal)
stress-ng: error: [22315] process 22409 (stress-ng-cpu) terminated with an error, exit status=5 (killed by signal)
stress-ng: error: [22315] process 22410 (stress-ng-cpu) terminated with an error, exit status=5 (killed by signal)
stress-ng: error: [22315] process 22411 (stress-ng-cpu) terminated with an error, exit status=5 (killed by signal)
stress-ng: error: [22315] process 22412 (stress-ng-cpu) terminated with an error, exit status=5 (killed by signal)
stress-ng: error: [22315] process 22413 (stress-ng-cpu) terminated with an error, exit status=5 (killed by signal)
stress-ng: error: [22315] process 22414 (stress-ng-cpu) terminated with an error, exit status=5 (killed by signal)
stress-ng: error: [22315] process 22415 (stress-ng-cpu) terminated with an error, exit status=5 (killed by signal)
stress-ng: error: [22315] process 22416 (stress-ng-cpu) terminated with an error, exit status=5 (killed by signal)
stress-ng: error: [22315] process 22417 (stress-ng-cpu) terminated with an error, exit status=5 (killed by signal)
stress-ng: error: [22315] process 22418 (stress-ng-cpu) terminated with an error, exit status=5 (killed by signal)
stress-ng: error: [22315] process 22419 (stress-ng-cpu) terminated with an error, exit status=5 (killed by signal)
stress-ng: error: [22315] process 22420 (stress-ng-cpu) terminated with an error, exit status=5 (killed by signal)
stress-ng: error: [22315] process 22421 (stress-ng-cpu) terminated with an error, exit status=5 (killed by signal)
stress-ng: error: [22315] process 22422 (stress-ng-cpu) terminated with an error, exit status=5 (killed by signal)
stress-ng: error: [22315] process 22423 (stress-ng-cpu) terminated with an error, exit status=5 (killed by signal)
stress-ng: error: [22315] process 22424 (stress-ng-cpu) terminated with an error, exit status=5 (killed by signal)
stress-ng: error: [22315] process 22425 (stress-ng-cpu) terminated with an error, exit status=5 (killed by signal)
stress-ng: error: [22315] process 22426 (stress-ng-cpu) terminated with an error, exit status=5 (killed by signal)
stress-ng: error: [22315] process 22427 (stress-ng-cpu) terminated with an error, exit status=5 (killed by signal)
stress-ng: error: [22315] process 22428 (stress-ng-cpu) terminated with an error, exit status=5 (killed by signal)
stress-ng: error: [22315] process 22429 (stress-ng-cpu) terminated with an error, exit status=5 (killed by signal)
stress-ng: error: [22315] process 22430 (stress-ng-cpu) terminated with an error, exit status=5 (killed by signal)
stress-ng: error: [22315] process 22431 (stress-ng-cpu) terminated with an error, exit status=5 (killed by signal)
stress-ng: error: [22315] process 22432 (stress-ng-cpu) terminated with an error, exit status=5 (killed by signal)
stress-ng: error: [22315] process 22433 (stress-ng-cpu) terminated with an error, exit status=5 (killed by signal)
stress-ng: error: [22315] process 22434 (stress-ng-cpu) terminated with an error, exit status=5 (killed by signal)
stress-ng: error: [22315] process 22435 (stress-ng-cpu) terminated with an error, exit status=5 (killed by signal)
stress-ng: error: [22315] process 22436 (stress-ng-cpu) terminated with an error, exit status=5 (killed by signal)
stress-ng: error: [22315] process 22437 (stress-ng-cpu) terminated with an error, exit status=5 (killed by signal)
stress-ng: error: [22315] process 22438 (stress-ng-cpu) terminated with an error, exit status=5 (killed by signal)
stress-ng: error: [22315] process 22439 (stress-ng-cpu) terminated with an error, exit status=5 (killed by signal)
stress-ng: error: [22315] process 22440 (stress-ng-cpu) terminated with an error, exit status=5 (killed by signal)
stress-ng: error: [22315] process 22441 (stress-ng-cpu) terminated with an error, exit status=5 (killed by signal)
stress-ng: error: [22315] process 22442 (stress-ng-cpu) terminated with an error, exit status=5 (killed by signal)
stress-ng: error: [22315] process 22443 (stress-ng-cpu) terminated with an error, exit status=5 (killed by signal)
stress-ng: error: [22315] process 22444 (stress-ng-cpu) terminated with an error, exit status=5 (killed by signal)
stress-ng: error: [22315] process 22445 (stress-ng-cpu) terminated with an error, exit status=5 (killed by signal)
stress-ng: error: [22315] process 22446 (stress-ng-cpu) terminated with an error, exit status=5 (killed by signal)
stress-ng: error: [22315] process 22447 (stress-ng-cpu) terminated with an error, exit status=5 (killed by signal)
stress-ng: error: [22315] process 22448 (stress-ng-cpu) terminated with an error, exit status=5 (killed by signal)
stress-ng: error: [22315] process 22449 (stress-ng-cpu) terminated with an error, exit status=5 (killed by signal)
stress-ng: error: [22315] process 22450 (stress-ng-cpu) terminated with an error, exit status=5 (killed by signal)
stress-ng: error: [22315] process 22451 (stress-ng-cpu) terminated with an error, exit status=5 (killed by signal)
stress-ng: error: [22315] process 22452 (stress-ng-cpu) terminated with an error, exit status=5 (killed by signal)
stress-ng: error: [22315] process 22453 (stress-ng-cpu) terminated with an error, exit status=5 (killed by signal)
stress-ng: error: [22315] process 22454 (stress-ng-cpu) terminated with an error, exit status=5 (killed by signal)
stress-ng: error: [22315] process 22455 (stress-ng-cpu) terminated with an error, exit status=5 (killed by signal)
stress-ng: error: [22315] process 22456 (stress-ng-cpu) terminated with an error, exit status=5 (killed by signal)
stress-ng: error: [22315] process 22457 (stress-ng-cpu) terminated with an error, exit status=5 (killed by signal)
stress-ng: error: [22315] process 22458 (stress-ng-cpu) terminated with an error, exit status=5 (killed by signal)
stress-ng: error: [22315] process 22459 (stress-ng-cpu) terminated with an error, exit status=5 (killed by signal)
stress-ng: error: [22315] process 22460 (stress-ng-cpu) terminated with an error, exit status=5 (killed by signal)
stress-ng: error: [22315] process 22461 (stress-ng-cpu) terminated with an error, exit status=5 (killed by signal)
stress-ng: error: [22315] process 22462 (stress-ng-cpu) terminated with an error, exit status=5 (killed by signal)
stress-ng: error: [22315] process 22463 (stress-ng-cpu) terminated with an error, exit status=5 (killed by signal)
stress-ng: error: [22315] process 22464 (stress-ng-cpu) terminated with an error, exit status=5 (killed by signal)
stress-ng: error: [22315] process 22465 (stress-ng-cpu) terminated with an error, exit status=5 (killed by signal)
stress-ng: error: [22315] process 22466 (stress-ng-cpu) terminated with an error, exit status=5 (killed by signal)
stress-ng: error: [22315] process 22467 (stress-ng-cpu) terminated with an error, exit status=5 (killed by signal)
stress-ng: error: [22315] process 22468 (stress-ng-cpu) terminated with an error, exit status=5 (killed by signal)
stress-ng: error: [22315] process 22469 (stress-ng-cpu) terminated with an error, exit status=5 (killed by signal)
stress-ng: error: [22315] process 22470 (stress-ng-cpu) terminated with an error, exit status=5 (killed by signal)
stress-ng: error: [22315] process 22471 (stress-ng-cpu) terminated with an error, exit status=5 (killed by signal)
stress-ng: error: [22315] process 22472 (stress-ng-cpu) terminated with an error, exit status=5 (killed by signal)
stress-ng: error: [22315] process 22473 (stress-ng-cpu) terminated with an error, exit status=5 (killed by signal)
stress-ng: error: [22315] process 22474 (stress-ng-cpu) terminated with an error, exit status=5 (killed by signal)
stress-ng: error: [22315] process 22475 (stress-ng-cpu) terminated with an error, exit status=5 (killed by signal)
stress-ng: error: [22315] process 22476 (stress-ng-cpu) terminated with an error, exit status=5 (killed by signal)
stress-ng: error: [22315] process 22477 (stress-ng-cpu) terminated with an error, exit status=5 (killed by signal)
stress-ng: error: [22315] process 22478 (stress-ng-cpu) terminated with an error, exit status=5 (killed by signal)
stress-ng: error: [22315] process 22479 (stress-ng-cpu) terminated with an error, exit status=5 (killed by signal)
stress-ng: error: [22315] process 22480 (stress-ng-cpu) terminated with an error, exit status=5 (killed by signal)
stress-ng: error: [22315] process 22481 (stress-ng-cpu) terminated with an error, exit status=5 (killed by signal)
stress-ng: error: [22315] process 22482 (stress-ng-cpu) terminated with an error, exit status=5 (killed by signal)
stress-ng: error: [22315] process 22483 (stress-ng-cpu) terminated with an error, exit status=5 (killed by signal)
stress-ng: error: [22315] process 22484 (stress-ng-cpu) terminated with an error, exit status=5 (killed by signal)
stress-ng: error: [22315] process 22485 (stress-ng-cpu) terminated with an error, exit status=5 (killed by signal)
stress-ng: error: [22315] process 22486 (stress-ng-cpu) terminated with an error, exit status=5 (killed by signal)
stress-ng: error: [22315] process 22487 (stress-ng-cpu) terminated with an error, exit status=5 (killed by signal)
stress-ng: error: [22315] process 22488 (stress-ng-cpu) terminated with an error, exit status=5 (killed by signal)
stress-ng: error: [22315] process 22489 (stress-ng-cpu) terminated with an error, exit status=5 (killed by signal)
stress-ng: error: [22315] process 22490 (stress-ng-cpu) terminated with an error, exit status=5 (killed by signal)
stress-ng: error: [22315] process 22491 (stress-ng-cpu) terminated with an error, exit status=5 (killed by signal)
stress-ng: error: [22315] process 22492 (stress-ng-cpu) terminated with an error, exit status=5 (killed by signal)
stress-ng: error: [22315] process 22493 (stress-ng-cpu) terminated with an error, exit status=5 (killed by signal)
stress-ng: error: [22315] process 22494 (stress-ng-cpu) terminated with an error, exit status=5 (killed by signal)
stress-ng: error: [22315] process 22495 (stress-ng-cpu) terminated with an error, exit status=5 (killed by signal)
stress-ng: error: [22315] process 22496 (stress-ng-cpu) terminated with an error, exit status=5 (killed by signal)
stress-ng: error: [22315] process 22497 (stress-ng-cpu) terminated with an error, exit status=5 (killed by signal)
stress-ng: error: [22315] process 22498 (stress-ng-cpu) terminated with an error, exit status=5 (killed by signal)
stress-ng: error: [22315] process 22499 (stress-ng-cpu) terminated with an error, exit status=5 (killed by signal)
stress-ng: error: [22315] process 22500 (stress-ng-cpu) terminated with an error, exit status=5 (killed by signal)
stress-ng: error: [22315] process 22501 (stress-ng-cpu) terminated with an error, exit status=5 (killed by signal)
stress-ng: error: [22315] process 22502 (stress-ng-cpu) terminated with an error, exit status=5 (killed by signal)
stress-ng: error: [22315] process 22503 (stress-ng-cpu) terminated with an error, exit status=5 (killed by signal)
stress-ng: error: [22315] process 22504 (stress-ng-cpu) terminated with an error, exit status=5 (killed by signal)
stress-ng: error: [22315] process 22505 (stress-ng-cpu) terminated with an error, exit status=5 (killed by signal)
stress-ng: error: [22315] process 22506 (stress-ng-cpu) terminated with an error, exit status=5 (killed by signal)
stress-ng: error: [22315] process 22507 (stress-ng-cpu) terminated with an error, exit status=5 (killed by signal)
stress-ng: error: [22315] process 22508 (stress-ng-cpu) terminated with an error, exit status=5 (killed by signal)
stress-ng: error: [22315] process 22509 (stress-ng-cpu) terminated with an error, exit status=5 (killed by signal)
stress-ng: error: [22315] process 22510 (stress-ng-cpu) terminated with an error, exit status=5 (killed by signal)
stress-ng: error: [22315] process 22511 (stress-ng-cpu) terminated with an error, exit status=5 (killed by signal)
stress-ng: error: [22315] process 22512 (stress-ng-cpu) terminated with an error, exit status=5 (killed by signal)
stress-ng: error: [22315] process 22513 (stress-ng-cpu) terminated with an error, exit status=5 (killed by signal)
stress-ng: error: [22315] process 22514 (stress-ng-cpu) terminated with an error, exit status=5 (killed by signal)
stress-ng: error: [22315] process 22515 (stress-ng-cpu) terminated with an error, exit status=5 (killed by signal)
stress-ng: error: [22315] process 22516 (stress-ng-cpu) terminated with an error, exit status=5 (killed by signal)
stress-ng: error: [22315] process 22517 (stress-ng-cpu) terminated with an error, exit status=5 (killed by signal)
stress-ng: error: [22315] process 22518 (stress-ng-cpu) terminated with an error, exit status=5 (killed by signal)
stress-ng: error: [22315] process 22519 (stress-ng-cpu) terminated with an error, exit status=5 (killed by signal)
stress-ng: error: [22315] process 22520 (stress-ng-cpu) terminated with an error, exit status=5 (killed by signal)
stress-ng: error: [22315] process 22521 (stress-ng-cpu) terminated with an error, exit status=5 (killed by signal)
stress-ng: error: [22315] process 22522 (stress-ng-cpu) terminated with an error, exit status=5 (killed by signal)
stress-ng: error: [22315] process 22523 (stress-ng-cpu) terminated with an error, exit status=5 (killed by signal)
stress-ng: error: [22315] process 22524 (stress-ng-cpu) terminated with an error, exit status=5 (killed by signal)
stress-ng: error: [22315] process 22525 (stress-ng-cpu) terminated with an error, exit status=5 (killed by signal)
stress-ng: error: [22315] process 22526 (stress-ng-cpu) terminated with an error, exit status=5 (killed by signal)
stress-ng: error: [22315] process 22527 (stress-ng-cpu) terminated with an error, exit status=5 (killed by signal)
stress-ng: error: [22315] process 22528 (stress-ng-cpu) terminated with an error, exit status=5 (killed by signal)
stress-ng: error: [22315] process 22529 (stress-ng-cpu) terminated with an error, exit status=5 (killed by signal)
stress-ng: error: [22315] process 22530 (stress-ng-cpu) terminated with an error, exit status=5 (killed by signal)
stress-ng: error: [22315] process 22531 (stress-ng-cpu) terminated with an error, exit status=5 (killed by signal)
stress-ng: error: [22315] process 22532 (stress-ng-cpu) terminated with an error, exit status=5 (killed by signal)
stress-ng: error: [22315] process 22533 (stress-ng-cpu) terminated with an error, exit status=5 (killed by signal)
stress-ng: error: [22315] process 22534 (stress-ng-cpu) terminated with an error, exit status=5 (killed by signal)
stress-ng: error: [22315] process 22535 (stress-ng-cpu) terminated with an error, exit status=5 (killed by signal)
stress-ng: error: [22315] process 22536 (stress-ng-cpu) terminated with an error, exit status=5 (killed by signal)
stress-ng: error: [22315] process 22537 (stress-ng-cpu) terminated with an error, exit status=5 (killed by signal)
stress-ng: error: [22315] process 22538 (stress-ng-cpu) terminated with an error, exit status=5 (killed by signal)
stress-ng: error: [22315] process 22539 (stress-ng-cpu) terminated with an error, exit status=5 (killed by signal)
stress-ng: error: [22315] process 22540 (stress-ng-cpu) terminated with an error, exit status=5 (killed by signal)
stress-ng: error: [22315] process 22541 (stress-ng-cpu) terminated with an error, exit status=5 (killed by signal)
stress-ng: error: [22315] process 22542 (stress-ng-cpu) terminated with an error, exit status=5 (killed by signal)
stress-ng: error: [22315] process 22543 (stress-ng-cpu) terminated with an error, exit status=5 (killed by signal)
stress-ng: error: [22315] process 22544 (stress-ng-cpu) terminated with an error, exit status=5 (killed by signal)
stress-ng: error: [22315] process 22545 (stress-ng-cpu) terminated with an error, exit status=5 (killed by signal)
stress-ng: error: [22315] process 22546 (stress-ng-cpu) terminated with an error, exit status=5 (killed by signal)
stress-ng: error: [22315] process 22547 (stress-ng-cpu) terminated with an error, exit status=5 (killed by signal)
stress-ng: error: [22315] process 22548 (stress-ng-cpu) terminated with an error, exit status=5 (killed by signal)
stress-ng: error: [22315] process 22549 (stress-ng-cpu) terminated with an error, exit status=5 (killed by signal)
stress-ng: error: [22315] process 22550 (stress-ng-cpu) terminated with an error, exit status=5 (killed by signal)
stress-ng: error: [22315] process 22551 (stress-ng-cpu) terminated with an error, exit status=5 (killed by signal)
stress-ng: error: [22315] process 22552 (stress-ng-cpu) terminated with an error, exit status=5 (killed by signal)
stress-ng: error: [22315] process 22553 (stress-ng-cpu) terminated with an error, exit status=5 (killed by signal)
stress-ng: error: [22315] process 22554 (stress-ng-cpu) terminated with an error, exit status=5 (killed by signal)
stress-ng: error: [22315] process 22555 (stress-ng-cpu) terminated with an error, exit status=5 (killed by signal)
stress-ng: error: [22315] process 22556 (stress-ng-cpu) terminated with an error, exit status=5 (killed by signal)
stress-ng: error: [22315] process 22557 (stress-ng-cpu) terminated with an error, exit status=5 (killed by signal)
stress-ng: error: [22315] process 22558 (stress-ng-cpu) terminated with an error, exit status=5 (killed by signal)
stress-ng: error: [22315] process 22559 (stress-ng-cpu) terminated with an error, exit status=5 (killed by signal)
stress-ng: error: [22315] process 22560 (stress-ng-cpu) terminated with an error, exit status=5 (killed by signal)
stress-ng: error: [22315] process 22561 (stress-ng-cpu) terminated with an error, exit status=5 (killed by signal)
stress-ng: error: [22315] process 22562 (stress-ng-cpu) terminated with an error, exit status=5 (killed by signal)
stress-ng: error: [22315] process 22563 (stress-ng-cpu) terminated with an error, exit status=5 (killed by signal)
stress-ng: error: [22315] process 22564 (stress-ng-cpu) terminated with an error, exit status=5 (killed by signal)
stress-ng: error: [22315] process 22565 (stress-ng-cpu) terminated with an error, exit status=5 (killed by signal)
stress-ng: error: [22315] process 22566 (stress-ng-cpu) terminated with an error, exit status=5 (killed by signal)
stress-ng: error: [22315] process 22567 (stress-ng-cpu) terminated with an error, exit status=5 (killed by signal)
stress-ng: error: [22315] process 22568 (stress-ng-cpu) terminated with an error, exit status=5 (killed by signal)
stress-ng: error: [22315] process 22569 (stress-ng-cpu) terminated with an error, exit status=5 (killed by signal)
stress-ng: error: [22315] process 22570 (stress-ng-cpu) terminated with an error, exit status=5 (killed by signal)
stress-ng: error: [22315] process 22571 (stress-ng-cpu) terminated with an error, exit status=5 (killed by signal)
stress-ng: error: [22315] process 22572 (stress-ng-cpu) terminated with an error, exit status=5 (killed by signal)
stress-ng: info:  [22315] unsuccessful run completed in 38.30s
SIDECAR_STOP
