W0724 11:56:35.579000 188540 site-packages/torch/distributed/run.py:792] 
W0724 11:56:35.579000 188540 site-packages/torch/distributed/run.py:792] *****************************************
W0724 11:56:35.579000 188540 site-packages/torch/distributed/run.py:792] Setting OMP_NUM_THREADS environment variable for each process to be 1 in default, to avoid your system being overloaded, please further tune the variable for optimal performance in your application as needed. 
W0724 11:56:35.579000 188540 site-packages/torch/distributed/run.py:792] *****************************************
Activating probing in 'nested' mode (all child processes)
Activating probing in 'nested' mode (all child processes)Activating probing in 'nested' mode (all child processes)

Activating probing in 'nested' mode (all child processes)Activating probing in 'nested' mode (all child processes)

Activating probing in 'nested' mode (all child processes)
Activating probing in 'nested' mode (all child processes)
Activating probing in 'nested' mode (all child processes)
[11:56:37.691][MCR][E]mc_device.cpp            :428 : Signal SIGUSR2 already has a custom handler, will not overwrite it!
[11:56:37.714][MCR][E]mc_device.cpp            :428 : Signal SIGUSR2 already has a custom handler, will not overwrite it!
[11:56:37.729][MCR][E]mc_device.cpp            :428 : Signal SIGUSR2 already has a custom handler, will not overwrite it!
[11:56:37.750][MCR][E]mc_device.cpp            :428 : Signal SIGUSR2 already has a custom handler, will not overwrite it!
[11:56:37.756][MCR][E]mc_device.cpp            :428 : Signal SIGUSR2 already has a custom handler, will not overwrite it!
[11:56:37.763][MCR][E]mc_device.cpp            :428 : Signal SIGUSR2 already has a custom handler, will not overwrite it!
[11:56:37.767][MCR][E]mc_device.cpp            :428 : Signal SIGUSR2 already has a custom handler, will not overwrite it!
[11:56:37.835][MCR][E]mc_device.cpp            :428 : Signal SIGUSR2 already has a custom handler, will not overwrite it!
yjr-fs-h14411:188615:188615 [5] MCCL INFO /root/mxlog/mccl/mccl.188615.2026_07_24_11_56_43.log
yjr-fs-h14411:188617:188617 [7] MCCL INFO yjr-fs-h14411:188613:188613 [3] MCCL INFO /root/mxlog/mccl/mccl.188617.2026_07_24_11_56_43.log/root/mxlog/mccl/mccl.188613.2026_07_24_11_56_43.log

yjr-fs-h14411:188616:188616 [6] MCCL INFO /root/mxlog/mccl/mccl.188616.2026_07_24_11_56_43.log
yjr-fs-h14411:188610:188610 [0] MCCL INFO /root/mxlog/mccl/mccl.188610.2026_07_24_11_56_43.log
yjr-fs-h14411:188611:188611 [1] MCCL INFO /root/mxlog/mccl/mccl.188611.2026_07_24_11_56_43.log
yjr-fs-h14411:188614:188614 [4] MCCL INFO /root/mxlog/mccl/mccl.188614.2026_07_24_11_56_43.log
yjr-fs-h14411:188612:188612 [2] MCCL INFO /root/mxlog/mccl/mccl.188612.2026_07_24_11_56_43.log
/workspace/probe-bundle/pydeps/probing/profiling/torch/module_utils.py:88: FutureWarning: `torch.distributed.reduce_op` is deprecated, please use `torch.distributed.ReduceOp` instead
  objs = [obj for obj in gc.get_objects() if isinstance(obj, torch.nn.Module)]
/workspace/probe-bundle/pydeps/probing/profiling/torch/module_utils.py:88: FutureWarning: `torch.distributed.reduce_op` is deprecated, please use `torch.distributed.ReduceOp` instead
  objs = [obj for obj in gc.get_objects() if isinstance(obj, torch.nn.Module)]
/workspace/probe-bundle/pydeps/probing/profiling/torch/module_utils.py:88: FutureWarning: `torch.distributed.reduce_op` is deprecated, please use `torch.distributed.ReduceOp` instead
  objs = [obj for obj in gc.get_objects() if isinstance(obj, torch.nn.Module)]
/workspace/probe-bundle/pydeps/probing/profiling/torch/module_utils.py:88: FutureWarning: `torch.distributed.reduce_op` is deprecated, please use `torch.distributed.ReduceOp` instead
  objs = [obj for obj in gc.get_objects() if isinstance(obj, torch.nn.Module)]
/workspace/probe-bundle/pydeps/probing/profiling/torch/module_utils.py:88: FutureWarning: `torch.distributed.reduce_op` is deprecated, please use `torch.distributed.ReduceOp` instead
  objs = [obj for obj in gc.get_objects() if isinstance(obj, torch.nn.Module)]
/workspace/probe-bundle/pydeps/probing/profiling/torch/module_utils.py:88: FutureWarning: `torch.distributed.reduce_op` is deprecated, please use `torch.distributed.ReduceOp` instead
  objs = [obj for obj in gc.get_objects() if isinstance(obj, torch.nn.Module)]
/workspace/probe-bundle/pydeps/probing/profiling/torch/module_utils.py:88: FutureWarning: `torch.distributed.reduce_op` is deprecated, please use `torch.distributed.ReduceOp` instead
  objs = [obj for obj in gc.get_objects() if isinstance(obj, torch.nn.Module)]
/workspace/probe-bundle/pydeps/probing/profiling/torch/module_utils.py:88: FutureWarning: `torch.distributed.reduce_op` is deprecated, please use `torch.distributed.ReduceOp` instead
  objs = [obj for obj in gc.get_objects() if isinstance(obj, torch.nn.Module)]

yjr-fs-h14411:188611:188818 [32691] /workspace/out/Release/build/linux/x86_64/mccl/macaify/src/misc/socket.cc:608 MCCL WARN socketStartConnect: Connect to 10.120.28.205<38607> failed : Software caused connection abort
