stress-ng: info:  [99372] setting to a 900 second (15 mins, 0.00 secs) run per stressor
stress-ng: info:  [99372] dispatching hogs: 256 cpu
stress-ng: info:  [99401] stress-ng-cpu: CPU affinity probably set, this can affect CPU loading
stress-ng: error: [99372] process 99401 (stress-ng-cpu) terminated with an error, exit status=5 (killed by signal)
stress-ng: error: [99372] process 99402 (stress-ng-cpu) terminated with an error, exit status=5 (killed by signal)
stress-ng: error: [99372] process 99403 (stress-ng-cpu) terminated with an error, exit status=5 (killed by signal)
stress-ng: error: [99372] process 99404 (stress-ng-cpu) terminated with an error, exit status=5 (killed by signal)
stress-ng: error: [99372] process 99405 (stress-ng-cpu) terminated with an error, exit status=5 (killed by signal)
stress-ng: error: [99372] process 99406 (stress-ng-cpu) terminated with an error, exit status=5 (killed by signal)
stress-ng: error: [99372] process 99407 (stress-ng-cpu) terminated with an error, exit status=5 (killed by signal)
stress-ng: error: [99372] process 99409 (stress-ng-cpu) terminated with an error, exit status=5 (killed by signal)
stress-ng: error: [99372] process 99410 (stress-ng-cpu) terminated with an error, exit status=5 (killed by signal)
stress-ng: error: [99372] process 99411 (stress-ng-cpu) terminated with an error, exit status=5 (killed by signal)
stress-ng: error: [99372] process 99412 (stress-ng-cpu) terminated with an error, exit status=5 (killed by signal)
stress-ng: error: [99372] process 99413 (stress-ng-cpu) terminated with an error, exit status=5 (killed by signal)
stress-ng: error: [99372] process 99414 (stress-ng-cpu) terminated with an error, exit status=5 (killed by signal)
stress-ng: error: [99372] process 99415 (stress-ng-cpu) terminated with an error, exit status=5 (killed by signal)
stress-ng: error: [99372] process 99416 (stress-ng-cpu) terminated with an error, exit status=5 (killed by signal)
stress-ng: error: [99372] process 99417 (stress-ng-cpu) terminated with an error, exit status=5 (killed by signal)
stress-ng: error: [99372] process 99418 (stress-ng-cpu) terminated with an error, exit status=5 (killed by signal)
stress-ng: error: [99372] process 99419 (stress-ng-cpu) terminated with an error, exit status=5 (killed by signal)
stress-ng: error: [99372] process 99420 (stress-ng-cpu) terminated with an error, exit status=5 (killed by signal)
stress-ng: error: [99372] process 99421 (stress-ng-cpu) terminated with an error, exit status=5 (killed by signal)
stress-ng: error: [99372] process 99422 (stress-ng-cpu) terminated with an error, exit status=5 (killed by signal)
stress-ng: error: [99372] process 99423 (stress-ng-cpu) terminated with an error, exit status=5 (killed by signal)
stress-ng: error: [99372] process 99424 (stress-ng-cpu) terminated with an error, exit status=5 (killed by signal)
stress-ng: error: [99372] process 99425 (stress-ng-cpu) terminated with an error, exit status=5 (killed by signal)
stress-ng: error: [99372] process 99426 (stress-ng-cpu) terminated with an error, exit status=5 (killed by signal)
stress-ng: error: [99372] process 99427 (stress-ng-cpu) terminated with an error, exit status=5 (killed by signal)
stress-ng: error: [99372] process 99429 (stress-ng-cpu) terminated with an error, exit status=5 (killed by signal)
stress-ng: error: [99372] process 99431 (stress-ng-cpu) terminated with an error, exit status=5 (killed by signal)
stress-ng: error: [99372] process 99432 (stress-ng-cpu) terminated with an error, exit status=5 (killed by signal)
stress-ng: error: [99372] process 99433 (stress-ng-cpu) terminated with an error, exit status=5 (killed by signal)
stress-ng: error: [99372] process 99434 (stress-ng-cpu) terminated with an error, exit status=5 (killed by signal)
stress-ng: error: [99372] process 99435 (stress-ng-cpu) terminated with an error, exit status=5 (killed by signal)
stress-ng: error: [99372] process 99436 (stress-ng-cpu) terminated with an error, exit status=5 (killed by signal)
stress-ng: error: [99372] process 99437 (stress-ng-cpu) terminated with an error, exit status=5 (killed by signal)
stress-ng: error: [99372] process 99438 (stress-ng-cpu) terminated with an error, exit status=5 (killed by signal)
stress-ng: error: [99372] process 99439 (stress-ng-cpu) terminated with an error, exit status=5 (killed by signal)
stress-ng: error: [99372] process 99440 (stress-ng-cpu) terminated with an error, exit status=5 (killed by signal)
stress-ng: error: [99372] process 99441 (stress-ng-cpu) terminated with an error, exit status=5 (killed by signal)
stress-ng: error: [99372] process 99442 (stress-ng-cpu) terminated with an error, exit status=5 (killed by signal)
stress-ng: error: [99372] process 99443 (stress-ng-cpu) terminated with an error, exit status=5 (killed by signal)
stress-ng: error: [99372] process 99444 (stress-ng-cpu) terminated with an error, exit status=5 (killed by signal)
stress-ng: error: [99372] process 99445 (stress-ng-cpu) terminated with an error, exit status=5 (killed by signal)
stress-ng: error: [99372] process 99446 (stress-ng-cpu) terminated with an error, exit status=5 (killed by signal)
stress-ng: error: [99372] process 99447 (stress-ng-cpu) terminated with an error, exit status=5 (killed by signal)
stress-ng: error: [99372] process 99448 (stress-ng-cpu) terminated with an error, exit status=5 (killed by signal)
stress-ng: error: [99372] process 99449 (stress-ng-cpu) terminated with an error, exit status=5 (killed by signal)
stress-ng: error: [99372] process 99450 (stress-ng-cpu) terminated with an error, exit status=5 (killed by signal)
stress-ng: error: [99372] process 99451 (stress-ng-cpu) terminated with an error, exit status=5 (killed by signal)
stress-ng: error: [99372] process 99452 (stress-ng-cpu) terminated with an error, exit status=5 (killed by signal)
stress-ng: error: [99372] process 99454 (stress-ng-cpu) terminated with an error, exit status=5 (killed by signal)
stress-ng: error: [99372] process 99455 (stress-ng-cpu) terminated with an error, exit status=5 (killed by signal)
stress-ng: error: [99372] process 99456 (stress-ng-cpu) terminated with an error, exit status=5 (killed by signal)
stress-ng: error: [99372] process 99457 (stress-ng-cpu) terminated with an error, exit status=5 (killed by signal)
stress-ng: error: [99372] process 99458 (stress-ng-cpu) terminated with an error, exit status=5 (killed by signal)
stress-ng: error: [99372] process 99459 (stress-ng-cpu) terminated with an error, exit status=5 (killed by signal)
stress-ng: error: [99372] process 99460 (stress-ng-cpu) terminated with an error, exit status=5 (killed by signal)
stress-ng: error: [99372] process 99461 (stress-ng-cpu) terminated with an error, exit status=5 (killed by signal)
stress-ng: error: [99372] process 99462 (stress-ng-cpu) terminated with an error, exit status=5 (killed by signal)
stress-ng: error: [99372] process 99463 (stress-ng-cpu) terminated with an error, exit status=5 (killed by signal)
stress-ng: error: [99372] process 99465 (stress-ng-cpu) terminated with an error, exit status=5 (killed by signal)
stress-ng: error: [99372] process 99467 (stress-ng-cpu) terminated with an error, exit status=5 (killed by signal)
stress-ng: error: [99372] process 99468 (stress-ng-cpu) terminated with an error, exit status=5 (killed by signal)
stress-ng: error: [99372] process 99469 (stress-ng-cpu) terminated with an error, exit status=5 (killed by signal)
stress-ng: error: [99372] process 99470 (stress-ng-cpu) terminated with an error, exit status=5 (killed by signal)
stress-ng: error: [99372] process 99471 (stress-ng-cpu) terminated with an error, exit status=5 (killed by signal)
stress-ng: error: [99372] process 99472 (stress-ng-cpu) terminated with an error, exit status=5 (killed by signal)
stress-ng: error: [99372] process 99473 (stress-ng-cpu) terminated with an error, exit status=5 (killed by signal)
stress-ng: error: [99372] process 99474 (stress-ng-cpu) terminated with an error, exit status=5 (killed by signal)
stress-ng: error: [99372] process 99475 (stress-ng-cpu) terminated with an error, exit status=5 (killed by signal)
stress-ng: error: [99372] process 99476 (stress-ng-cpu) terminated with an error, exit status=5 (killed by signal)
stress-ng: error: [99372] process 99477 (stress-ng-cpu) terminated with an error, exit status=5 (killed by signal)
stress-ng: error: [99372] process 99479 (stress-ng-cpu) terminated with an error, exit status=5 (killed by signal)
stress-ng: error: [99372] process 99480 (stress-ng-cpu) terminated with an error, exit status=5 (killed by signal)
stress-ng: error: [99372] process 99481 (stress-ng-cpu) terminated with an error, exit status=5 (killed by signal)
stress-ng: error: [99372] process 99482 (stress-ng-cpu) terminated with an error, exit status=5 (killed by signal)
stress-ng: error: [99372] process 99483 (stress-ng-cpu) terminated with an error, exit status=5 (killed by signal)
stress-ng: error: [99372] process 99484 (stress-ng-cpu) terminated with an error, exit status=5 (killed by signal)
stress-ng: error: [99372] process 99485 (stress-ng-cpu) terminated with an error, exit status=5 (killed by signal)
stress-ng: error: [99372] process 99486 (stress-ng-cpu) terminated with an error, exit status=5 (killed by signal)
stress-ng: error: [99372] process 99487 (stress-ng-cpu) terminated with an error, exit status=5 (killed by signal)
stress-ng: error: [99372] process 99488 (stress-ng-cpu) terminated with an error, exit status=5 (killed by signal)
stress-ng: error: [99372] process 99489 (stress-ng-cpu) terminated with an error, exit status=5 (killed by signal)
stress-ng: error: [99372] process 99490 (stress-ng-cpu) terminated with an error, exit status=5 (killed by signal)
stress-ng: error: [99372] process 99491 (stress-ng-cpu) terminated with an error, exit status=5 (killed by signal)
stress-ng: error: [99372] process 99492 (stress-ng-cpu) terminated with an error, exit status=5 (killed by signal)
stress-ng: error: [99372] process 99493 (stress-ng-cpu) terminated with an error, exit status=5 (killed by signal)
stress-ng: error: [99372] process 99494 (stress-ng-cpu) terminated with an error, exit status=5 (killed by signal)
stress-ng: error: [99372] process 99495 (stress-ng-cpu) terminated with an error, exit status=5 (killed by signal)
stress-ng: error: [99372] process 99496 (stress-ng-cpu) terminated with an error, exit status=5 (killed by signal)
stress-ng: error: [99372] process 99497 (stress-ng-cpu) terminated with an error, exit status=5 (killed by signal)
stress-ng: error: [99372] process 99498 (stress-ng-cpu) terminated with an error, exit status=5 (killed by signal)
stress-ng: error: [99372] process 99499 (stress-ng-cpu) terminated with an error, exit status=5 (killed by signal)
stress-ng: error: [99372] process 99500 (stress-ng-cpu) terminated with an error, exit status=5 (killed by signal)
stress-ng: error: [99372] process 99501 (stress-ng-cpu) terminated with an error, exit status=5 (killed by signal)
stress-ng: error: [99372] process 99502 (stress-ng-cpu) terminated with an error, exit status=5 (killed by signal)
stress-ng: error: [99372] process 99503 (stress-ng-cpu) terminated with an error, exit status=5 (killed by signal)
stress-ng: error: [99372] process 99504 (stress-ng-cpu) terminated with an error, exit status=5 (killed by signal)
stress-ng: error: [99372] process 99505 (stress-ng-cpu) terminated with an error, exit status=5 (killed by signal)
stress-ng: error: [99372] process 99506 (stress-ng-cpu) terminated with an error, exit status=5 (killed by signal)
stress-ng: error: [99372] process 99507 (stress-ng-cpu) terminated with an error, exit status=5 (killed by signal)
stress-ng: error: [99372] process 99508 (stress-ng-cpu) terminated with an error, exit status=5 (killed by signal)
stress-ng: error: [99372] process 99509 (stress-ng-cpu) terminated with an error, exit status=5 (killed by signal)
stress-ng: error: [99372] process 99510 (stress-ng-cpu) terminated with an error, exit status=5 (killed by signal)
stress-ng: error: [99372] process 99511 (stress-ng-cpu) terminated with an error, exit status=5 (killed by signal)
stress-ng: error: [99372] process 99512 (stress-ng-cpu) terminated with an error, exit status=5 (killed by signal)
stress-ng: error: [99372] process 99513 (stress-ng-cpu) terminated with an error, exit status=5 (killed by signal)
stress-ng: error: [99372] process 99514 (stress-ng-cpu) terminated with an error, exit status=5 (killed by signal)
stress-ng: error: [99372] process 99515 (stress-ng-cpu) terminated with an error, exit status=5 (killed by signal)
stress-ng: error: [99372] process 99516 (stress-ng-cpu) terminated with an error, exit status=5 (killed by signal)
stress-ng: error: [99372] process 99517 (stress-ng-cpu) terminated with an error, exit status=5 (killed by signal)
stress-ng: error: [99372] process 99518 (stress-ng-cpu) terminated with an error, exit status=5 (killed by signal)
stress-ng: error: [99372] process 99519 (stress-ng-cpu) terminated with an error, exit status=5 (killed by signal)
stress-ng: error: [99372] process 99521 (stress-ng-cpu) terminated with an error, exit status=5 (killed by signal)
stress-ng: error: [99372] process 99522 (stress-ng-cpu) terminated with an error, exit status=5 (killed by signal)
stress-ng: error: [99372] process 99524 (stress-ng-cpu) terminated with an error, exit status=5 (killed by signal)
stress-ng: error: [99372] process 99525 (stress-ng-cpu) terminated with an error, exit status=5 (killed by signal)
stress-ng: error: [99372] process 99526 (stress-ng-cpu) terminated with an error, exit status=5 (killed by signal)
stress-ng: error: [99372] process 99527 (stress-ng-cpu) terminated with an error, exit status=5 (killed by signal)
stress-ng: error: [99372] process 99528 (stress-ng-cpu) terminated with an error, exit status=5 (killed by signal)
stress-ng: error: [99372] process 99529 (stress-ng-cpu) terminated with an error, exit status=5 (killed by signal)
stress-ng: error: [99372] process 99530 (stress-ng-cpu) terminated with an error, exit status=5 (killed by signal)
stress-ng: error: [99372] process 99531 (stress-ng-cpu) terminated with an error, exit status=5 (killed by signal)
stress-ng: error: [99372] process 99532 (stress-ng-cpu) terminated with an error, exit status=5 (killed by signal)
stress-ng: error: [99372] process 99533 (stress-ng-cpu) terminated with an error, exit status=5 (killed by signal)
stress-ng: error: [99372] process 99534 (stress-ng-cpu) terminated with an error, exit status=5 (killed by signal)
stress-ng: error: [99372] process 99535 (stress-ng-cpu) terminated with an error, exit status=5 (killed by signal)
stress-ng: error: [99372] process 99536 (stress-ng-cpu) terminated with an error, exit status=5 (killed by signal)
stress-ng: error: [99372] process 99537 (stress-ng-cpu) terminated with an error, exit status=5 (killed by signal)
stress-ng: error: [99372] process 99538 (stress-ng-cpu) terminated with an error, exit status=5 (killed by signal)
stress-ng: error: [99372] process 99539 (stress-ng-cpu) terminated with an error, exit status=5 (killed by signal)
stress-ng: error: [99372] process 99540 (stress-ng-cpu) terminated with an error, exit status=5 (killed by signal)
stress-ng: error: [99372] process 99541 (stress-ng-cpu) terminated with an error, exit status=5 (killed by signal)
stress-ng: error: [99372] process 99542 (stress-ng-cpu) terminated with an error, exit status=5 (killed by signal)
stress-ng: error: [99372] process 99543 (stress-ng-cpu) terminated with an error, exit status=5 (killed by signal)
stress-ng: error: [99372] process 99544 (stress-ng-cpu) terminated with an error, exit status=5 (killed by signal)
stress-ng: error: [99372] process 99545 (stress-ng-cpu) terminated with an error, exit status=5 (killed by signal)
stress-ng: error: [99372] process 99546 (stress-ng-cpu) terminated with an error, exit status=5 (killed by signal)
stress-ng: error: [99372] process 99547 (stress-ng-cpu) terminated with an error, exit status=5 (killed by signal)
stress-ng: error: [99372] process 99548 (stress-ng-cpu) terminated with an error, exit status=5 (killed by signal)
stress-ng: error: [99372] process 99549 (stress-ng-cpu) terminated with an error, exit status=5 (killed by signal)
stress-ng: error: [99372] process 99550 (stress-ng-cpu) terminated with an error, exit status=5 (killed by signal)
stress-ng: error: [99372] process 99551 (stress-ng-cpu) terminated with an error, exit status=5 (killed by signal)
stress-ng: error: [99372] process 99552 (stress-ng-cpu) terminated with an error, exit status=5 (killed by signal)
stress-ng: error: [99372] process 99553 (stress-ng-cpu) terminated with an error, exit status=5 (killed by signal)
stress-ng: error: [99372] process 99554 (stress-ng-cpu) terminated with an error, exit status=5 (killed by signal)
stress-ng: error: [99372] process 99555 (stress-ng-cpu) terminated with an error, exit status=5 (killed by signal)
stress-ng: error: [99372] process 99556 (stress-ng-cpu) terminated with an error, exit status=5 (killed by signal)
stress-ng: error: [99372] process 99557 (stress-ng-cpu) terminated with an error, exit status=5 (killed by signal)
stress-ng: error: [99372] process 99558 (stress-ng-cpu) terminated with an error, exit status=5 (killed by signal)
stress-ng: error: [99372] process 99559 (stress-ng-cpu) terminated with an error, exit status=5 (killed by signal)
stress-ng: error: [99372] process 99560 (stress-ng-cpu) terminated with an error, exit status=5 (killed by signal)
stress-ng: error: [99372] process 99561 (stress-ng-cpu) terminated with an error, exit status=5 (killed by signal)
stress-ng: error: [99372] process 99562 (stress-ng-cpu) terminated with an error, exit status=5 (killed by signal)
stress-ng: error: [99372] process 99564 (stress-ng-cpu) terminated with an error, exit status=5 (killed by signal)
stress-ng: error: [99372] process 99566 (stress-ng-cpu) terminated with an error, exit status=5 (killed by signal)
stress-ng: error: [99372] process 99567 (stress-ng-cpu) terminated with an error, exit status=5 (killed by signal)
stress-ng: error: [99372] process 99568 (stress-ng-cpu) terminated with an error, exit status=5 (killed by signal)
stress-ng: error: [99372] process 99569 (stress-ng-cpu) terminated with an error, exit status=5 (killed by signal)
stress-ng: error: [99372] process 99570 (stress-ng-cpu) terminated with an error, exit status=5 (killed by signal)
stress-ng: error: [99372] process 99571 (stress-ng-cpu) terminated with an error, exit status=5 (killed by signal)
stress-ng: error: [99372] process 99572 (stress-ng-cpu) terminated with an error, exit status=5 (killed by signal)
stress-ng: error: [99372] process 99573 (stress-ng-cpu) terminated with an error, exit status=5 (killed by signal)
stress-ng: error: [99372] process 99574 (stress-ng-cpu) terminated with an error, exit status=5 (killed by signal)
stress-ng: error: [99372] process 99575 (stress-ng-cpu) terminated with an error, exit status=5 (killed by signal)
stress-ng: error: [99372] process 99576 (stress-ng-cpu) terminated with an error, exit status=5 (killed by signal)
stress-ng: error: [99372] process 99577 (stress-ng-cpu) terminated with an error, exit status=5 (killed by signal)
stress-ng: error: [99372] process 99578 (stress-ng-cpu) terminated with an error, exit status=5 (killed by signal)
stress-ng: error: [99372] process 99579 (stress-ng-cpu) terminated with an error, exit status=5 (killed by signal)
stress-ng: error: [99372] process 99580 (stress-ng-cpu) terminated with an error, exit status=5 (killed by signal)
stress-ng: error: [99372] process 99581 (stress-ng-cpu) terminated with an error, exit status=5 (killed by signal)
stress-ng: error: [99372] process 99582 (stress-ng-cpu) terminated with an error, exit status=5 (killed by signal)
stress-ng: error: [99372] process 99583 (stress-ng-cpu) terminated with an error, exit status=5 (killed by signal)
stress-ng: error: [99372] process 99584 (stress-ng-cpu) terminated with an error, exit status=5 (killed by signal)
stress-ng: error: [99372] process 99585 (stress-ng-cpu) terminated with an error, exit status=5 (killed by signal)
stress-ng: error: [99372] process 99586 (stress-ng-cpu) terminated with an error, exit status=5 (killed by signal)
stress-ng: error: [99372] process 99587 (stress-ng-cpu) terminated with an error, exit status=5 (killed by signal)
stress-ng: error: [99372] process 99588 (stress-ng-cpu) terminated with an error, exit status=5 (killed by signal)
stress-ng: error: [99372] process 99589 (stress-ng-cpu) terminated with an error, exit status=5 (killed by signal)
stress-ng: error: [99372] process 99590 (stress-ng-cpu) terminated with an error, exit status=5 (killed by signal)
stress-ng: error: [99372] process 99591 (stress-ng-cpu) terminated with an error, exit status=5 (killed by signal)
stress-ng: error: [99372] process 99592 (stress-ng-cpu) terminated with an error, exit status=5 (killed by signal)
stress-ng: error: [99372] process 99593 (stress-ng-cpu) terminated with an error, exit status=5 (killed by signal)
stress-ng: error: [99372] process 99594 (stress-ng-cpu) terminated with an error, exit status=5 (killed by signal)
stress-ng: error: [99372] process 99595 (stress-ng-cpu) terminated with an error, exit status=5 (killed by signal)
stress-ng: error: [99372] process 99596 (stress-ng-cpu) terminated with an error, exit status=5 (killed by signal)
stress-ng: error: [99372] process 99597 (stress-ng-cpu) terminated with an error, exit status=5 (killed by signal)
stress-ng: error: [99372] process 99598 (stress-ng-cpu) terminated with an error, exit status=5 (killed by signal)
stress-ng: error: [99372] process 99599 (stress-ng-cpu) terminated with an error, exit status=5 (killed by signal)
stress-ng: error: [99372] process 99600 (stress-ng-cpu) terminated with an error, exit status=5 (killed by signal)
stress-ng: error: [99372] process 99601 (stress-ng-cpu) terminated with an error, exit status=5 (killed by signal)
stress-ng: error: [99372] process 99602 (stress-ng-cpu) terminated with an error, exit status=5 (killed by signal)
stress-ng: error: [99372] process 99603 (stress-ng-cpu) terminated with an error, exit status=5 (killed by signal)
stress-ng: error: [99372] process 99605 (stress-ng-cpu) terminated with an error, exit status=5 (killed by signal)
stress-ng: error: [99372] process 99606 (stress-ng-cpu) terminated with an error, exit status=5 (killed by signal)
stress-ng: error: [99372] process 99607 (stress-ng-cpu) terminated with an error, exit status=5 (killed by signal)
stress-ng: error: [99372] process 99608 (stress-ng-cpu) terminated with an error, exit status=5 (killed by signal)
stress-ng: error: [99372] process 99609 (stress-ng-cpu) terminated with an error, exit status=5 (killed by signal)
stress-ng: error: [99372] process 99610 (stress-ng-cpu) terminated with an error, exit status=5 (killed by signal)
stress-ng: error: [99372] process 99611 (stress-ng-cpu) terminated with an error, exit status=5 (killed by signal)
stress-ng: error: [99372] process 99612 (stress-ng-cpu) terminated with an error, exit status=5 (killed by signal)
stress-ng: error: [99372] process 99613 (stress-ng-cpu) terminated with an error, exit status=5 (killed by signal)
stress-ng: error: [99372] process 99614 (stress-ng-cpu) terminated with an error, exit status=5 (killed by signal)
stress-ng: error: [99372] process 99615 (stress-ng-cpu) terminated with an error, exit status=5 (killed by signal)
stress-ng: error: [99372] process 99616 (stress-ng-cpu) terminated with an error, exit status=5 (killed by signal)
stress-ng: error: [99372] process 99617 (stress-ng-cpu) terminated with an error, exit status=5 (killed by signal)
stress-ng: error: [99372] process 99618 (stress-ng-cpu) terminated with an error, exit status=5 (killed by signal)
stress-ng: error: [99372] process 99619 (stress-ng-cpu) terminated with an error, exit status=5 (killed by signal)
stress-ng: error: [99372] process 99620 (stress-ng-cpu) terminated with an error, exit status=5 (killed by signal)
stress-ng: error: [99372] process 99621 (stress-ng-cpu) terminated with an error, exit status=5 (killed by signal)
stress-ng: error: [99372] process 99622 (stress-ng-cpu) terminated with an error, exit status=5 (killed by signal)
stress-ng: error: [99372] process 99623 (stress-ng-cpu) terminated with an error, exit status=5 (killed by signal)
stress-ng: error: [99372] process 99624 (stress-ng-cpu) terminated with an error, exit status=5 (killed by signal)
stress-ng: error: [99372] process 99625 (stress-ng-cpu) terminated with an error, exit status=5 (killed by signal)
stress-ng: error: [99372] process 99626 (stress-ng-cpu) terminated with an error, exit status=5 (killed by signal)
stress-ng: error: [99372] process 99627 (stress-ng-cpu) terminated with an error, exit status=5 (killed by signal)
stress-ng: error: [99372] process 99628 (stress-ng-cpu) terminated with an error, exit status=5 (killed by signal)
stress-ng: error: [99372] process 99629 (stress-ng-cpu) terminated with an error, exit status=5 (killed by signal)
stress-ng: error: [99372] process 99630 (stress-ng-cpu) terminated with an error, exit status=5 (killed by signal)
stress-ng: error: [99372] process 99631 (stress-ng-cpu) terminated with an error, exit status=5 (killed by signal)
stress-ng: error: [99372] process 99632 (stress-ng-cpu) terminated with an error, exit status=5 (killed by signal)
stress-ng: error: [99372] process 99633 (stress-ng-cpu) terminated with an error, exit status=5 (killed by signal)
stress-ng: error: [99372] process 99634 (stress-ng-cpu) terminated with an error, exit status=5 (killed by signal)
stress-ng: error: [99372] process 99635 (stress-ng-cpu) terminated with an error, exit status=5 (killed by signal)
stress-ng: error: [99372] process 99636 (stress-ng-cpu) terminated with an error, exit status=5 (killed by signal)
stress-ng: error: [99372] process 99637 (stress-ng-cpu) terminated with an error, exit status=5 (killed by signal)
stress-ng: error: [99372] process 99638 (stress-ng-cpu) terminated with an error, exit status=5 (killed by signal)
stress-ng: error: [99372] process 99639 (stress-ng-cpu) terminated with an error, exit status=5 (killed by signal)
stress-ng: error: [99372] process 99640 (stress-ng-cpu) terminated with an error, exit status=5 (killed by signal)
stress-ng: error: [99372] process 99641 (stress-ng-cpu) terminated with an error, exit status=5 (killed by signal)
stress-ng: error: [99372] process 99642 (stress-ng-cpu) terminated with an error, exit status=5 (killed by signal)
stress-ng: error: [99372] process 99643 (stress-ng-cpu) terminated with an error, exit status=5 (killed by signal)
stress-ng: error: [99372] process 99644 (stress-ng-cpu) terminated with an error, exit status=5 (killed by signal)
stress-ng: error: [99372] process 99645 (stress-ng-cpu) terminated with an error, exit status=5 (killed by signal)
stress-ng: error: [99372] process 99646 (stress-ng-cpu) terminated with an error, exit status=5 (killed by signal)
stress-ng: error: [99372] process 99647 (stress-ng-cpu) terminated with an error, exit status=5 (killed by signal)
stress-ng: error: [99372] process 99648 (stress-ng-cpu) terminated with an error, exit status=5 (killed by signal)
stress-ng: error: [99372] process 99649 (stress-ng-cpu) terminated with an error, exit status=5 (killed by signal)
stress-ng: error: [99372] process 99650 (stress-ng-cpu) terminated with an error, exit status=5 (killed by signal)
stress-ng: error: [99372] process 99651 (stress-ng-cpu) terminated with an error, exit status=5 (killed by signal)
stress-ng: error: [99372] process 99652 (stress-ng-cpu) terminated with an error, exit status=5 (killed by signal)
stress-ng: error: [99372] process 99653 (stress-ng-cpu) terminated with an error, exit status=5 (killed by signal)
stress-ng: error: [99372] process 99654 (stress-ng-cpu) terminated with an error, exit status=5 (killed by signal)
stress-ng: error: [99372] process 99655 (stress-ng-cpu) terminated with an error, exit status=5 (killed by signal)
stress-ng: error: [99372] process 99656 (stress-ng-cpu) terminated with an error, exit status=5 (killed by signal)
stress-ng: error: [99372] process 99657 (stress-ng-cpu) terminated with an error, exit status=5 (killed by signal)
stress-ng: error: [99372] process 99658 (stress-ng-cpu) terminated with an error, exit status=5 (killed by signal)
stress-ng: error: [99372] process 99659 (stress-ng-cpu) terminated with an error, exit status=5 (killed by signal)
stress-ng: error: [99372] process 99660 (stress-ng-cpu) terminated with an error, exit status=5 (killed by signal)
stress-ng: error: [99372] process 99661 (stress-ng-cpu) terminated with an error, exit status=5 (killed by signal)
stress-ng: error: [99372] process 99662 (stress-ng-cpu) terminated with an error, exit status=5 (killed by signal)
stress-ng: error: [99372] process 99663 (stress-ng-cpu) terminated with an error, exit status=5 (killed by signal)
stress-ng: error: [99372] process 99664 (stress-ng-cpu) terminated with an error, exit status=5 (killed by signal)
stress-ng: error: [99372] process 99665 (stress-ng-cpu) terminated with an error, exit status=5 (killed by signal)
stress-ng: error: [99372] process 99666 (stress-ng-cpu) terminated with an error, exit status=5 (killed by signal)
stress-ng: error: [99372] process 99667 (stress-ng-cpu) terminated with an error, exit status=5 (killed by signal)
stress-ng: error: [99372] process 99668 (stress-ng-cpu) terminated with an error, exit status=5 (killed by signal)
stress-ng: info:  [99372] unsuccessful run completed in 56.00s
SIDECAR_STOP
