W0725 12:45:36.487000 79359 site-packages/torch/distributed/run.py:766] 
W0725 12:45:36.487000 79359 site-packages/torch/distributed/run.py:766] *****************************************
W0725 12:45:36.487000 79359 site-packages/torch/distributed/run.py:766] Setting OMP_NUM_THREADS environment variable for each process to be 1 in default, to avoid your system being overloaded, please further tune the variable for optimal performance in your application as needed. 
W0725 12:45:36.487000 79359 site-packages/torch/distributed/run.py:766] *****************************************
[xpu_timer.ascend] started. pid=79499 hang_timeout=60000ms slow_us=0 dump=/data/yinjinrun.p-huawei/results/ascend-ais/baseline/xputimer/contrast-p1-sw-b-20260725_124414/C1_inject_none/xputimer
[xpu_timer.ascend] started. pid=79501 hang_timeout=60000ms slow_us=0 dump=/data/yinjinrun.p-huawei/results/ascend-ais/baseline/xputimer/contrast-p1-sw-b-20260725_124414/C1_inject_none/xputimer
[xpu_timer.ascend] started. pid=79503 hang_timeout=60000ms slow_us=0 dump=/data/yinjinrun.p-huawei/results/ascend-ais/baseline/xputimer/contrast-p1-sw-b-20260725_124414/C1_inject_none/xputimer
[rank1]:[W725 12:45:42.061157532 compiler_depend.ts:338] Warning: Cannot create tensor with interal format while allow_internel_format=False, tensor will be created with base format. (function operator())
[rank3]:[W725 12:45:42.070549306 compiler_depend.ts:338] Warning: Cannot create tensor with interal format while allow_internel_format=False, tensor will be created with base format. (function operator())
[rank5]:[W725 12:45:42.072120007 compiler_depend.ts:338] Warning: Cannot create tensor with interal format while allow_internel_format=False, tensor will be created with base format. (function operator())
[xpu_timer.ascend] started. pid=79498 hang_timeout=60000ms slow_us=0 dump=/data/yinjinrun.p-huawei/results/ascend-ais/baseline/xputimer/contrast-p1-sw-b-20260725_124414/C1_inject_none/xputimer
[xpu_timer.ascend] started. pid=79500 hang_timeout=60000ms slow_us=0 dump=/data/yinjinrun.p-huawei/results/ascend-ais/baseline/xputimer/contrast-p1-sw-b-20260725_124414/C1_inject_none/xputimer
[rank0]:[W725 12:45:43.577996552 compiler_depend.ts:338] Warning: Cannot create tensor with interal format while allow_internel_format=False, tensor will be created with base format. (function operator())
[rank2]:[W725 12:45:43.581153275 compiler_depend.ts:338] Warning: Cannot create tensor with interal format while allow_internel_format=False, tensor will be created with base format. (function operator())
[xpu_timer.ascend] started. pid=79505 hang_timeout=60000ms slow_us=0 dump=/data/yinjinrun.p-huawei/results/ascend-ais/baseline/xputimer/contrast-p1-sw-b-20260725_124414/C1_inject_none/xputimer
[xpu_timer.ascend] started. pid=79502 hang_timeout=60000ms slow_us=0 dump=/data/yinjinrun.p-huawei/results/ascend-ais/baseline/xputimer/contrast-p1-sw-b-20260725_124414/C1_inject_none/xputimer
[rank7]:[W725 12:45:43.022241588 compiler_depend.ts:338] Warning: Cannot create tensor with interal format while allow_internel_format=False, tensor will be created with base format. (function operator())
[xpu_timer.ascend] started. pid=79513 hang_timeout=60000ms slow_us=0 dump=/data/yinjinrun.p-huawei/results/ascend-ais/baseline/xputimer/contrast-p1-sw-b-20260725_124414/C1_inject_none/xputimer
[xpu_timer.ascend] started. pid=79508 hang_timeout=60000ms slow_us=0 dump=/data/yinjinrun.p-huawei/results/ascend-ais/baseline/xputimer/contrast-p1-sw-b-20260725_124414/C1_inject_none/xputimer
[rank4]:[W725 12:45:43.112239288 compiler_depend.ts:338] Warning: Cannot create tensor with interal format while allow_internel_format=False, tensor will be created with base format. (function operator())
[rank15]:[W725 12:45:43.133982281 compiler_depend.ts:338] Warning: Cannot create tensor with interal format while allow_internel_format=False, tensor will be created with base format. (function operator())
[xpu_timer.ascend] started. pid=79512 hang_timeout=60000ms slow_us=0 dump=/data/yinjinrun.p-huawei/results/ascend-ais/baseline/xputimer/contrast-p1-sw-b-20260725_124414/C1_inject_none/xputimer
[xpu_timer.ascend] started. pid=79506 hang_timeout=60000ms slow_us=0 dump=/data/yinjinrun.p-huawei/results/ascend-ais/baseline/xputimer/contrast-p1-sw-b-20260725_124414/C1_inject_none/xputimer
[rank10]:[W725 12:45:43.165514743 compiler_depend.ts:338] Warning: Cannot create tensor with interal format while allow_internel_format=False, tensor will be created with base format. (function operator())
[xpu_timer.ascend] started. pid=79510 hang_timeout=60000ms slow_us=0 dump=/data/yinjinrun.p-huawei/results/ascend-ais/baseline/xputimer/contrast-p1-sw-b-20260725_124414/C1_inject_none/xputimer
[xpu_timer.ascend] started. pid=79504 hang_timeout=60000ms slow_us=0 dump=/data/yinjinrun.p-huawei/results/ascend-ais/baseline/xputimer/contrast-p1-sw-b-20260725_124414/C1_inject_none/xputimer
[xpu_timer.ascend] started. pid=79507 hang_timeout=60000ms slow_us=0 dump=/data/yinjinrun.p-huawei/results/ascend-ais/baseline/xputimer/contrast-p1-sw-b-20260725_124414/C1_inject_none/xputimer
[xpu_timer.ascend] started. pid=79511 hang_timeout=60000ms slow_us=0 dump=/data/yinjinrun.p-huawei/results/ascend-ais/baseline/xputimer/contrast-p1-sw-b-20260725_124414/C1_inject_none/xputimer
[xpu_timer.ascend] started. pid=79509 hang_timeout=60000ms slow_us=0 dump=/data/yinjinrun.p-huawei/results/ascend-ais/baseline/xputimer/contrast-p1-sw-b-20260725_124414/C1_inject_none/xputimer
[rank14]:[W725 12:45:43.272379997 compiler_depend.ts:338] Warning: Cannot create tensor with interal format while allow_internel_format=False, tensor will be created with base format. (function operator())
[rank8]:[W725 12:45:43.277637651 compiler_depend.ts:338] Warning: Cannot create tensor with interal format while allow_internel_format=False, tensor will be created with base format. (function operator())
[rank12]:[W725 12:45:44.292715686 compiler_depend.ts:338] Warning: Cannot create tensor with interal format while allow_internel_format=False, tensor will be created with base format. (function operator())
[rank6]:[W725 12:45:44.296171980 compiler_depend.ts:338] Warning: Cannot create tensor with interal format while allow_internel_format=False, tensor will be created with base format. (function operator())
[rank9]:[W725 12:45:44.299635394 compiler_depend.ts:338] Warning: Cannot create tensor with interal format while allow_internel_format=False, tensor will be created with base format. (function operator())
[rank13]:[W725 12:45:44.345086016 compiler_depend.ts:338] Warning: Cannot create tensor with interal format while allow_internel_format=False, tensor will be created with base format. (function operator())
[rank11]:[W725 12:45:44.365103422 compiler_depend.ts:338] Warning: Cannot create tensor with interal format while allow_internel_format=False, tensor will be created with base format. (function operator())
/root/miniconda3/envs/llm_test/lib/python3.10/site-packages/torch/distributed/distributed_c10d.py:4631: UserWarning: No device id is provided via `init_process_group` or `barrier `. Using the current device set by the user. 
  warnings.warn(  # warn only once
/root/miniconda3/envs/llm_test/lib/python3.10/site-packages/torch/distributed/distributed_c10d.py:4631: UserWarning: No device id is provided via `init_process_group` or `barrier `. Using the current device set by the user. 
  warnings.warn(  # warn only once
/root/miniconda3/envs/llm_test/lib/python3.10/site-packages/torch/distributed/distributed_c10d.py:4631: UserWarning: No device id is provided via `init_process_group` or `barrier `. Using the current device set by the user. 
  warnings.warn(  # warn only once
/root/miniconda3/envs/llm_test/lib/python3.10/site-packages/torch/distributed/distributed_c10d.py:4631: UserWarning: No device id is provided via `init_process_group` or `barrier `. Using the current device set by the user. 
  warnings.warn(  # warn only once
/root/miniconda3/envs/llm_test/lib/python3.10/site-packages/torch/distributed/distributed_c10d.py:4631: UserWarning: No device id is provided via `init_process_group` or `barrier `. Using the current device set by the user. 
  warnings.warn(  # warn only once
/root/miniconda3/envs/llm_test/lib/python3.10/site-packages/torch/distributed/distributed_c10d.py:4631: UserWarning: No device id is provided via `init_process_group` or `barrier `. Using the current device set by the user. 
  warnings.warn(  # warn only once
/root/miniconda3/envs/llm_test/lib/python3.10/site-packages/torch/distributed/distributed_c10d.py:4631: UserWarning: No device id is provided via `init_process_group` or `barrier `. Using the current device set by the user. 
  warnings.warn(  # warn only once
/root/miniconda3/envs/llm_test/lib/python3.10/site-packages/torch/distributed/distributed_c10d.py:4631: UserWarning: No device id is provided via `init_process_group` or `barrier `. Using the current device set by the user. 
  warnings.warn(  # warn only once
/root/miniconda3/envs/llm_test/lib/python3.10/site-packages/torch/distributed/distributed_c10d.py:4631: UserWarning: No device id is provided via `init_process_group` or `barrier `. Using the current device set by the user. 
  warnings.warn(  # warn only once
/root/miniconda3/envs/llm_test/lib/python3.10/site-packages/torch/distributed/distributed_c10d.py:4631: UserWarning: No device id is provided via `init_process_group` or `barrier `. Using the current device set by the user. 
  warnings.warn(  # warn only once
/root/miniconda3/envs/llm_test/lib/python3.10/site-packages/torch/distributed/distributed_c10d.py:4631: UserWarning: No device id is provided via `init_process_group` or `barrier `. Using the current device set by the user. 
  warnings.warn(  # warn only once
/root/miniconda3/envs/llm_test/lib/python3.10/site-packages/torch/distributed/distributed_c10d.py:4631: UserWarning: No device id is provided via `init_process_group` or `barrier `. Using the current device set by the user. 
  warnings.warn(  # warn only once
/root/miniconda3/envs/llm_test/lib/python3.10/site-packages/torch/distributed/distributed_c10d.py:4631: UserWarning: No device id is provided via `init_process_group` or `barrier `. Using the current device set by the user. 
  warnings.warn(  # warn only once
/root/miniconda3/envs/llm_test/lib/python3.10/site-packages/torch/distributed/distributed_c10d.py:4631: UserWarning: No device id is provided via `init_process_group` or `barrier `. Using the current device set by the user. 
  warnings.warn(  # warn only once
/root/miniconda3/envs/llm_test/lib/python3.10/site-packages/torch/distributed/distributed_c10d.py:4631: UserWarning: No device id is provided via `init_process_group` or `barrier `. Using the current device set by the user. 
  warnings.warn(  # warn only once
/root/miniconda3/envs/llm_test/lib/python3.10/site-packages/torch/distributed/distributed_c10d.py:4631: UserWarning: No device id is provided via `init_process_group` or `barrier `. Using the current device set by the user. 
  warnings.warn(  # warn only once
INLINE_RARE_SHAPE seq=1536 every=1 frac=None win=[100,300) victim_local=7
DONE world=16 out=/data/yinjinrun.p-huawei/results/ascend-ais/baseline/xputimer/contrast-p1-sw-b-20260725_124414/C1_inject_none/ranks/rank_0000.jsonl
[xpu_timer.ascend] stopped. events=5056 hang_flags=0 slow_flags=0 metrics -> /data/yinjinrun.p-huawei/results/ascend-ais/baseline/xputimer/contrast-p1-sw-b-20260725_124414/C1_inject_none/xputimer/ascend_metrics.rank3.pid79501.prom
[xpu_timer.ascend] stopped. events=5056 hang_flags=0 slow_flags=0 metrics -> /data/yinjinrun.p-huawei/results/ascend-ais/baseline/xputimer/contrast-p1-sw-b-20260725_124414/C1_inject_none/xputimer/ascend_metrics.rank1.pid79499.prom
[xpu_timer.ascend] stopped. events=5561 hang_flags=0 slow_flags=0 metrics -> /data/yinjinrun.p-huawei/results/ascend-ais/baseline/xputimer/contrast-p1-sw-b-20260725_124414/C1_inject_none/xputimer/ascend_metrics.rank0.pid79498.prom
[xpu_timer.ascend] stopped. events=5056 hang_flags=0 slow_flags=0 metrics -> /data/yinjinrun.p-huawei/results/ascend-ais/baseline/xputimer/contrast-p1-sw-b-20260725_124414/C1_inject_none/xputimer/ascend_metrics.rank14.pid79512.prom
[xpu_timer.ascend] stopped. events=5056 hang_flags=0 slow_flags=0 metrics -> /data/yinjinrun.p-huawei/results/ascend-ais/baseline/xputimer/contrast-p1-sw-b-20260725_124414/C1_inject_none/xputimer/ascend_metrics.rank4.pid79502.prom
[xpu_timer.ascend] stopped. events=5056 hang_flags=0 slow_flags=0 metrics -> /data/yinjinrun.p-huawei/results/ascend-ais/baseline/xputimer/contrast-p1-sw-b-20260725_124414/C1_inject_none/xputimer/ascend_metrics.rank11.pid79509.prom
[xpu_timer.ascend] stopped. events=5056 hang_flags=0 slow_flags=0 metrics -> /data/yinjinrun.p-huawei/results/ascend-ais/baseline/xputimer/contrast-p1-sw-b-20260725_124414/C1_inject_none/xputimer/ascend_metrics.rank5.pid79503.prom
[xpu_timer.ascend] stopped. events=5056 hang_flags=0 slow_flags=0 metrics -> /data/yinjinrun.p-huawei/results/ascend-ais/baseline/xputimer/contrast-p1-sw-b-20260725_124414/C1_inject_none/xputimer/ascend_metrics.rank15.pid79513.prom
[xpu_timer.ascend] stopped. events=5056 hang_flags=0 slow_flags=0 metrics -> /data/yinjinrun.p-huawei/results/ascend-ais/baseline/xputimer/contrast-p1-sw-b-20260725_124414/C1_inject_none/xputimer/ascend_metrics.rank9.pid79507.prom
[xpu_timer.ascend] stopped. events=5056 hang_flags=0 slow_flags=0 metrics -> /data/yinjinrun.p-huawei/results/ascend-ais/baseline/xputimer/contrast-p1-sw-b-20260725_124414/C1_inject_none/xputimer/ascend_metrics.rank8.pid79506.prom
[xpu_timer.ascend] stopped. events=5056 hang_flags=0 slow_flags=0 metrics -> /data/yinjinrun.p-huawei/results/ascend-ais/baseline/xputimer/contrast-p1-sw-b-20260725_124414/C1_inject_none/xputimer/ascend_metrics.rank6.pid79504.prom
[xpu_timer.ascend] stopped. events=5056 hang_flags=0 slow_flags=0 metrics -> /data/yinjinrun.p-huawei/results/ascend-ais/baseline/xputimer/contrast-p1-sw-b-20260725_124414/C1_inject_none/xputimer/ascend_metrics.rank2.pid79500.prom
[xpu_timer.ascend] stopped. events=5056 hang_flags=0 slow_flags=0 metrics -> /data/yinjinrun.p-huawei/results/ascend-ais/baseline/xputimer/contrast-p1-sw-b-20260725_124414/C1_inject_none/xputimer/ascend_metrics.rank7.pid79505.prom
[xpu_timer.ascend] stopped. events=5056 hang_flags=0 slow_flags=0 metrics -> /data/yinjinrun.p-huawei/results/ascend-ais/baseline/xputimer/contrast-p1-sw-b-20260725_124414/C1_inject_none/xputimer/ascend_metrics.rank10.pid79508.prom
[xpu_timer.ascend] stopped. events=5056 hang_flags=0 slow_flags=0 metrics -> /data/yinjinrun.p-huawei/results/ascend-ais/baseline/xputimer/contrast-p1-sw-b-20260725_124414/C1_inject_none/xputimer/ascend_metrics.rank12.pid79510.prom
[xpu_timer.ascend] stopped. events=5056 hang_flags=0 slow_flags=0 metrics -> /data/yinjinrun.p-huawei/results/ascend-ais/baseline/xputimer/contrast-p1-sw-b-20260725_124414/C1_inject_none/xputimer/ascend_metrics.rank13.pid79511.prom
