SIDECAR_START stress_vm_n=96_bytes=6G
PSI_UNAVAIL no_/proc/pressure
SC=150074
---AFTER_INJECT---
2026-07-25T12:45:48+08:00
stress-ng: info:  [150074] setting to a 900 second (15 mins, 0.00 secs) run per stressor
stress-ng: info:  [150074] dispatching hogs: 96 vm
               total        used        free      shared  buff/cache   available
Mem:           2.0Ti       316Gi       1.8Ti       4.2Gi        82Gi       1.7Ti
Swap:             0B          0B          0B
PSI_UNAVAIL
PAGEIN_PARTIAL used_delta_gi=6 t=30
               total        used        free      shared  buff/cache   available
Mem:           2.0Ti       323Gi       1.8Ti       4.2Gi        82Gi       1.7Ti
Swap:             0B          0B          0B
               total        used        free      shared  buff/cache   available
Mem:           2.0Ti       324Gi       1.8Ti       4.2Gi        82Gi       1.6Ti
Swap:             0B          0B          0B
stress-ng: error: [150074] process 150090 (stress-ng-vm) terminated with an error, exit status=5 (killed by signal)
stress-ng: error: [150074] process 150091 (stress-ng-vm) terminated with an error, exit status=5 (killed by signal)
stress-ng: error: [150074] process 150092 (stress-ng-vm) terminated with an error, exit status=5 (killed by signal)
stress-ng: error: [150074] process 150093 (stress-ng-vm) terminated with an error, exit status=5 (killed by signal)
stress-ng: error: [150074] process 150095 (stress-ng-vm) terminated with an error, exit status=5 (killed by signal)
stress-ng: error: [150074] process 150098 (stress-ng-vm) terminated with an error, exit status=5 (killed by signal)
stress-ng: error: [150074] process 150100 (stress-ng-vm) terminated with an error, exit status=5 (killed by signal)
stress-ng: error: [150074] process 150101 (stress-ng-vm) terminated with an error, exit status=5 (killed by signal)
stress-ng: error: [150074] process 150102 (stress-ng-vm) terminated with an error, exit status=5 (killed by signal)
stress-ng: error: [150074] process 150103 (stress-ng-vm) terminated with an error, exit status=5 (killed by signal)
stress-ng: error: [150074] process 150107 (stress-ng-vm) terminated with an error, exit status=5 (killed by signal)
stress-ng: error: [150074] process 150109 (stress-ng-vm) terminated with an error, exit status=5 (killed by signal)
stress-ng: error: [150074] process 150111 (stress-ng-vm) terminated with an error, exit status=5 (killed by signal)
stress-ng: error: [150074] process 150113 (stress-ng-vm) terminated with an error, exit status=5 (killed by signal)
stress-ng: error: [150074] process 150116 (stress-ng-vm) terminated with an error, exit status=5 (killed by signal)
stress-ng: error: [150074] process 150118 (stress-ng-vm) terminated with an error, exit status=5 (killed by signal)
stress-ng: error: [150074] process 150120 (stress-ng-vm) terminated with an error, exit status=5 (killed by signal)
stress-ng: error: [150074] process 150121 (stress-ng-vm) terminated with an error, exit status=5 (killed by signal)
stress-ng: error: [150074] process 150123 (stress-ng-vm) terminated with an error, exit status=5 (killed by signal)
stress-ng: error: [150074] process 150125 (stress-ng-vm) terminated with an error, exit status=5 (killed by signal)
stress-ng: error: [150074] process 150127 (stress-ng-vm) terminated with an error, exit status=5 (killed by signal)
stress-ng: error: [150074] process 150130 (stress-ng-vm) terminated with an error, exit status=5 (killed by signal)
stress-ng: error: [150074] process 150132 (stress-ng-vm) terminated with an error, exit status=5 (killed by signal)
stress-ng: error: [150074] process 150134 (stress-ng-vm) terminated with an error, exit status=5 (killed by signal)
stress-ng: error: [150074] process 150136 (stress-ng-vm) terminated with an error, exit status=5 (killed by signal)
stress-ng: error: [150074] process 150137 (stress-ng-vm) terminated with an error, exit status=5 (killed by signal)
stress-ng: error: [150074] process 150139 (stress-ng-vm) terminated with an error, exit status=5 (killed by signal)
stress-ng: error: [150074] process 150142 (stress-ng-vm) terminated with an error, exit status=5 (killed by signal)
stress-ng: error: [150074] process 150144 (stress-ng-vm) terminated with an error, exit status=5 (killed by signal)
stress-ng: error: [150074] process 150146 (stress-ng-vm) terminated with an error, exit status=5 (killed by signal)
stress-ng: error: [150074] process 150148 (stress-ng-vm) terminated with an error, exit status=5 (killed by signal)
stress-ng: error: [150074] process 150150 (stress-ng-vm) terminated with an error, exit status=5 (killed by signal)
stress-ng: error: [150074] process 150152 (stress-ng-vm) terminated with an error, exit status=5 (killed by signal)
stress-ng: error: [150074] process 150154 (stress-ng-vm) terminated with an error, exit status=5 (killed by signal)
stress-ng: error: [150074] process 150156 (stress-ng-vm) terminated with an error, exit status=5 (killed by signal)
stress-ng: error: [150074] process 150158 (stress-ng-vm) terminated with an error, exit status=5 (killed by signal)
stress-ng: error: [150074] process 150160 (stress-ng-vm) terminated with an error, exit status=5 (killed by signal)
stress-ng: error: [150074] process 150163 (stress-ng-vm) terminated with an error, exit status=5 (killed by signal)
stress-ng: error: [150074] process 150165 (stress-ng-vm) terminated with an error, exit status=5 (killed by signal)
stress-ng: error: [150074] process 150167 (stress-ng-vm) terminated with an error, exit status=5 (killed by signal)
stress-ng: error: [150074] process 150169 (stress-ng-vm) terminated with an error, exit status=5 (killed by signal)
stress-ng: error: [150074] process 150171 (stress-ng-vm) terminated with an error, exit status=5 (killed by signal)
stress-ng: error: [150074] process 150173 (stress-ng-vm) terminated with an error, exit status=5 (killed by signal)
stress-ng: error: [150074] process 150175 (stress-ng-vm) terminated with an error, exit status=5 (killed by signal)
stress-ng: error: [150074] process 150177 (stress-ng-vm) terminated with an error, exit status=5 (killed by signal)
stress-ng: error: [150074] process 150179 (stress-ng-vm) terminated with an error, exit status=5 (killed by signal)
stress-ng: error: [150074] process 150181 (stress-ng-vm) terminated with an error, exit status=5 (killed by signal)
stress-ng: error: [150074] process 150183 (stress-ng-vm) terminated with an error, exit status=5 (killed by signal)
stress-ng: error: [150074] process 150185 (stress-ng-vm) terminated with an error, exit status=5 (killed by signal)
stress-ng: error: [150074] process 150187 (stress-ng-vm) terminated with an error, exit status=5 (killed by signal)
stress-ng: error: [150074] process 150189 (stress-ng-vm) terminated with an error, exit status=5 (killed by signal)
stress-ng: error: [150074] process 150191 (stress-ng-vm) terminated with an error, exit status=5 (killed by signal)
stress-ng: error: [150074] process 150193 (stress-ng-vm) terminated with an error, exit status=5 (killed by signal)
stress-ng: error: [150074] process 150195 (stress-ng-vm) terminated with an error, exit status=5 (killed by signal)
stress-ng: error: [150074] process 150197 (stress-ng-vm) terminated with an error, exit status=5 (killed by signal)
stress-ng: error: [150074] process 150199 (stress-ng-vm) terminated with an error, exit status=5 (killed by signal)
stress-ng: error: [150074] process 150201 (stress-ng-vm) terminated with an error, exit status=5 (killed by signal)
stress-ng: error: [150074] process 150203 (stress-ng-vm) terminated with an error, exit status=5 (killed by signal)
stress-ng: error: [150074] process 150204 (stress-ng-vm) terminated with an error, exit status=5 (killed by signal)
stress-ng: error: [150074] process 150206 (stress-ng-vm) terminated with an error, exit status=5 (killed by signal)
stress-ng: error: [150074] process 150208 (stress-ng-vm) terminated with an error, exit status=5 (killed by signal)
stress-ng: error: [150074] process 150211 (stress-ng-vm) terminated with an error, exit status=5 (killed by signal)
stress-ng: error: [150074] process 150212 (stress-ng-vm) terminated with an error, exit status=5 (killed by signal)
stress-ng: error: [150074] process 150215 (stress-ng-vm) terminated with an error, exit status=5 (killed by signal)
stress-ng: error: [150074] process 150217 (stress-ng-vm) terminated with an error, exit status=5 (killed by signal)
stress-ng: error: [150074] process 150219 (stress-ng-vm) terminated with an error, exit status=5 (killed by signal)
stress-ng: error: [150074] process 150221 (stress-ng-vm) terminated with an error, exit status=5 (killed by signal)
stress-ng: error: [150074] process 150223 (stress-ng-vm) terminated with an error, exit status=5 (killed by signal)
stress-ng: error: [150074] process 150225 (stress-ng-vm) terminated with an error, exit status=5 (killed by signal)
stress-ng: error: [150074] process 150226 (stress-ng-vm) terminated with an error, exit status=5 (killed by signal)
stress-ng: error: [150074] process 150229 (stress-ng-vm) terminated with an error, exit status=5 (killed by signal)
stress-ng: error: [150074] process 150230 (stress-ng-vm) terminated with an error, exit status=5 (killed by signal)
stress-ng: error: [150074] process 150232 (stress-ng-vm) terminated with an error, exit status=5 (killed by signal)
stress-ng: error: [150074] process 150235 (stress-ng-vm) terminated with an error, exit status=5 (killed by signal)
stress-ng: error: [150074] process 150237 (stress-ng-vm) terminated with an error, exit status=5 (killed by signal)
stress-ng: error: [150074] process 150238 (stress-ng-vm) terminated with an error, exit status=5 (killed by signal)
stress-ng: error: [150074] process 150241 (stress-ng-vm) terminated with an error, exit status=5 (killed by signal)
stress-ng: error: [150074] process 150242 (stress-ng-vm) terminated with an error, exit status=5 (killed by signal)
stress-ng: error: [150074] process 150245 (stress-ng-vm) terminated with an error, exit status=5 (killed by signal)
stress-ng: error: [150074] process 150247 (stress-ng-vm) terminated with an error, exit status=5 (killed by signal)
stress-ng: error: [150074] process 150248 (stress-ng-vm) terminated with an error, exit status=5 (killed by signal)
stress-ng: error: [150074] process 150250 (stress-ng-vm) terminated with an error, exit status=5 (killed by signal)
stress-ng: error: [150074] process 150253 (stress-ng-vm) terminated with an error, exit status=5 (killed by signal)
stress-ng: error: [150074] process 150254 (stress-ng-vm) terminated with an error, exit status=5 (killed by signal)
stress-ng: error: [150074] process 150257 (stress-ng-vm) terminated with an error, exit status=5 (killed by signal)
stress-ng: error: [150074] process 150259 (stress-ng-vm) terminated with an error, exit status=5 (killed by signal)
stress-ng: error: [150074] process 150260 (stress-ng-vm) terminated with an error, exit status=5 (killed by signal)
stress-ng: error: [150074] process 150262 (stress-ng-vm) terminated with an error, exit status=5 (killed by signal)
stress-ng: error: [150074] process 150265 (stress-ng-vm) terminated with an error, exit status=5 (killed by signal)
stress-ng: error: [150074] process 150266 (stress-ng-vm) terminated with an error, exit status=5 (killed by signal)
stress-ng: error: [150074] process 150268 (stress-ng-vm) terminated with an error, exit status=5 (killed by signal)
stress-ng: error: [150074] process 150270 (stress-ng-vm) terminated with an error, exit status=5 (killed by signal)
stress-ng: error: [150074] process 150272 (stress-ng-vm) terminated with an error, exit status=5 (killed by signal)
stress-ng: error: [150074] process 150275 (stress-ng-vm) terminated with an error, exit status=5 (killed by signal)
stress-ng: error: [150074] process 150276 (stress-ng-vm) terminated with an error, exit status=5 (killed by signal)
stress-ng: error: [150074] process 150279 (stress-ng-vm) terminated with an error, exit status=5 (killed by signal)
stress-ng: info:  [150074] unsuccessful run completed in 71.64s (1 min, 11.64 secs)
SIDECAR_STOP ts=1784954820 held_s=37
