W0725 13:24:00.417000 126640 site-packages/torch/distributed/run.py:766] 
W0725 13:24:00.417000 126640 site-packages/torch/distributed/run.py:766] *****************************************
W0725 13:24:00.417000 126640 site-packages/torch/distributed/run.py:766] Setting OMP_NUM_THREADS environment variable for each process to be 1 in default, to avoid your system being overloaded, please further tune the variable for optimal performance in your application as needed. 
W0725 13:24:00.417000 126640 site-packages/torch/distributed/run.py:766] *****************************************
[xpu_timer.ascend] started. pid=126783 hang_timeout=60000ms slow_us=0 dump=/data/yinjinrun.p-huawei/results/ascend-ais/baseline/xputimer/contrast-p2-sw-c-20260725_132235/C1_inject_none/xputimer
[rank4]:[W725 13:24:06.074621386 compiler_depend.ts:338] Warning: Cannot create tensor with interal format while allow_internel_format=False, tensor will be created with base format. (function operator())
[xpu_timer.ascend] started. pid=126785 hang_timeout=60000ms slow_us=0 dump=/data/yinjinrun.p-huawei/results/ascend-ais/baseline/xputimer/contrast-p2-sw-c-20260725_132235/C1_inject_none/xputimer
[xpu_timer.ascend] started. pid=126779 hang_timeout=60000ms slow_us=0 dump=/data/yinjinrun.p-huawei/results/ascend-ais/baseline/xputimer/contrast-p2-sw-c-20260725_132235/C1_inject_none/xputimer
[rank6]:[W725 13:24:07.475447771 compiler_depend.ts:338] Warning: Cannot create tensor with interal format while allow_internel_format=False, tensor will be created with base format. (function operator())
[rank0]:[W725 13:24:07.494325422 compiler_depend.ts:338] Warning: Cannot create tensor with interal format while allow_internel_format=False, tensor will be created with base format. (function operator())
[xpu_timer.ascend] started. pid=126786 hang_timeout=60000ms slow_us=0 dump=/data/yinjinrun.p-huawei/results/ascend-ais/baseline/xputimer/contrast-p2-sw-c-20260725_132235/C1_inject_none/xputimer
[xpu_timer.ascend] started. pid=126784 hang_timeout=60000ms slow_us=0 dump=/data/yinjinrun.p-huawei/results/ascend-ais/baseline/xputimer/contrast-p2-sw-c-20260725_132235/C1_inject_none/xputimer
[xpu_timer.ascend] started. pid=126780 hang_timeout=60000ms slow_us=0 dump=/data/yinjinrun.p-huawei/results/ascend-ais/baseline/xputimer/contrast-p2-sw-c-20260725_132235/C1_inject_none/xputimer
[rank7]:[W725 13:24:07.789838228 compiler_depend.ts:338] Warning: Cannot create tensor with interal format while allow_internel_format=False, tensor will be created with base format. (function operator())
[rank5]:[W725 13:24:07.853963421 compiler_depend.ts:338] Warning: Cannot create tensor with interal format while allow_internel_format=False, tensor will be created with base format. (function operator())
[xpu_timer.ascend] started. pid=126790 hang_timeout=60000ms slow_us=0 dump=/data/yinjinrun.p-huawei/results/ascend-ais/baseline/xputimer/contrast-p2-sw-c-20260725_132235/C1_inject_none/xputimer
[rank1]:[W725 13:24:07.884816276 compiler_depend.ts:338] Warning: Cannot create tensor with interal format while allow_internel_format=False, tensor will be created with base format. (function operator())
[rank11]:[W725 13:24:07.974583143 compiler_depend.ts:338] Warning: Cannot create tensor with interal format while allow_internel_format=False, tensor will be created with base format. (function operator())
[xpu_timer.ascend] started. pid=126789 hang_timeout=60000ms slow_us=0 dump=/data/yinjinrun.p-huawei/results/ascend-ais/baseline/xputimer/contrast-p2-sw-c-20260725_132235/C1_inject_none/xputimer
[xpu_timer.ascend] started. pid=126793 hang_timeout=60000ms slow_us=0 dump=/data/yinjinrun.p-huawei/results/ascend-ais/baseline/xputimer/contrast-p2-sw-c-20260725_132235/C1_inject_none/xputimer
[xpu_timer.ascend] started. pid=126794 hang_timeout=60000ms slow_us=0 dump=/data/yinjinrun.p-huawei/results/ascend-ais/baseline/xputimer/contrast-p2-sw-c-20260725_132235/C1_inject_none/xputimer
[xpu_timer.ascend] started. pid=126782 hang_timeout=60000ms slow_us=0 dump=/data/yinjinrun.p-huawei/results/ascend-ais/baseline/xputimer/contrast-p2-sw-c-20260725_132235/C1_inject_none/xputimer
[rank10]:[W725 13:24:07.085266480 compiler_depend.ts:338] Warning: Cannot create tensor with interal format while allow_internel_format=False, tensor will be created with base format. (function operator())
[rank14]:[W725 13:24:07.160415011 compiler_depend.ts:338] Warning: Cannot create tensor with interal format while allow_internel_format=False, tensor will be created with base format. (function operator())
[xpu_timer.ascend] started. pid=126781 hang_timeout=60000ms slow_us=0 dump=/data/yinjinrun.p-huawei/results/ascend-ais/baseline/xputimer/contrast-p2-sw-c-20260725_132235/C1_inject_none/xputimer
[rank15]:[W725 13:24:07.174768287 compiler_depend.ts:338] Warning: Cannot create tensor with interal format while allow_internel_format=False, tensor will be created with base format. (function operator())
[xpu_timer.ascend] started. pid=126787 hang_timeout=60000ms slow_us=0 dump=/data/yinjinrun.p-huawei/results/ascend-ais/baseline/xputimer/contrast-p2-sw-c-20260725_132235/C1_inject_none/xputimer
[rank3]:[W725 13:24:07.199869869 compiler_depend.ts:338] Warning: Cannot create tensor with interal format while allow_internel_format=False, tensor will be created with base format. (function operator())
[rank2]:[W725 13:24:07.275109033 compiler_depend.ts:338] Warning: Cannot create tensor with interal format while allow_internel_format=False, tensor will be created with base format. (function operator())
[rank8]:[W725 13:24:07.292076951 compiler_depend.ts:338] Warning: Cannot create tensor with interal format while allow_internel_format=False, tensor will be created with base format. (function operator())
[xpu_timer.ascend] started. pid=126788 hang_timeout=60000ms slow_us=0 dump=/data/yinjinrun.p-huawei/results/ascend-ais/baseline/xputimer/contrast-p2-sw-c-20260725_132235/C1_inject_none/xputimer
[xpu_timer.ascend] started. pid=126791 hang_timeout=60000ms slow_us=0 dump=/data/yinjinrun.p-huawei/results/ascend-ais/baseline/xputimer/contrast-p2-sw-c-20260725_132235/C1_inject_none/xputimer
[xpu_timer.ascend] started. pid=126792 hang_timeout=60000ms slow_us=0 dump=/data/yinjinrun.p-huawei/results/ascend-ais/baseline/xputimer/contrast-p2-sw-c-20260725_132235/C1_inject_none/xputimer
[rank9]:[W725 13:24:08.843881283 compiler_depend.ts:338] Warning: Cannot create tensor with interal format while allow_internel_format=False, tensor will be created with base format. (function operator())
[rank13]:[W725 13:24:08.844854521 compiler_depend.ts:338] Warning: Cannot create tensor with interal format while allow_internel_format=False, tensor will be created with base format. (function operator())
[rank12]:[W725 13:24:08.866579102 compiler_depend.ts:338] Warning: Cannot create tensor with interal format while allow_internel_format=False, tensor will be created with base format. (function operator())
/root/miniconda3/envs/llm_test/lib/python3.10/site-packages/torch/distributed/distributed_c10d.py:4631: UserWarning: No device id is provided via `init_process_group` or `barrier `. Using the current device set by the user. 
  warnings.warn(  # warn only once
/root/miniconda3/envs/llm_test/lib/python3.10/site-packages/torch/distributed/distributed_c10d.py:4631: UserWarning: No device id is provided via `init_process_group` or `barrier `. Using the current device set by the user. 
  warnings.warn(  # warn only once
/root/miniconda3/envs/llm_test/lib/python3.10/site-packages/torch/distributed/distributed_c10d.py:4631: UserWarning: No device id is provided via `init_process_group` or `barrier `. Using the current device set by the user. 
  warnings.warn(  # warn only once
/root/miniconda3/envs/llm_test/lib/python3.10/site-packages/torch/distributed/distributed_c10d.py:4631: UserWarning: No device id is provided via `init_process_group` or `barrier `. Using the current device set by the user. 
  warnings.warn(  # warn only once
/root/miniconda3/envs/llm_test/lib/python3.10/site-packages/torch/distributed/distributed_c10d.py:4631: UserWarning: No device id is provided via `init_process_group` or `barrier `. Using the current device set by the user. 
  warnings.warn(  # warn only once
/root/miniconda3/envs/llm_test/lib/python3.10/site-packages/torch/distributed/distributed_c10d.py:4631: UserWarning: No device id is provided via `init_process_group` or `barrier `. Using the current device set by the user. 
  warnings.warn(  # warn only once
/root/miniconda3/envs/llm_test/lib/python3.10/site-packages/torch/distributed/distributed_c10d.py:4631: UserWarning: No device id is provided via `init_process_group` or `barrier `. Using the current device set by the user. 
  warnings.warn(  # warn only once
/root/miniconda3/envs/llm_test/lib/python3.10/site-packages/torch/distributed/distributed_c10d.py:4631: UserWarning: No device id is provided via `init_process_group` or `barrier `. Using the current device set by the user. 
  warnings.warn(  # warn only once
/root/miniconda3/envs/llm_test/lib/python3.10/site-packages/torch/distributed/distributed_c10d.py:4631: UserWarning: No device id is provided via `init_process_group` or `barrier `. Using the current device set by the user. 
  warnings.warn(  # warn only once
/root/miniconda3/envs/llm_test/lib/python3.10/site-packages/torch/distributed/distributed_c10d.py:4631: UserWarning: No device id is provided via `init_process_group` or `barrier `. Using the current device set by the user. 
  warnings.warn(  # warn only once
/root/miniconda3/envs/llm_test/lib/python3.10/site-packages/torch/distributed/distributed_c10d.py:4631: UserWarning: No device id is provided via `init_process_group` or `barrier `. Using the current device set by the user. 
  warnings.warn(  # warn only once
/root/miniconda3/envs/llm_test/lib/python3.10/site-packages/torch/distributed/distributed_c10d.py:4631: UserWarning: No device id is provided via `init_process_group` or `barrier `. Using the current device set by the user. 
  warnings.warn(  # warn only once
/root/miniconda3/envs/llm_test/lib/python3.10/site-packages/torch/distributed/distributed_c10d.py:4631: UserWarning: No device id is provided via `init_process_group` or `barrier `. Using the current device set by the user. 
  warnings.warn(  # warn only once
/root/miniconda3/envs/llm_test/lib/python3.10/site-packages/torch/distributed/distributed_c10d.py:4631: UserWarning: No device id is provided via `init_process_group` or `barrier `. Using the current device set by the user. 
  warnings.warn(  # warn only once
/root/miniconda3/envs/llm_test/lib/python3.10/site-packages/torch/distributed/distributed_c10d.py:4631: UserWarning: No device id is provided via `init_process_group` or `barrier `. Using the current device set by the user. 
  warnings.warn(  # warn only once
/root/miniconda3/envs/llm_test/lib/python3.10/site-packages/torch/distributed/distributed_c10d.py:4631: UserWarning: No device id is provided via `init_process_group` or `barrier `. Using the current device set by the user. 
  warnings.warn(  # warn only once
DONE world=16 out=/data/yinjinrun.p-huawei/results/ascend-ais/baseline/xputimer/contrast-p2-sw-c-20260725_132235/C1_inject_none/ranks/rank_0000.jsonl
[xpu_timer.ascend] stopped. events=286656 hang_flags=0 slow_flags=0 metrics -> /data/yinjinrun.p-huawei/results/ascend-ais/baseline/xputimer/contrast-p2-sw-c-20260725_132235/C1_inject_none/xputimer/ascend_metrics.rank12.pid126791.prom
[xpu_timer.ascend] stopped. events=286656 hang_flags=0 slow_flags=0 metrics -> /data/yinjinrun.p-huawei/results/ascend-ais/baseline/xputimer/contrast-p2-sw-c-20260725_132235/C1_inject_none/xputimer/ascend_metrics.rank10.pid126789.prom
[xpu_timer.ascend] stopped. events=286656 hang_flags=0 slow_flags=0 metrics -> /data/yinjinrun.p-huawei/results/ascend-ais/baseline/xputimer/contrast-p2-sw-c-20260725_132235/C1_inject_none/xputimer/ascend_metrics.rank11.pid126790.prom
[xpu_timer.ascend] stopped. events=286656 hang_flags=0 slow_flags=0 metrics -> /data/yinjinrun.p-huawei/results/ascend-ais/baseline/xputimer/contrast-p2-sw-c-20260725_132235/C1_inject_none/xputimer/ascend_metrics.rank6.pid126785.prom
[xpu_timer.ascend] stopped. events=286656 hang_flags=0 slow_flags=0 metrics -> /data/yinjinrun.p-huawei/results/ascend-ais/baseline/xputimer/contrast-p2-sw-c-20260725_132235/C1_inject_none/xputimer/ascend_metrics.rank14.pid126793.prom
[xpu_timer.ascend] stopped. events=286656 hang_flags=0 slow_flags=0 metrics -> /data/yinjinrun.p-huawei/results/ascend-ais/baseline/xputimer/contrast-p2-sw-c-20260725_132235/C1_inject_none/xputimer/ascend_metrics.rank15.pid126794.prom
[xpu_timer.ascend] stopped. events=286656 hang_flags=0 slow_flags=0 metrics -> /data/yinjinrun.p-huawei/results/ascend-ais/baseline/xputimer/contrast-p2-sw-c-20260725_132235/C1_inject_none/xputimer/ascend_metrics.rank9.pid126788.prom
[xpu_timer.ascend] stopped. events=286656 hang_flags=0 slow_flags=0 metrics -> /data/yinjinrun.p-huawei/results/ascend-ais/baseline/xputimer/contrast-p2-sw-c-20260725_132235/C1_inject_none/xputimer/ascend_metrics.rank1.pid126780.prom
[xpu_timer.ascend] stopped. events=287161 hang_flags=0 slow_flags=0 metrics -> /data/yinjinrun.p-huawei/results/ascend-ais/baseline/xputimer/contrast-p2-sw-c-20260725_132235/C1_inject_none/xputimer/ascend_metrics.rank0.pid126779.prom
[xpu_timer.ascend] stopped. events=286656 hang_flags=0 slow_flags=0 metrics -> /data/yinjinrun.p-huawei/results/ascend-ais/baseline/xputimer/contrast-p2-sw-c-20260725_132235/C1_inject_none/xputimer/ascend_metrics.rank8.pid126787.prom
[xpu_timer.ascend] stopped. events=286656 hang_flags=0 slow_flags=0 metrics -> /data/yinjinrun.p-huawei/results/ascend-ais/baseline/xputimer/contrast-p2-sw-c-20260725_132235/C1_inject_none/xputimer/ascend_metrics.rank7.pid126786.prom
[xpu_timer.ascend] stopped. events=286656 hang_flags=0 slow_flags=0 metrics -> /data/yinjinrun.p-huawei/results/ascend-ais/baseline/xputimer/contrast-p2-sw-c-20260725_132235/C1_inject_none/xputimer/ascend_metrics.rank13.pid126792.prom
[xpu_timer.ascend] stopped. events=286656 hang_flags=0 slow_flags=0 metrics -> /data/yinjinrun.p-huawei/results/ascend-ais/baseline/xputimer/contrast-p2-sw-c-20260725_132235/C1_inject_none/xputimer/ascend_metrics.rank2.pid126781.prom
[xpu_timer.ascend] stopped. events=286656 hang_flags=0 slow_flags=0 metrics -> /data/yinjinrun.p-huawei/results/ascend-ais/baseline/xputimer/contrast-p2-sw-c-20260725_132235/C1_inject_none/xputimer/ascend_metrics.rank3.pid126782.prom
[xpu_timer.ascend] stopped. events=286656 hang_flags=0 slow_flags=0 metrics -> /data/yinjinrun.p-huawei/results/ascend-ais/baseline/xputimer/contrast-p2-sw-c-20260725_132235/C1_inject_none/xputimer/ascend_metrics.rank5.pid126784.prom
[xpu_timer.ascend] stopped. events=286656 hang_flags=0 slow_flags=0 metrics -> /data/yinjinrun.p-huawei/results/ascend-ais/baseline/xputimer/contrast-p2-sw-c-20260725_132235/C1_inject_none/xputimer/ascend_metrics.rank4.pid126783.prom
