W0725 12:37:47.910000 69903 site-packages/torch/distributed/run.py:766] 
W0725 12:37:47.910000 69903 site-packages/torch/distributed/run.py:766] *****************************************
W0725 12:37:47.910000 69903 site-packages/torch/distributed/run.py:766] Setting OMP_NUM_THREADS environment variable for each process to be 1 in default, to avoid your system being overloaded, please further tune the variable for optimal performance in your application as needed. 
W0725 12:37:47.910000 69903 site-packages/torch/distributed/run.py:766] *****************************************
[xpu_timer.ascend] started. pid=70042 hang_timeout=60000ms slow_us=0 dump=/data/yinjinrun.p-huawei/results/ascend-ais/baseline/xputimer/contrast-p1-sw-a-20260725_123626/C1_inject_none/xputimer
[xpu_timer.ascend] started. pid=70051 hang_timeout=60000ms slow_us=0 dump=/data/yinjinrun.p-huawei/results/ascend-ais/baseline/xputimer/contrast-p1-sw-a-20260725_123626/C1_inject_none/xputimer
[xpu_timer.ascend] started. pid=70048 hang_timeout=60000ms slow_us=0 dump=/data/yinjinrun.p-huawei/results/ascend-ais/baseline/xputimer/contrast-p1-sw-a-20260725_123626/C1_inject_none/xputimer
[rank0]:[W725 12:37:54.653090809 compiler_depend.ts:338] Warning: Cannot create tensor with interal format while allow_internel_format=False, tensor will be created with base format. (function operator())
[xpu_timer.ascend] started. pid=70044 hang_timeout=60000ms slow_us=0 dump=/data/yinjinrun.p-huawei/results/ascend-ais/baseline/xputimer/contrast-p1-sw-a-20260725_123626/C1_inject_none/xputimer
[rank6]:[W725 12:37:54.668242816 compiler_depend.ts:338] Warning: Cannot create tensor with interal format while allow_internel_format=False, tensor will be created with base format. (function operator())
[rank9]:[W725 12:37:54.671152687 compiler_depend.ts:338] Warning: Cannot create tensor with interal format while allow_internel_format=False, tensor will be created with base format. (function operator())
[rank2]:[W725 12:37:54.771301454 compiler_depend.ts:338] Warning: Cannot create tensor with interal format while allow_internel_format=False, tensor will be created with base format. (function operator())
[xpu_timer.ascend] started. pid=70043 hang_timeout=60000ms slow_us=0 dump=/data/yinjinrun.p-huawei/results/ascend-ais/baseline/xputimer/contrast-p1-sw-a-20260725_123626/C1_inject_none/xputimer
[rank1]:[W725 12:37:54.153300700 compiler_depend.ts:338] Warning: Cannot create tensor with interal format while allow_internel_format=False, tensor will be created with base format. (function operator())
[xpu_timer.ascend] started. pid=70047 hang_timeout=60000ms slow_us=0 dump=/data/yinjinrun.p-huawei/results/ascend-ais/baseline/xputimer/contrast-p1-sw-a-20260725_123626/C1_inject_none/xputimer
[xpu_timer.ascend] started. pid=70057 hang_timeout=60000ms slow_us=0 dump=/data/yinjinrun.p-huawei/results/ascend-ais/baseline/xputimer/contrast-p1-sw-a-20260725_123626/C1_inject_none/xputimer
[xpu_timer.ascend] started. pid=70053 hang_timeout=60000ms slow_us=0 dump=/data/yinjinrun.p-huawei/results/ascend-ais/baseline/xputimer/contrast-p1-sw-a-20260725_123626/C1_inject_none/xputimer
[rank5]:[W725 12:37:54.283314305 compiler_depend.ts:338] Warning: Cannot create tensor with interal format while allow_internel_format=False, tensor will be created with base format. (function operator())
[rank15]:[W725 12:37:55.303968972 compiler_depend.ts:338] Warning: Cannot create tensor with interal format while allow_internel_format=False, tensor will be created with base format. (function operator())
[rank11]:[W725 12:37:55.309918038 compiler_depend.ts:338] Warning: Cannot create tensor with interal format while allow_internel_format=False, tensor will be created with base format. (function operator())
[xpu_timer.ascend] started. pid=70046 hang_timeout=60000ms slow_us=0 dump=/data/yinjinrun.p-huawei/results/ascend-ais/baseline/xputimer/contrast-p1-sw-a-20260725_123626/C1_inject_none/xputimer
[xpu_timer.ascend] started. pid=70049 hang_timeout=60000ms slow_us=0 dump=/data/yinjinrun.p-huawei/results/ascend-ais/baseline/xputimer/contrast-p1-sw-a-20260725_123626/C1_inject_none/xputimer
[rank4]:[W725 12:37:55.564023912 compiler_depend.ts:338] Warning: Cannot create tensor with interal format while allow_internel_format=False, tensor will be created with base format. (function operator())
[xpu_timer.ascend] started. pid=70052 hang_timeout=60000ms slow_us=0 dump=/data/yinjinrun.p-huawei/results/ascend-ais/baseline/xputimer/contrast-p1-sw-a-20260725_123626/C1_inject_none/xputimer
[xpu_timer.ascend] started. pid=70050 hang_timeout=60000ms slow_us=0 dump=/data/yinjinrun.p-huawei/results/ascend-ais/baseline/xputimer/contrast-p1-sw-a-20260725_123626/C1_inject_none/xputimer
[rank7]:[W725 12:37:55.600031004 compiler_depend.ts:338] Warning: Cannot create tensor with interal format while allow_internel_format=False, tensor will be created with base format. (function operator())
[xpu_timer.ascend] started. pid=70045 hang_timeout=60000ms slow_us=0 dump=/data/yinjinrun.p-huawei/results/ascend-ais/baseline/xputimer/contrast-p1-sw-a-20260725_123626/C1_inject_none/xputimer
[xpu_timer.ascend] started. pid=70055 hang_timeout=60000ms slow_us=0 dump=/data/yinjinrun.p-huawei/results/ascend-ais/baseline/xputimer/contrast-p1-sw-a-20260725_123626/C1_inject_none/xputimer
[xpu_timer.ascend] started. pid=70054 hang_timeout=60000ms slow_us=0 dump=/data/yinjinrun.p-huawei/results/ascend-ais/baseline/xputimer/contrast-p1-sw-a-20260725_123626/C1_inject_none/xputimer
[rank10]:[W725 12:37:55.680024842 compiler_depend.ts:338] Warning: Cannot create tensor with interal format while allow_internel_format=False, tensor will be created with base format. (function operator())
[rank8]:[W725 12:37:55.690793652 compiler_depend.ts:338] Warning: Cannot create tensor with interal format while allow_internel_format=False, tensor will be created with base format. (function operator())
[rank13]:[W725 12:37:55.725921911 compiler_depend.ts:338] Warning: Cannot create tensor with interal format while allow_internel_format=False, tensor will be created with base format. (function operator())
[rank3]:[W725 12:37:55.733578173 compiler_depend.ts:338] Warning: Cannot create tensor with interal format while allow_internel_format=False, tensor will be created with base format. (function operator())
[rank12]:[W725 12:37:55.765784280 compiler_depend.ts:338] Warning: Cannot create tensor with interal format while allow_internel_format=False, tensor will be created with base format. (function operator())
[xpu_timer.ascend] started. pid=70056 hang_timeout=60000ms slow_us=0 dump=/data/yinjinrun.p-huawei/results/ascend-ais/baseline/xputimer/contrast-p1-sw-a-20260725_123626/C1_inject_none/xputimer
[rank14]:[W725 12:37:55.921075758 compiler_depend.ts:338] Warning: Cannot create tensor with interal format while allow_internel_format=False, tensor will be created with base format. (function operator())
/root/miniconda3/envs/llm_test/lib/python3.10/site-packages/torch/distributed/distributed_c10d.py:4631: UserWarning: No device id is provided via `init_process_group` or `barrier `. Using the current device set by the user. 
  warnings.warn(  # warn only once
/root/miniconda3/envs/llm_test/lib/python3.10/site-packages/torch/distributed/distributed_c10d.py:4631: UserWarning: No device id is provided via `init_process_group` or `barrier `. Using the current device set by the user. 
  warnings.warn(  # warn only once
/root/miniconda3/envs/llm_test/lib/python3.10/site-packages/torch/distributed/distributed_c10d.py:4631: UserWarning: No device id is provided via `init_process_group` or `barrier `. Using the current device set by the user. 
  warnings.warn(  # warn only once
/root/miniconda3/envs/llm_test/lib/python3.10/site-packages/torch/distributed/distributed_c10d.py:4631: UserWarning: No device id is provided via `init_process_group` or `barrier `. Using the current device set by the user. 
  warnings.warn(  # warn only once
/root/miniconda3/envs/llm_test/lib/python3.10/site-packages/torch/distributed/distributed_c10d.py:4631: UserWarning: No device id is provided via `init_process_group` or `barrier `. Using the current device set by the user. 
  warnings.warn(  # warn only once
/root/miniconda3/envs/llm_test/lib/python3.10/site-packages/torch/distributed/distributed_c10d.py:4631: UserWarning: No device id is provided via `init_process_group` or `barrier `. Using the current device set by the user. 
  warnings.warn(  # warn only once
/root/miniconda3/envs/llm_test/lib/python3.10/site-packages/torch/distributed/distributed_c10d.py:4631: UserWarning: No device id is provided via `init_process_group` or `barrier `. Using the current device set by the user. 
  warnings.warn(  # warn only once
/root/miniconda3/envs/llm_test/lib/python3.10/site-packages/torch/distributed/distributed_c10d.py:4631: UserWarning: No device id is provided via `init_process_group` or `barrier `. Using the current device set by the user. 
  warnings.warn(  # warn only once
/root/miniconda3/envs/llm_test/lib/python3.10/site-packages/torch/distributed/distributed_c10d.py:4631: UserWarning: No device id is provided via `init_process_group` or `barrier `. Using the current device set by the user. 
  warnings.warn(  # warn only once
/root/miniconda3/envs/llm_test/lib/python3.10/site-packages/torch/distributed/distributed_c10d.py:4631: UserWarning: No device id is provided via `init_process_group` or `barrier `. Using the current device set by the user. 
  warnings.warn(  # warn only once
/root/miniconda3/envs/llm_test/lib/python3.10/site-packages/torch/distributed/distributed_c10d.py:4631: UserWarning: No device id is provided via `init_process_group` or `barrier `. Using the current device set by the user. 
  warnings.warn(  # warn only once
/root/miniconda3/envs/llm_test/lib/python3.10/site-packages/torch/distributed/distributed_c10d.py:4631: UserWarning: No device id is provided via `init_process_group` or `barrier `. Using the current device set by the user. 
  warnings.warn(  # warn only once
/root/miniconda3/envs/llm_test/lib/python3.10/site-packages/torch/distributed/distributed_c10d.py:4631: UserWarning: No device id is provided via `init_process_group` or `barrier `. Using the current device set by the user. 
  warnings.warn(  # warn only once
/root/miniconda3/envs/llm_test/lib/python3.10/site-packages/torch/distributed/distributed_c10d.py:4631: UserWarning: No device id is provided via `init_process_group` or `barrier `. Using the current device set by the user. 
  warnings.warn(  # warn only once
/root/miniconda3/envs/llm_test/lib/python3.10/site-packages/torch/distributed/distributed_c10d.py:4631: UserWarning: No device id is provided via `init_process_group` or `barrier `. Using the current device set by the user. 
  warnings.warn(  # warn only once
/root/miniconda3/envs/llm_test/lib/python3.10/site-packages/torch/distributed/distributed_c10d.py:4631: UserWarning: No device id is provided via `init_process_group` or `barrier `. Using the current device set by the user. 
  warnings.warn(  # warn only once
INLINE_2A_FRAG chunks/step=12 stall_mb=768 min_stall_s=0.25 win=[100,300)
DONE world=16 out=/data/yinjinrun.p-huawei/results/ascend-ais/baseline/xputimer/contrast-p1-sw-a-20260725_123626/C1_inject_none/ranks/rank_0000.jsonl
[xpu_timer.ascend] stopped. events=5056 hang_flags=0 slow_flags=0 metrics -> /data/yinjinrun.p-huawei/results/ascend-ais/baseline/xputimer/contrast-p1-sw-a-20260725_123626/C1_inject_none/xputimer/ascend_metrics.rank15.pid70057.prom
[xpu_timer.ascend] stopped. events=5056 hang_flags=0 slow_flags=0 metrics -> /data/yinjinrun.p-huawei/results/ascend-ais/baseline/xputimer/contrast-p1-sw-a-20260725_123626/C1_inject_none/xputimer/ascend_metrics.rank4.pid70046.prom
[xpu_timer.ascend] stopped. events=5056 hang_flags=0 slow_flags=0 metrics -> /data/yinjinrun.p-huawei/results/ascend-ais/baseline/xputimer/contrast-p1-sw-a-20260725_123626/C1_inject_none/xputimer/ascend_metrics.rank5.pid70047.prom
[xpu_timer.ascend] stopped. events=5056 hang_flags=0 slow_flags=0 metrics -> /data/yinjinrun.p-huawei/results/ascend-ais/baseline/xputimer/contrast-p1-sw-a-20260725_123626/C1_inject_none/xputimer/ascend_metrics.rank11.pid70053.prom
[xpu_timer.ascend] stopped. events=5056 hang_flags=0 slow_flags=0 metrics -> /data/yinjinrun.p-huawei/results/ascend-ais/baseline/xputimer/contrast-p1-sw-a-20260725_123626/C1_inject_none/xputimer/ascend_metrics.rank14.pid70056.prom
[xpu_timer.ascend] stopped. events=5056 hang_flags=0 slow_flags=0 metrics -> /data/yinjinrun.p-huawei/results/ascend-ais/baseline/xputimer/contrast-p1-sw-a-20260725_123626/C1_inject_none/xputimer/ascend_metrics.rank10.pid70052.prom
[xpu_timer.ascend] stopped. events=5056 hang_flags=0 slow_flags=0 metrics -> /data/yinjinrun.p-huawei/results/ascend-ais/baseline/xputimer/contrast-p1-sw-a-20260725_123626/C1_inject_none/xputimer/ascend_metrics.rank2.pid70044.prom
[xpu_timer.ascend] stopped. events=5056 hang_flags=0 slow_flags=0 metrics -> /data/yinjinrun.p-huawei/results/ascend-ais/baseline/xputimer/contrast-p1-sw-a-20260725_123626/C1_inject_none/xputimer/ascend_metrics.rank12.pid70054.prom
[xpu_timer.ascend] stopped. events=5056 hang_flags=0 slow_flags=0 metrics -> /data/yinjinrun.p-huawei/results/ascend-ais/baseline/xputimer/contrast-p1-sw-a-20260725_123626/C1_inject_none/xputimer/ascend_metrics.rank3.pid70045.prom
[xpu_timer.ascend] stopped. events=5056 hang_flags=0 slow_flags=0 metrics -> /data/yinjinrun.p-huawei/results/ascend-ais/baseline/xputimer/contrast-p1-sw-a-20260725_123626/C1_inject_none/xputimer/ascend_metrics.rank7.pid70049.prom
[xpu_timer.ascend] stopped. events=5056 hang_flags=0 slow_flags=0 metrics -> /data/yinjinrun.p-huawei/results/ascend-ais/baseline/xputimer/contrast-p1-sw-a-20260725_123626/C1_inject_none/xputimer/ascend_metrics.rank6.pid70048.prom
[xpu_timer.ascend] stopped. events=5056 hang_flags=0 slow_flags=0 metrics -> /data/yinjinrun.p-huawei/results/ascend-ais/baseline/xputimer/contrast-p1-sw-a-20260725_123626/C1_inject_none/xputimer/ascend_metrics.rank13.pid70055.prom
[xpu_timer.ascend] stopped. events=5561 hang_flags=0 slow_flags=0 metrics -> /data/yinjinrun.p-huawei/results/ascend-ais/baseline/xputimer/contrast-p1-sw-a-20260725_123626/C1_inject_none/xputimer/ascend_metrics.rank0.pid70042.prom
[xpu_timer.ascend] stopped. events=5056 hang_flags=0 slow_flags=0 metrics -> /data/yinjinrun.p-huawei/results/ascend-ais/baseline/xputimer/contrast-p1-sw-a-20260725_123626/C1_inject_none/xputimer/ascend_metrics.rank1.pid70043.prom
[xpu_timer.ascend] stopped. events=5056 hang_flags=0 slow_flags=0 metrics -> /data/yinjinrun.p-huawei/results/ascend-ais/baseline/xputimer/contrast-p1-sw-a-20260725_123626/C1_inject_none/xputimer/ascend_metrics.rank8.pid70050.prom
[xpu_timer.ascend] stopped. events=5056 hang_flags=0 slow_flags=0 metrics -> /data/yinjinrun.p-huawei/results/ascend-ais/baseline/xputimer/contrast-p1-sw-a-20260725_123626/C1_inject_none/xputimer/ascend_metrics.rank9.pid70051.prom
