SIDECAR_START stress_vm_n=96_bytes=6G
PSI_UNAVAIL no_/proc/pressure
SC=55837
---AFTER_INJECT---
stress-ng: info:  [55837] setting to a 900 second (15 mins, 0.00 secs) run per stressor
2026-07-25T12:18:33+08:00
stress-ng: info:  [55837] dispatching hogs: 96 vm
               total        used        free      shared  buff/cache   available
Mem:           2.0Ti       314Gi       1.8Ti       4.1Gi        78Gi       1.7Ti
Swap:             0B          0B          0B
PSI_UNAVAIL
stress-ng: error: [55837] process 55845 (stress-ng-vm) terminated with an error, exit status=5 (killed by signal)
stress-ng: error: [55837] process 55846 (stress-ng-vm) terminated with an error, exit status=5 (killed by signal)
stress-ng: error: [55837] process 55847 (stress-ng-vm) terminated with an error, exit status=5 (killed by signal)
stress-ng: error: [55837] process 55848 (stress-ng-vm) terminated with an error, exit status=5 (killed by signal)
stress-ng: error: [55837] process 55850 (stress-ng-vm) terminated with an error, exit status=5 (killed by signal)
stress-ng: error: [55837] process 55853 (stress-ng-vm) terminated with an error, exit status=5 (killed by signal)
stress-ng: error: [55837] process 55854 (stress-ng-vm) terminated with an error, exit status=5 (killed by signal)
stress-ng: error: [55837] process 55855 (stress-ng-vm) terminated with an error, exit status=5 (killed by signal)
stress-ng: error: [55837] process 55857 (stress-ng-vm) terminated with an error, exit status=5 (killed by signal)
stress-ng: error: [55837] process 55861 (stress-ng-vm) terminated with an error, exit status=5 (killed by signal)
stress-ng: error: [55837] process 55862 (stress-ng-vm) terminated with an error, exit status=5 (killed by signal)
stress-ng: error: [55837] process 55863 (stress-ng-vm) terminated with an error, exit status=5 (killed by signal)
stress-ng: error: [55837] process 55865 (stress-ng-vm) terminated with an error, exit status=5 (killed by signal)
stress-ng: error: [55837] process 55868 (stress-ng-vm) terminated with an error, exit status=5 (killed by signal)
stress-ng: error: [55837] process 55870 (stress-ng-vm) terminated with an error, exit status=5 (killed by signal)
stress-ng: error: [55837] process 55872 (stress-ng-vm) terminated with an error, exit status=5 (killed by signal)
stress-ng: error: [55837] process 55874 (stress-ng-vm) terminated with an error, exit status=5 (killed by signal)
stress-ng: error: [55837] process 55876 (stress-ng-vm) terminated with an error, exit status=5 (killed by signal)
stress-ng: error: [55837] process 55878 (stress-ng-vm) terminated with an error, exit status=5 (killed by signal)
stress-ng: error: [55837] process 55880 (stress-ng-vm) terminated with an error, exit status=5 (killed by signal)
stress-ng: error: [55837] process 55883 (stress-ng-vm) terminated with an error, exit status=5 (killed by signal)
stress-ng: error: [55837] process 55885 (stress-ng-vm) terminated with an error, exit status=5 (killed by signal)
stress-ng: error: [55837] process 55886 (stress-ng-vm) terminated with an error, exit status=5 (killed by signal)
stress-ng: error: [55837] process 55888 (stress-ng-vm) terminated with an error, exit status=5 (killed by signal)
stress-ng: error: [55837] process 55891 (stress-ng-vm) terminated with an error, exit status=5 (killed by signal)
stress-ng: error: [55837] process 55893 (stress-ng-vm) terminated with an error, exit status=5 (killed by signal)
stress-ng: error: [55837] process 55895 (stress-ng-vm) terminated with an error, exit status=5 (killed by signal)
stress-ng: error: [55837] process 55897 (stress-ng-vm) terminated with an error, exit status=5 (killed by signal)
stress-ng: error: [55837] process 55898 (stress-ng-vm) terminated with an error, exit status=5 (killed by signal)
stress-ng: error: [55837] process 55900 (stress-ng-vm) terminated with an error, exit status=5 (killed by signal)
stress-ng: error: [55837] process 55903 (stress-ng-vm) terminated with an error, exit status=5 (killed by signal)
stress-ng: error: [55837] process 55905 (stress-ng-vm) terminated with an error, exit status=5 (killed by signal)
stress-ng: error: [55837] process 55908 (stress-ng-vm) terminated with an error, exit status=5 (killed by signal)
stress-ng: error: [55837] process 55910 (stress-ng-vm) terminated with an error, exit status=5 (killed by signal)
stress-ng: error: [55837] process 55912 (stress-ng-vm) terminated with an error, exit status=5 (killed by signal)
stress-ng: error: [55837] process 55915 (stress-ng-vm) terminated with an error, exit status=5 (killed by signal)
stress-ng: error: [55837] process 55916 (stress-ng-vm) terminated with an error, exit status=5 (killed by signal)
stress-ng: error: [55837] process 55918 (stress-ng-vm) terminated with an error, exit status=5 (killed by signal)
stress-ng: error: [55837] process 55920 (stress-ng-vm) terminated with an error, exit status=5 (killed by signal)
stress-ng: error: [55837] process 55922 (stress-ng-vm) terminated with an error, exit status=5 (killed by signal)
stress-ng: error: [55837] process 55924 (stress-ng-vm) terminated with an error, exit status=5 (killed by signal)
stress-ng: error: [55837] process 55926 (stress-ng-vm) terminated with an error, exit status=5 (killed by signal)
stress-ng: error: [55837] process 55928 (stress-ng-vm) terminated with an error, exit status=5 (killed by signal)
stress-ng: error: [55837] process 55930 (stress-ng-vm) terminated with an error, exit status=5 (killed by signal)
stress-ng: error: [55837] process 55932 (stress-ng-vm) terminated with an error, exit status=5 (killed by signal)
stress-ng: error: [55837] process 55934 (stress-ng-vm) terminated with an error, exit status=5 (killed by signal)
stress-ng: error: [55837] process 55936 (stress-ng-vm) terminated with an error, exit status=5 (killed by signal)
stress-ng: error: [55837] process 55937 (stress-ng-vm) terminated with an error, exit status=5 (killed by signal)
stress-ng: error: [55837] process 55939 (stress-ng-vm) terminated with an error, exit status=5 (killed by signal)
stress-ng: error: [55837] process 55941 (stress-ng-vm) terminated with an error, exit status=5 (killed by signal)
stress-ng: error: [55837] process 55944 (stress-ng-vm) terminated with an error, exit status=5 (killed by signal)
stress-ng: error: [55837] process 55946 (stress-ng-vm) terminated with an error, exit status=5 (killed by signal)
stress-ng: error: [55837] process 55948 (stress-ng-vm) terminated with an error, exit status=5 (killed by signal)
stress-ng: error: [55837] process 55949 (stress-ng-vm) terminated with an error, exit status=5 (killed by signal)
stress-ng: error: [55837] process 55951 (stress-ng-vm) terminated with an error, exit status=5 (killed by signal)
stress-ng: error: [55837] process 55953 (stress-ng-vm) terminated with an error, exit status=5 (killed by signal)
stress-ng: error: [55837] process 55955 (stress-ng-vm) terminated with an error, exit status=5 (killed by signal)
stress-ng: error: [55837] process 55958 (stress-ng-vm) terminated with an error, exit status=5 (killed by signal)
stress-ng: error: [55837] process 55959 (stress-ng-vm) terminated with an error, exit status=5 (killed by signal)
stress-ng: error: [55837] process 55962 (stress-ng-vm) terminated with an error, exit status=5 (killed by signal)
stress-ng: error: [55837] process 55963 (stress-ng-vm) terminated with an error, exit status=5 (killed by signal)
stress-ng: error: [55837] process 55966 (stress-ng-vm) terminated with an error, exit status=5 (killed by signal)
stress-ng: error: [55837] process 55968 (stress-ng-vm) terminated with an error, exit status=5 (killed by signal)
stress-ng: error: [55837] process 55969 (stress-ng-vm) terminated with an error, exit status=5 (killed by signal)
stress-ng: error: [55837] process 55970 (stress-ng-vm) terminated with an error, exit status=5 (killed by signal)
stress-ng: error: [55837] process 55974 (stress-ng-vm) terminated with an error, exit status=5 (killed by signal)
stress-ng: error: [55837] process 55976 (stress-ng-vm) terminated with an error, exit status=5 (killed by signal)
stress-ng: error: [55837] process 55977 (stress-ng-vm) terminated with an error, exit status=5 (killed by signal)
stress-ng: error: [55837] process 55980 (stress-ng-vm) terminated with an error, exit status=5 (killed by signal)
stress-ng: error: [55837] process 55982 (stress-ng-vm) terminated with an error, exit status=5 (killed by signal)
stress-ng: error: [55837] process 55984 (stress-ng-vm) terminated with an error, exit status=5 (killed by signal)
stress-ng: error: [55837] process 55986 (stress-ng-vm) terminated with an error, exit status=5 (killed by signal)
stress-ng: error: [55837] process 55988 (stress-ng-vm) terminated with an error, exit status=5 (killed by signal)
stress-ng: error: [55837] process 55989 (stress-ng-vm) terminated with an error, exit status=5 (killed by signal)
stress-ng: error: [55837] process 55992 (stress-ng-vm) terminated with an error, exit status=5 (killed by signal)
stress-ng: error: [55837] process 55994 (stress-ng-vm) terminated with an error, exit status=5 (killed by signal)
stress-ng: error: [55837] process 55995 (stress-ng-vm) terminated with an error, exit status=5 (killed by signal)
stress-ng: error: [55837] process 55997 (stress-ng-vm) terminated with an error, exit status=5 (killed by signal)
stress-ng: error: [55837] process 55999 (stress-ng-vm) terminated with an error, exit status=5 (killed by signal)
stress-ng: error: [55837] process 56001 (stress-ng-vm) terminated with an error, exit status=5 (killed by signal)
stress-ng: error: [55837] process 56003 (stress-ng-vm) terminated with an error, exit status=5 (killed by signal)
stress-ng: error: [55837] process 56005 (stress-ng-vm) terminated with an error, exit status=5 (killed by signal)
stress-ng: error: [55837] process 56007 (stress-ng-vm) terminated with an error, exit status=5 (killed by signal)
stress-ng: error: [55837] process 56009 (stress-ng-vm) terminated with an error, exit status=5 (killed by signal)
stress-ng: error: [55837] process 56011 (stress-ng-vm) terminated with an error, exit status=5 (killed by signal)
stress-ng: error: [55837] process 56014 (stress-ng-vm) terminated with an error, exit status=5 (killed by signal)
stress-ng: error: [55837] process 56015 (stress-ng-vm) terminated with an error, exit status=5 (killed by signal)
stress-ng: error: [55837] process 56018 (stress-ng-vm) terminated with an error, exit status=5 (killed by signal)
stress-ng: error: [55837] process 56020 (stress-ng-vm) terminated with an error, exit status=5 (killed by signal)
stress-ng: error: [55837] process 56023 (stress-ng-vm) terminated with an error, exit status=5 (killed by signal)
stress-ng: error: [55837] process 56024 (stress-ng-vm) terminated with an error, exit status=5 (killed by signal)
stress-ng: error: [55837] process 56025 (stress-ng-vm) terminated with an error, exit status=5 (killed by signal)
stress-ng: error: [55837] process 56027 (stress-ng-vm) terminated with an error, exit status=5 (killed by signal)
stress-ng: error: [55837] process 56029 (stress-ng-vm) terminated with an error, exit status=5 (killed by signal)
stress-ng: error: [55837] process 56031 (stress-ng-vm) terminated with an error, exit status=5 (killed by signal)
stress-ng: error: [55837] process 56033 (stress-ng-vm) terminated with an error, exit status=5 (killed by signal)
stress-ng: info:  [55837] unsuccessful run completed in 40.34s
SIDECAR_STOP
