stress-ng: info:  [128061] setting to a 900 second (15 mins, 0.00 secs) run per stressor
stress-ng: info:  [128061] dispatching hogs: 32 hdd, 16 iomix
stress-ng: error: [128061] process 128066 (stress-ng-hdd) terminated with an error, exit status=5 (killed by signal)
stress-ng: error: [128061] process 128067 (stress-ng-hdd) terminated with an error, exit status=5 (killed by signal)
stress-ng: error: [128061] process 128068 (stress-ng-hdd) terminated with an error, exit status=5 (killed by signal)
stress-ng: error: [128061] process 128069 (stress-ng-hdd) terminated with an error, exit status=5 (killed by signal)
stress-ng: error: [128061] process 128070 (stress-ng-hdd) terminated with an error, exit status=5 (killed by signal)
stress-ng: error: [128061] process 128071 (stress-ng-hdd) terminated with an error, exit status=5 (killed by signal)
stress-ng: error: [128061] process 128072 (stress-ng-hdd) terminated with an error, exit status=5 (killed by signal)
stress-ng: error: [128061] process 128073 (stress-ng-hdd) terminated with an error, exit status=5 (killed by signal)
stress-ng: error: [128061] process 128074 (stress-ng-hdd) terminated with an error, exit status=5 (killed by signal)
stress-ng: error: [128061] process 128075 (stress-ng-hdd) terminated with an error, exit status=5 (killed by signal)
stress-ng: error: [128061] process 128076 (stress-ng-hdd) terminated with an error, exit status=5 (killed by signal)
stress-ng: error: [128061] process 128077 (stress-ng-hdd) terminated with an error, exit status=5 (killed by signal)
stress-ng: error: [128061] process 128078 (stress-ng-hdd) terminated with an error, exit status=5 (killed by signal)
stress-ng: error: [128061] process 128079 (stress-ng-hdd) terminated with an error, exit status=5 (killed by signal)
stress-ng: error: [128061] process 128080 (stress-ng-hdd) terminated with an error, exit status=5 (killed by signal)
stress-ng: error: [128061] process 128081 (stress-ng-hdd) terminated with an error, exit status=5 (killed by signal)
stress-ng: error: [128061] process 128082 (stress-ng-hdd) terminated with an error, exit status=5 (killed by signal)
stress-ng: error: [128061] process 128083 (stress-ng-hdd) terminated with an error, exit status=5 (killed by signal)
stress-ng: error: [128061] process 128084 (stress-ng-hdd) terminated with an error, exit status=5 (killed by signal)
stress-ng: error: [128061] process 128085 (stress-ng-hdd) terminated with an error, exit status=5 (killed by signal)
stress-ng: error: [128061] process 128086 (stress-ng-hdd) terminated with an error, exit status=5 (killed by signal)
stress-ng: error: [128061] process 128087 (stress-ng-hdd) terminated with an error, exit status=5 (killed by signal)
stress-ng: error: [128061] process 128088 (stress-ng-hdd) terminated with an error, exit status=5 (killed by signal)
stress-ng: error: [128061] process 128089 (stress-ng-hdd) terminated with an error, exit status=5 (killed by signal)
stress-ng: error: [128061] process 128090 (stress-ng-hdd) terminated with an error, exit status=5 (killed by signal)
stress-ng: error: [128061] process 128091 (stress-ng-hdd) terminated with an error, exit status=5 (killed by signal)
stress-ng: error: [128061] process 128092 (stress-ng-hdd) terminated with an error, exit status=5 (killed by signal)
stress-ng: error: [128061] process 128093 (stress-ng-hdd) terminated with an error, exit status=5 (killed by signal)
stress-ng: error: [128061] process 128094 (stress-ng-hdd) terminated with an error, exit status=5 (killed by signal)
stress-ng: error: [128061] process 128095 (stress-ng-hdd) terminated with an error, exit status=5 (killed by signal)
stress-ng: error: [128061] process 128096 (stress-ng-hdd) terminated with an error, exit status=5 (killed by signal)
stress-ng: error: [128061] process 128097 (stress-ng-hdd) terminated with an error, exit status=5 (killed by signal)
stress-ng: error: [128061] process 128098 (stress-ng-iomix) terminated with an error, exit status=5 (killed by signal)
stress-ng: error: [128061] process 128099 (stress-ng-iomix) terminated with an error, exit status=5 (killed by signal)
stress-ng: error: [128061] process 128100 (stress-ng-iomix) terminated with an error, exit status=5 (killed by signal)
stress-ng: error: [128061] process 128101 (stress-ng-iomix) terminated with an error, exit status=5 (killed by signal)
stress-ng: error: [128061] process 128102 (stress-ng-iomix) terminated with an error, exit status=5 (killed by signal)
stress-ng: error: [128061] process 128103 (stress-ng-iomix) terminated with an error, exit status=5 (killed by signal)
stress-ng: error: [128061] process 128104 (stress-ng-iomix) terminated with an error, exit status=5 (killed by signal)
stress-ng: error: [128061] process 128105 (stress-ng-iomix) terminated with an error, exit status=5 (killed by signal)
stress-ng: error: [128061] process 128106 (stress-ng-iomix) terminated with an error, exit status=5 (killed by signal)
stress-ng: error: [128061] process 128107 (stress-ng-iomix) terminated with an error, exit status=5 (killed by signal)
stress-ng: error: [128061] process 128108 (stress-ng-iomix) terminated with an error, exit status=5 (killed by signal)
stress-ng: error: [128061] process 128109 (stress-ng-iomix) terminated with an error, exit status=5 (killed by signal)
stress-ng: error: [128061] process 128110 (stress-ng-iomix) terminated with an error, exit status=5 (killed by signal)
stress-ng: error: [128061] process 128111 (stress-ng-iomix) terminated with an error, exit status=5 (killed by signal)
stress-ng: error: [128061] process 128112 (stress-ng-iomix) terminated with an error, exit status=5 (killed by signal)
stress-ng: error: [128061] process 128113 (stress-ng-iomix) terminated with an error, exit status=5 (killed by signal)
stress-ng: info:  [128061] unsuccessful run completed in 56.45s
SIDECAR_STOP ts=1784953592 held_s=50
