[hcclprobe-collect] loaded version=ascend-collect-min-0.2 pid=123664 (Hccl* interpose → GREYHOUND_DUMP)
[hcclprobe-collect] loaded version=ascend-collect-min-0.2 pid=123734 (Hccl* interpose → GREYHOUND_DUMP)
W0725 12:24:44.676000 123664 site-packages/torch/distributed/run.py:766] 
W0725 12:24:44.676000 123664 site-packages/torch/distributed/run.py:766] *****************************************
W0725 12:24:44.676000 123664 site-packages/torch/distributed/run.py:766] Setting OMP_NUM_THREADS environment variable for each process to be 1 in default, to avoid your system being overloaded, please further tune the variable for optimal performance in your application as needed. 
W0725 12:24:44.676000 123664 site-packages/torch/distributed/run.py:766] *****************************************
[hcclprobe-collect] loaded version=ascend-collect-min-0.2 pid=123806 (Hccl* interpose → GREYHOUND_DUMP)
[hcclprobe-collect] loaded version=ascend-collect-min-0.2 pid=123805 (Hccl* interpose → GREYHOUND_DUMP)
[hcclprobe-collect] loaded version=ascend-collect-min-0.2 pid=123807 (Hccl* interpose → GREYHOUND_DUMP)
[hcclprobe-collect] loaded version=ascend-collect-min-0.2 pid=123808 (Hccl* interpose → GREYHOUND_DUMP)
[hcclprobe-collect] loaded version=ascend-collect-min-0.2 pid=123809 (Hccl* interpose → GREYHOUND_DUMP)
[hcclprobe-collect] loaded version=ascend-collect-min-0.2 pid=123810 (Hccl* interpose → GREYHOUND_DUMP)
[hcclprobe-collect] loaded version=ascend-collect-min-0.2 pid=123811 (Hccl* interpose → GREYHOUND_DUMP)
[hcclprobe-collect] loaded version=ascend-collect-min-0.2 pid=123813 (Hccl* interpose → GREYHOUND_DUMP)
[hcclprobe-collect] loaded version=ascend-collect-min-0.2 pid=123812 (Hccl* interpose → GREYHOUND_DUMP)
[hcclprobe-collect] loaded version=ascend-collect-min-0.2 pid=123814 (Hccl* interpose → GREYHOUND_DUMP)
[hcclprobe-collect] loaded version=ascend-collect-min-0.2 pid=123815 (Hccl* interpose → GREYHOUND_DUMP)
[hcclprobe-collect] loaded version=ascend-collect-min-0.2 pid=123816 (Hccl* interpose → GREYHOUND_DUMP)
[hcclprobe-collect] loaded version=ascend-collect-min-0.2 pid=123817 (Hccl* interpose → GREYHOUND_DUMP)
[hcclprobe-collect] loaded version=ascend-collect-min-0.2 pid=123818 (Hccl* interpose → GREYHOUND_DUMP)
[hcclprobe-collect] loaded version=ascend-collect-min-0.2 pid=123819 (Hccl* interpose → GREYHOUND_DUMP)
[hcclprobe-collect] loaded version=ascend-collect-min-0.2 pid=123820 (Hccl* interpose → GREYHOUND_DUMP)
[hcclprobe-collect] loaded version=ascend-collect-min-0.2 pid=123970 (Hccl* interpose → GREYHOUND_DUMP)
[hcclprobe-collect] loaded version=ascend-collect-min-0.2 pid=123972 (Hccl* interpose → GREYHOUND_DUMP)
[hcclprobe-collect] loaded version=ascend-collect-min-0.2 pid=123981 (Hccl* interpose → GREYHOUND_DUMP)
[hcclprobe-collect] loaded version=ascend-collect-min-0.2 pid=123986 (Hccl* interpose → GREYHOUND_DUMP)
[hcclprobe-collect] loaded version=ascend-collect-min-0.2 pid=123988 (Hccl* interpose → GREYHOUND_DUMP)
[hcclprobe-collect] loaded version=ascend-collect-min-0.2 pid=123993 (Hccl* interpose → GREYHOUND_DUMP)
[hcclprobe-collect] loaded version=ascend-collect-min-0.2 pid=124000 (Hccl* interpose → GREYHOUND_DUMP)
[hcclprobe-collect] loaded version=ascend-collect-min-0.2 pid=123995 (Hccl* interpose → GREYHOUND_DUMP)
[hcclprobe-collect] loaded version=ascend-collect-min-0.2 pid=124001 (Hccl* interpose → GREYHOUND_DUMP)
[hcclprobe-collect] loaded version=ascend-collect-min-0.2 pid=123997 (Hccl* interpose → GREYHOUND_DUMP)
[hcclprobe-collect] loaded version=ascend-collect-min-0.2 pid=123999 (Hccl* interpose → GREYHOUND_DUMP)
[hcclprobe-collect] loaded version=ascend-collect-min-0.2 pid=123998 (Hccl* interpose → GREYHOUND_DUMP)
[hcclprobe-collect] loaded version=ascend-collect-min-0.2 pid=123996 (Hccl* interpose → GREYHOUND_DUMP)
[hcclprobe-collect] loaded version=ascend-collect-min-0.2 pid=124036 (Hccl* interpose → GREYHOUND_DUMP)
[hcclprobe-collect] loaded version=ascend-collect-min-0.2 pid=124041 (Hccl* interpose → GREYHOUND_DUMP)
[hcclprobe-collect] loaded version=ascend-collect-min-0.2 pid=124046 (Hccl* interpose → GREYHOUND_DUMP)
[rank0]:[W725 12:24:51.418542021 compiler_depend.ts:338] Warning: Cannot create tensor with interal format while allow_internel_format=False, tensor will be created with base format. (function operator())
[rank3]:[W725 12:24:51.439396479 compiler_depend.ts:338] Warning: Cannot create tensor with interal format while allow_internel_format=False, tensor will be created with base format. (function operator())
[rank8]:[W725 12:24:51.034731684 compiler_depend.ts:338] Warning: Cannot create tensor with interal format while allow_internel_format=False, tensor will be created with base format. (function operator())
[rank2]:[W725 12:24:51.049821943 compiler_depend.ts:338] Warning: Cannot create tensor with interal format while allow_internel_format=False, tensor will be created with base format. (function operator())
[rank7]:[W725 12:24:51.050260445 compiler_depend.ts:338] Warning: Cannot create tensor with interal format while allow_internel_format=False, tensor will be created with base format. (function operator())
[rank11]:[W725 12:24:51.075279945 compiler_depend.ts:338] Warning: Cannot create tensor with interal format while allow_internel_format=False, tensor will be created with base format. (function operator())
[rank1]:[W725 12:24:51.082423052 compiler_depend.ts:338] Warning: Cannot create tensor with interal format while allow_internel_format=False, tensor will be created with base format. (function operator())
[rank5]:[W725 12:24:51.097412070 compiler_depend.ts:338] Warning: Cannot create tensor with interal format while allow_internel_format=False, tensor will be created with base format. (function operator())
[rank12]:[W725 12:24:51.116010517 compiler_depend.ts:338] Warning: Cannot create tensor with interal format while allow_internel_format=False, tensor will be created with base format. (function operator())
[rank13]:[W725 12:24:51.124876443 compiler_depend.ts:338] Warning: Cannot create tensor with interal format while allow_internel_format=False, tensor will be created with base format. (function operator())
[rank6]:[W725 12:24:51.148599546 compiler_depend.ts:338] Warning: Cannot create tensor with interal format while allow_internel_format=False, tensor will be created with base format. (function operator())
[rank15]:[W725 12:24:51.177401176 compiler_depend.ts:338] Warning: Cannot create tensor with interal format while allow_internel_format=False, tensor will be created with base format. (function operator())
[rank10]:[W725 12:24:51.266490929 compiler_depend.ts:338] Warning: Cannot create tensor with interal format while allow_internel_format=False, tensor will be created with base format. (function operator())
[rank9]:[W725 12:24:52.332714063 compiler_depend.ts:338] Warning: Cannot create tensor with interal format while allow_internel_format=False, tensor will be created with base format. (function operator())
[rank4]:[W725 12:24:52.387641639 compiler_depend.ts:338] Warning: Cannot create tensor with interal format while allow_internel_format=False, tensor will be created with base format. (function operator())
[rank14]:[W725 12:24:52.579354005 compiler_depend.ts:338] Warning: Cannot create tensor with interal format while allow_internel_format=False, tensor will be created with base format. (function operator())
/root/miniconda3/envs/llm_test/lib/python3.10/site-packages/torch/distributed/distributed_c10d.py:4631: UserWarning: No device id is provided via `init_process_group` or `barrier `. Using the current device set by the user. 
  warnings.warn(  # warn only once
/root/miniconda3/envs/llm_test/lib/python3.10/site-packages/torch/distributed/distributed_c10d.py:4631: UserWarning: No device id is provided via `init_process_group` or `barrier `. Using the current device set by the user. 
  warnings.warn(  # warn only once
/root/miniconda3/envs/llm_test/lib/python3.10/site-packages/torch/distributed/distributed_c10d.py:4631: UserWarning: No device id is provided via `init_process_group` or `barrier `. Using the current device set by the user. 
  warnings.warn(  # warn only once
/root/miniconda3/envs/llm_test/lib/python3.10/site-packages/torch/distributed/distributed_c10d.py:4631: UserWarning: No device id is provided via `init_process_group` or `barrier `. Using the current device set by the user. 
  warnings.warn(  # warn only once
/root/miniconda3/envs/llm_test/lib/python3.10/site-packages/torch/distributed/distributed_c10d.py:4631: UserWarning: No device id is provided via `init_process_group` or `barrier `. Using the current device set by the user. 
  warnings.warn(  # warn only once
/root/miniconda3/envs/llm_test/lib/python3.10/site-packages/torch/distributed/distributed_c10d.py:4631: UserWarning: No device id is provided via `init_process_group` or `barrier `. Using the current device set by the user. 
  warnings.warn(  # warn only once
/root/miniconda3/envs/llm_test/lib/python3.10/site-packages/torch/distributed/distributed_c10d.py:4631: UserWarning: No device id is provided via `init_process_group` or `barrier `. Using the current device set by the user. 
  warnings.warn(  # warn only once
/root/miniconda3/envs/llm_test/lib/python3.10/site-packages/torch/distributed/distributed_c10d.py:4631: UserWarning: No device id is provided via `init_process_group` or `barrier `. Using the current device set by the user. 
  warnings.warn(  # warn only once
/root/miniconda3/envs/llm_test/lib/python3.10/site-packages/torch/distributed/distributed_c10d.py:4631: UserWarning: No device id is provided via `init_process_group` or `barrier `. Using the current device set by the user. 
  warnings.warn(  # warn only once
/root/miniconda3/envs/llm_test/lib/python3.10/site-packages/torch/distributed/distributed_c10d.py:4631: UserWarning: No device id is provided via `init_process_group` or `barrier `. Using the current device set by the user. 
  warnings.warn(  # warn only once
/root/miniconda3/envs/llm_test/lib/python3.10/site-packages/torch/distributed/distributed_c10d.py:4631: UserWarning: No device id is provided via `init_process_group` or `barrier `. Using the current device set by the user. 
  warnings.warn(  # warn only once
/root/miniconda3/envs/llm_test/lib/python3.10/site-packages/torch/distributed/distributed_c10d.py:4631: UserWarning: No device id is provided via `init_process_group` or `barrier `. Using the current device set by the user. 
  warnings.warn(  # warn only once
/root/miniconda3/envs/llm_test/lib/python3.10/site-packages/torch/distributed/distributed_c10d.py:4631: UserWarning: No device id is provided via `init_process_group` or `barrier `. Using the current device set by the user. 
  warnings.warn(  # warn only once
/root/miniconda3/envs/llm_test/lib/python3.10/site-packages/torch/distributed/distributed_c10d.py:4631: UserWarning: No device id is provided via `init_process_group` or `barrier `. Using the current device set by the user. 
  warnings.warn(  # warn only once
/root/miniconda3/envs/llm_test/lib/python3.10/site-packages/torch/distributed/distributed_c10d.py:4631: UserWarning: No device id is provided via `init_process_group` or `barrier `. Using the current device set by the user. 
  warnings.warn(  # warn only once
/root/miniconda3/envs/llm_test/lib/python3.10/site-packages/torch/distributed/distributed_c10d.py:4631: UserWarning: No device id is provided via `init_process_group` or `barrier `. Using the current device set by the user. 
  warnings.warn(  # warn only once
DONE world=16 out=/data/yinjinrun.p-huawei/results/ascend-ais/baseline/greyhound/contrast-p3-ext-b-20260725_122204/C1_inject_none/ranks/rank_0000.jsonl
