stress-ng: info:  [1273935] setting to a 900 second (15 mins, 0.00 secs) run per stressor
stress-ng: info:  [1273935] dispatching hogs: 96 vm
stress-ng: error: [1273935] process 1273950 (stress-ng-vm) terminated with an error, exit status=5 (killed by signal)
stress-ng: error: [1273935] process 1273953 (stress-ng-vm) terminated with an error, exit status=5 (killed by signal)
stress-ng: error: [1273935] process 1273955 (stress-ng-vm) terminated with an error, exit status=5 (killed by signal)
stress-ng: error: [1273935] process 1273956 (stress-ng-vm) terminated with an error, exit status=5 (killed by signal)
stress-ng: error: [1273935] process 1273958 (stress-ng-vm) terminated with an error, exit status=5 (killed by signal)
stress-ng: error: [1273935] process 1273961 (stress-ng-vm) terminated with an error, exit status=5 (killed by signal)
stress-ng: error: [1273935] process 1273963 (stress-ng-vm) terminated with an error, exit status=5 (killed by signal)
stress-ng: error: [1273935] process 1273964 (stress-ng-vm) terminated with an error, exit status=5 (killed by signal)
stress-ng: error: [1273935] process 1273967 (stress-ng-vm) terminated with an error, exit status=5 (killed by signal)
stress-ng: error: [1273935] process 1273969 (stress-ng-vm) terminated with an error, exit status=5 (killed by signal)
stress-ng: error: [1273935] process 1273971 (stress-ng-vm) terminated with an error, exit status=5 (killed by signal)
stress-ng: error: [1273935] process 1273973 (stress-ng-vm) terminated with an error, exit status=5 (killed by signal)
stress-ng: error: [1273935] process 1273975 (stress-ng-vm) terminated with an error, exit status=5 (killed by signal)
stress-ng: error: [1273935] process 1273977 (stress-ng-vm) terminated with an error, exit status=5 (killed by signal)
stress-ng: error: [1273935] process 1273979 (stress-ng-vm) terminated with an error, exit status=5 (killed by signal)
stress-ng: error: [1273935] process 1273981 (stress-ng-vm) terminated with an error, exit status=5 (killed by signal)
stress-ng: error: [1273935] process 1273983 (stress-ng-vm) terminated with an error, exit status=5 (killed by signal)
stress-ng: error: [1273935] process 1273985 (stress-ng-vm) terminated with an error, exit status=5 (killed by signal)
stress-ng: error: [1273935] process 1273989 (stress-ng-vm) terminated with an error, exit status=5 (killed by signal)
stress-ng: error: [1273935] process 1273991 (stress-ng-vm) terminated with an error, exit status=5 (killed by signal)
stress-ng: error: [1273935] process 1273993 (stress-ng-vm) terminated with an error, exit status=5 (killed by signal)
stress-ng: error: [1273935] process 1273994 (stress-ng-vm) terminated with an error, exit status=5 (killed by signal)
stress-ng: error: [1273935] process 1273996 (stress-ng-vm) terminated with an error, exit status=5 (killed by signal)
stress-ng: error: [1273935] process 1273998 (stress-ng-vm) terminated with an error, exit status=5 (killed by signal)
stress-ng: error: [1273935] process 1273999 (stress-ng-vm) terminated with an error, exit status=5 (killed by signal)
stress-ng: error: [1273935] process 1274002 (stress-ng-vm) terminated with an error, exit status=5 (killed by signal)
stress-ng: error: [1273935] process 1274005 (stress-ng-vm) terminated with an error, exit status=5 (killed by signal)
stress-ng: error: [1273935] process 1274008 (stress-ng-vm) terminated with an error, exit status=5 (killed by signal)
stress-ng: error: [1273935] process 1274010 (stress-ng-vm) terminated with an error, exit status=5 (killed by signal)
stress-ng: error: [1273935] process 1274011 (stress-ng-vm) terminated with an error, exit status=5 (killed by signal)
stress-ng: error: [1273935] process 1274013 (stress-ng-vm) terminated with an error, exit status=5 (killed by signal)
stress-ng: error: [1273935] process 1274015 (stress-ng-vm) terminated with an error, exit status=5 (killed by signal)
stress-ng: error: [1273935] process 1274017 (stress-ng-vm) terminated with an error, exit status=5 (killed by signal)
stress-ng: error: [1273935] process 1274018 (stress-ng-vm) terminated with an error, exit status=5 (killed by signal)
stress-ng: error: [1273935] process 1274021 (stress-ng-vm) terminated with an error, exit status=5 (killed by signal)
stress-ng: error: [1273935] process 1274023 (stress-ng-vm) terminated with an error, exit status=5 (killed by signal)
stress-ng: error: [1273935] process 1274025 (stress-ng-vm) terminated with an error, exit status=5 (killed by signal)
stress-ng: error: [1273935] process 1274029 (stress-ng-vm) terminated with an error, exit status=5 (killed by signal)
stress-ng: error: [1273935] process 1274031 (stress-ng-vm) terminated with an error, exit status=5 (killed by signal)
stress-ng: error: [1273935] process 1274032 (stress-ng-vm) terminated with an error, exit status=5 (killed by signal)
stress-ng: error: [1273935] process 1274034 (stress-ng-vm) terminated with an error, exit status=5 (killed by signal)
stress-ng: error: [1273935] process 1274037 (stress-ng-vm) terminated with an error, exit status=5 (killed by signal)
stress-ng: error: [1273935] process 1274040 (stress-ng-vm) terminated with an error, exit status=5 (killed by signal)
stress-ng: error: [1273935] process 1274043 (stress-ng-vm) terminated with an error, exit status=5 (killed by signal)
stress-ng: error: [1273935] process 1274044 (stress-ng-vm) terminated with an error, exit status=5 (killed by signal)
stress-ng: error: [1273935] process 1274046 (stress-ng-vm) terminated with an error, exit status=5 (killed by signal)
stress-ng: error: [1273935] process 1274048 (stress-ng-vm) terminated with an error, exit status=5 (killed by signal)
stress-ng: error: [1273935] process 1274051 (stress-ng-vm) terminated with an error, exit status=5 (killed by signal)
stress-ng: error: [1273935] process 1274053 (stress-ng-vm) terminated with an error, exit status=5 (killed by signal)
stress-ng: error: [1273935] process 1274055 (stress-ng-vm) terminated with an error, exit status=5 (killed by signal)
stress-ng: error: [1273935] process 1274056 (stress-ng-vm) terminated with an error, exit status=5 (killed by signal)
stress-ng: error: [1273935] process 1274059 (stress-ng-vm) terminated with an error, exit status=5 (killed by signal)
stress-ng: error: [1273935] process 1274061 (stress-ng-vm) terminated with an error, exit status=5 (killed by signal)
stress-ng: error: [1273935] process 1274065 (stress-ng-vm) terminated with an error, exit status=5 (killed by signal)
stress-ng: error: [1273935] process 1274068 (stress-ng-vm) terminated with an error, exit status=5 (killed by signal)
stress-ng: error: [1273935] process 1274070 (stress-ng-vm) terminated with an error, exit status=5 (killed by signal)
stress-ng: error: [1273935] process 1274072 (stress-ng-vm) terminated with an error, exit status=5 (killed by signal)
stress-ng: error: [1273935] process 1274074 (stress-ng-vm) terminated with an error, exit status=5 (killed by signal)
stress-ng: error: [1273935] process 1274079 (stress-ng-vm) terminated with an error, exit status=5 (killed by signal)
stress-ng: error: [1273935] process 1274082 (stress-ng-vm) terminated with an error, exit status=5 (killed by signal)
stress-ng: error: [1273935] process 1274083 (stress-ng-vm) terminated with an error, exit status=5 (killed by signal)
stress-ng: error: [1273935] process 1274086 (stress-ng-vm) terminated with an error, exit status=5 (killed by signal)
stress-ng: error: [1273935] process 1274088 (stress-ng-vm) terminated with an error, exit status=5 (killed by signal)
stress-ng: error: [1273935] process 1274089 (stress-ng-vm) terminated with an error, exit status=5 (killed by signal)
stress-ng: error: [1273935] process 1274091 (stress-ng-vm) terminated with an error, exit status=5 (killed by signal)
stress-ng: error: [1273935] process 1274093 (stress-ng-vm) terminated with an error, exit status=5 (killed by signal)
stress-ng: error: [1273935] process 1274095 (stress-ng-vm) terminated with an error, exit status=5 (killed by signal)
stress-ng: error: [1273935] process 1274097 (stress-ng-vm) terminated with an error, exit status=5 (killed by signal)
stress-ng: error: [1273935] process 1274100 (stress-ng-vm) terminated with an error, exit status=5 (killed by signal)
stress-ng: error: [1273935] process 1274102 (stress-ng-vm) terminated with an error, exit status=5 (killed by signal)
stress-ng: error: [1273935] process 1274104 (stress-ng-vm) terminated with an error, exit status=5 (killed by signal)
stress-ng: error: [1273935] process 1274107 (stress-ng-vm) terminated with an error, exit status=5 (killed by signal)
stress-ng: error: [1273935] process 1274109 (stress-ng-vm) terminated with an error, exit status=5 (killed by signal)
stress-ng: error: [1273935] process 1274113 (stress-ng-vm) terminated with an error, exit status=5 (killed by signal)
stress-ng: error: [1273935] process 1274115 (stress-ng-vm) terminated with an error, exit status=5 (killed by signal)
stress-ng: error: [1273935] process 1274116 (stress-ng-vm) terminated with an error, exit status=5 (killed by signal)
stress-ng: error: [1273935] process 1274119 (stress-ng-vm) terminated with an error, exit status=5 (killed by signal)
stress-ng: error: [1273935] process 1274121 (stress-ng-vm) terminated with an error, exit status=5 (killed by signal)
stress-ng: error: [1273935] process 1274123 (stress-ng-vm) terminated with an error, exit status=5 (killed by signal)
stress-ng: error: [1273935] process 1274125 (stress-ng-vm) terminated with an error, exit status=5 (killed by signal)
stress-ng: error: [1273935] process 1274127 (stress-ng-vm) terminated with an error, exit status=5 (killed by signal)
stress-ng: error: [1273935] process 1274131 (stress-ng-vm) terminated with an error, exit status=5 (killed by signal)
stress-ng: error: [1273935] process 1274133 (stress-ng-vm) terminated with an error, exit status=5 (killed by signal)
stress-ng: error: [1273935] process 1274135 (stress-ng-vm) terminated with an error, exit status=5 (killed by signal)
stress-ng: error: [1273935] process 1274137 (stress-ng-vm) terminated with an error, exit status=5 (killed by signal)
stress-ng: error: [1273935] process 1274139 (stress-ng-vm) terminated with an error, exit status=5 (killed by signal)
stress-ng: error: [1273935] process 1274141 (stress-ng-vm) terminated with an error, exit status=5 (killed by signal)
stress-ng: error: [1273935] process 1274144 (stress-ng-vm) terminated with an error, exit status=5 (killed by signal)
stress-ng: error: [1273935] process 1274146 (stress-ng-vm) terminated with an error, exit status=5 (killed by signal)
stress-ng: error: [1273935] process 1274148 (stress-ng-vm) terminated with an error, exit status=5 (killed by signal)
stress-ng: error: [1273935] process 1274149 (stress-ng-vm) terminated with an error, exit status=5 (killed by signal)
stress-ng: error: [1273935] process 1274151 (stress-ng-vm) terminated with an error, exit status=5 (killed by signal)
stress-ng: error: [1273935] process 1274153 (stress-ng-vm) terminated with an error, exit status=5 (killed by signal)
stress-ng: error: [1273935] process 1274156 (stress-ng-vm) terminated with an error, exit status=5 (killed by signal)
stress-ng: error: [1273935] process 1274158 (stress-ng-vm) terminated with an error, exit status=5 (killed by signal)
stress-ng: error: [1273935] process 1274160 (stress-ng-vm) terminated with an error, exit status=5 (killed by signal)
stress-ng: info:  [1273935] unsuccessful run completed in 98.45s (1 min, 38.45 secs)
SIDECAR_STOP
