SC=87276
SIDECAR_START stress_cpu cpu_n=nproc cpu_load=90 ts=1784951292
stress-ng: info:  [87276] setting to a 900 second (15 mins, 0.00 secs) run per stressor
stress-ng: info:  [87276] dispatching hogs: 256 cpu
stress-ng: info:  [87282] stress-ng-cpu: CPU affinity probably set, this can affect CPU loading
stress-ng: error: [87276] process 87282 (stress-ng-cpu) terminated with an error, exit status=5 (killed by signal)
stress-ng: error: [87276] process 87283 (stress-ng-cpu) terminated with an error, exit status=5 (killed by signal)
stress-ng: error: [87276] process 87284 (stress-ng-cpu) terminated with an error, exit status=5 (killed by signal)
stress-ng: error: [87276] process 87285 (stress-ng-cpu) terminated with an error, exit status=5 (killed by signal)
stress-ng: error: [87276] process 87286 (stress-ng-cpu) terminated with an error, exit status=5 (killed by signal)
stress-ng: error: [87276] process 87287 (stress-ng-cpu) terminated with an error, exit status=5 (killed by signal)
stress-ng: error: [87276] process 87288 (stress-ng-cpu) terminated with an error, exit status=5 (killed by signal)
stress-ng: error: [87276] process 87289 (stress-ng-cpu) terminated with an error, exit status=5 (killed by signal)
stress-ng: error: [87276] process 87290 (stress-ng-cpu) terminated with an error, exit status=5 (killed by signal)
stress-ng: error: [87276] process 87291 (stress-ng-cpu) terminated with an error, exit status=5 (killed by signal)
stress-ng: error: [87276] process 87292 (stress-ng-cpu) terminated with an error, exit status=5 (killed by signal)
stress-ng: error: [87276] process 87293 (stress-ng-cpu) terminated with an error, exit status=5 (killed by signal)
stress-ng: error: [87276] process 87294 (stress-ng-cpu) terminated with an error, exit status=5 (killed by signal)
stress-ng: error: [87276] process 87295 (stress-ng-cpu) terminated with an error, exit status=5 (killed by signal)
stress-ng: error: [87276] process 87296 (stress-ng-cpu) terminated with an error, exit status=5 (killed by signal)
stress-ng: error: [87276] process 87297 (stress-ng-cpu) terminated with an error, exit status=5 (killed by signal)
stress-ng: error: [87276] process 87298 (stress-ng-cpu) terminated with an error, exit status=5 (killed by signal)
stress-ng: error: [87276] process 87299 (stress-ng-cpu) terminated with an error, exit status=5 (killed by signal)
stress-ng: error: [87276] process 87300 (stress-ng-cpu) terminated with an error, exit status=5 (killed by signal)
stress-ng: error: [87276] process 87301 (stress-ng-cpu) terminated with an error, exit status=5 (killed by signal)
stress-ng: error: [87276] process 87302 (stress-ng-cpu) terminated with an error, exit status=5 (killed by signal)
stress-ng: error: [87276] process 87303 (stress-ng-cpu) terminated with an error, exit status=5 (killed by signal)
stress-ng: error: [87276] process 87304 (stress-ng-cpu) terminated with an error, exit status=5 (killed by signal)
stress-ng: error: [87276] process 87305 (stress-ng-cpu) terminated with an error, exit status=5 (killed by signal)
stress-ng: error: [87276] process 87306 (stress-ng-cpu) terminated with an error, exit status=5 (killed by signal)
stress-ng: error: [87276] process 87307 (stress-ng-cpu) terminated with an error, exit status=5 (killed by signal)
stress-ng: error: [87276] process 87308 (stress-ng-cpu) terminated with an error, exit status=5 (killed by signal)
stress-ng: error: [87276] process 87309 (stress-ng-cpu) terminated with an error, exit status=5 (killed by signal)
stress-ng: error: [87276] process 87310 (stress-ng-cpu) terminated with an error, exit status=5 (killed by signal)
stress-ng: error: [87276] process 87311 (stress-ng-cpu) terminated with an error, exit status=5 (killed by signal)
stress-ng: error: [87276] process 87312 (stress-ng-cpu) terminated with an error, exit status=5 (killed by signal)
stress-ng: error: [87276] process 87313 (stress-ng-cpu) terminated with an error, exit status=5 (killed by signal)
stress-ng: error: [87276] process 87314 (stress-ng-cpu) terminated with an error, exit status=5 (killed by signal)
stress-ng: error: [87276] process 87315 (stress-ng-cpu) terminated with an error, exit status=5 (killed by signal)
stress-ng: error: [87276] process 87316 (stress-ng-cpu) terminated with an error, exit status=5 (killed by signal)
stress-ng: error: [87276] process 87317 (stress-ng-cpu) terminated with an error, exit status=5 (killed by signal)
stress-ng: error: [87276] process 87318 (stress-ng-cpu) terminated with an error, exit status=5 (killed by signal)
stress-ng: error: [87276] process 87319 (stress-ng-cpu) terminated with an error, exit status=5 (killed by signal)
stress-ng: error: [87276] process 87320 (stress-ng-cpu) terminated with an error, exit status=5 (killed by signal)
stress-ng: error: [87276] process 87321 (stress-ng-cpu) terminated with an error, exit status=5 (killed by signal)
stress-ng: error: [87276] process 87322 (stress-ng-cpu) terminated with an error, exit status=5 (killed by signal)
stress-ng: error: [87276] process 87323 (stress-ng-cpu) terminated with an error, exit status=5 (killed by signal)
stress-ng: error: [87276] process 87324 (stress-ng-cpu) terminated with an error, exit status=5 (killed by signal)
stress-ng: error: [87276] process 87325 (stress-ng-cpu) terminated with an error, exit status=5 (killed by signal)
stress-ng: error: [87276] process 87326 (stress-ng-cpu) terminated with an error, exit status=5 (killed by signal)
stress-ng: error: [87276] process 87327 (stress-ng-cpu) terminated with an error, exit status=5 (killed by signal)
stress-ng: error: [87276] process 87328 (stress-ng-cpu) terminated with an error, exit status=5 (killed by signal)
stress-ng: error: [87276] process 87329 (stress-ng-cpu) terminated with an error, exit status=5 (killed by signal)
stress-ng: error: [87276] process 87330 (stress-ng-cpu) terminated with an error, exit status=5 (killed by signal)
stress-ng: error: [87276] process 87331 (stress-ng-cpu) terminated with an error, exit status=5 (killed by signal)
stress-ng: error: [87276] process 87332 (stress-ng-cpu) terminated with an error, exit status=5 (killed by signal)
stress-ng: error: [87276] process 87333 (stress-ng-cpu) terminated with an error, exit status=5 (killed by signal)
stress-ng: error: [87276] process 87334 (stress-ng-cpu) terminated with an error, exit status=5 (killed by signal)
stress-ng: error: [87276] process 87335 (stress-ng-cpu) terminated with an error, exit status=5 (killed by signal)
stress-ng: error: [87276] process 87336 (stress-ng-cpu) terminated with an error, exit status=5 (killed by signal)
stress-ng: error: [87276] process 87337 (stress-ng-cpu) terminated with an error, exit status=5 (killed by signal)
stress-ng: error: [87276] process 87338 (stress-ng-cpu) terminated with an error, exit status=5 (killed by signal)
stress-ng: error: [87276] process 87339 (stress-ng-cpu) terminated with an error, exit status=5 (killed by signal)
stress-ng: error: [87276] process 87340 (stress-ng-cpu) terminated with an error, exit status=5 (killed by signal)
stress-ng: error: [87276] process 87341 (stress-ng-cpu) terminated with an error, exit status=5 (killed by signal)
stress-ng: error: [87276] process 87342 (stress-ng-cpu) terminated with an error, exit status=5 (killed by signal)
stress-ng: error: [87276] process 87343 (stress-ng-cpu) terminated with an error, exit status=5 (killed by signal)
stress-ng: error: [87276] process 87344 (stress-ng-cpu) terminated with an error, exit status=5 (killed by signal)
stress-ng: error: [87276] process 87345 (stress-ng-cpu) terminated with an error, exit status=5 (killed by signal)
stress-ng: error: [87276] process 87346 (stress-ng-cpu) terminated with an error, exit status=5 (killed by signal)
stress-ng: error: [87276] process 87347 (stress-ng-cpu) terminated with an error, exit status=5 (killed by signal)
stress-ng: error: [87276] process 87348 (stress-ng-cpu) terminated with an error, exit status=5 (killed by signal)
stress-ng: error: [87276] process 87349 (stress-ng-cpu) terminated with an error, exit status=5 (killed by signal)
stress-ng: error: [87276] process 87350 (stress-ng-cpu) terminated with an error, exit status=5 (killed by signal)
stress-ng: error: [87276] process 87351 (stress-ng-cpu) terminated with an error, exit status=5 (killed by signal)
stress-ng: error: [87276] process 87352 (stress-ng-cpu) terminated with an error, exit status=5 (killed by signal)
stress-ng: error: [87276] process 87353 (stress-ng-cpu) terminated with an error, exit status=5 (killed by signal)
stress-ng: error: [87276] process 87354 (stress-ng-cpu) terminated with an error, exit status=5 (killed by signal)
stress-ng: error: [87276] process 87355 (stress-ng-cpu) terminated with an error, exit status=5 (killed by signal)
stress-ng: error: [87276] process 87356 (stress-ng-cpu) terminated with an error, exit status=5 (killed by signal)
stress-ng: error: [87276] process 87357 (stress-ng-cpu) terminated with an error, exit status=5 (killed by signal)
stress-ng: error: [87276] process 87358 (stress-ng-cpu) terminated with an error, exit status=5 (killed by signal)
stress-ng: error: [87276] process 87359 (stress-ng-cpu) terminated with an error, exit status=5 (killed by signal)
stress-ng: error: [87276] process 87360 (stress-ng-cpu) terminated with an error, exit status=5 (killed by signal)
stress-ng: error: [87276] process 87361 (stress-ng-cpu) terminated with an error, exit status=5 (killed by signal)
stress-ng: error: [87276] process 87362 (stress-ng-cpu) terminated with an error, exit status=5 (killed by signal)
stress-ng: error: [87276] process 87363 (stress-ng-cpu) terminated with an error, exit status=5 (killed by signal)
stress-ng: error: [87276] process 87364 (stress-ng-cpu) terminated with an error, exit status=5 (killed by signal)
stress-ng: error: [87276] process 87365 (stress-ng-cpu) terminated with an error, exit status=5 (killed by signal)
stress-ng: error: [87276] process 87366 (stress-ng-cpu) terminated with an error, exit status=5 (killed by signal)
stress-ng: error: [87276] process 87367 (stress-ng-cpu) terminated with an error, exit status=5 (killed by signal)
stress-ng: error: [87276] process 87368 (stress-ng-cpu) terminated with an error, exit status=5 (killed by signal)
stress-ng: error: [87276] process 87369 (stress-ng-cpu) terminated with an error, exit status=5 (killed by signal)
stress-ng: error: [87276] process 87370 (stress-ng-cpu) terminated with an error, exit status=5 (killed by signal)
stress-ng: error: [87276] process 87371 (stress-ng-cpu) terminated with an error, exit status=5 (killed by signal)
stress-ng: error: [87276] process 87372 (stress-ng-cpu) terminated with an error, exit status=5 (killed by signal)
stress-ng: error: [87276] process 87373 (stress-ng-cpu) terminated with an error, exit status=5 (killed by signal)
stress-ng: error: [87276] process 87374 (stress-ng-cpu) terminated with an error, exit status=5 (killed by signal)
stress-ng: error: [87276] process 87375 (stress-ng-cpu) terminated with an error, exit status=5 (killed by signal)
stress-ng: error: [87276] process 87376 (stress-ng-cpu) terminated with an error, exit status=5 (killed by signal)
stress-ng: error: [87276] process 87377 (stress-ng-cpu) terminated with an error, exit status=5 (killed by signal)
stress-ng: error: [87276] process 87378 (stress-ng-cpu) terminated with an error, exit status=5 (killed by signal)
stress-ng: error: [87276] process 87379 (stress-ng-cpu) terminated with an error, exit status=5 (killed by signal)
stress-ng: error: [87276] process 87380 (stress-ng-cpu) terminated with an error, exit status=5 (killed by signal)
stress-ng: error: [87276] process 87381 (stress-ng-cpu) terminated with an error, exit status=5 (killed by signal)
stress-ng: error: [87276] process 87382 (stress-ng-cpu) terminated with an error, exit status=5 (killed by signal)
stress-ng: error: [87276] process 87383 (stress-ng-cpu) terminated with an error, exit status=5 (killed by signal)
stress-ng: error: [87276] process 87384 (stress-ng-cpu) terminated with an error, exit status=5 (killed by signal)
stress-ng: error: [87276] process 87385 (stress-ng-cpu) terminated with an error, exit status=5 (killed by signal)
stress-ng: error: [87276] process 87386 (stress-ng-cpu) terminated with an error, exit status=5 (killed by signal)
stress-ng: error: [87276] process 87387 (stress-ng-cpu) terminated with an error, exit status=5 (killed by signal)
stress-ng: error: [87276] process 87388 (stress-ng-cpu) terminated with an error, exit status=5 (killed by signal)
stress-ng: error: [87276] process 87389 (stress-ng-cpu) terminated with an error, exit status=5 (killed by signal)
stress-ng: error: [87276] process 87390 (stress-ng-cpu) terminated with an error, exit status=5 (killed by signal)
stress-ng: error: [87276] process 87391 (stress-ng-cpu) terminated with an error, exit status=5 (killed by signal)
stress-ng: error: [87276] process 87392 (stress-ng-cpu) terminated with an error, exit status=5 (killed by signal)
stress-ng: error: [87276] process 87393 (stress-ng-cpu) terminated with an error, exit status=5 (killed by signal)
stress-ng: error: [87276] process 87394 (stress-ng-cpu) terminated with an error, exit status=5 (killed by signal)
stress-ng: error: [87276] process 87395 (stress-ng-cpu) terminated with an error, exit status=5 (killed by signal)
stress-ng: error: [87276] process 87396 (stress-ng-cpu) terminated with an error, exit status=5 (killed by signal)
stress-ng: error: [87276] process 87397 (stress-ng-cpu) terminated with an error, exit status=5 (killed by signal)
stress-ng: error: [87276] process 87398 (stress-ng-cpu) terminated with an error, exit status=5 (killed by signal)
stress-ng: error: [87276] process 87399 (stress-ng-cpu) terminated with an error, exit status=5 (killed by signal)
stress-ng: error: [87276] process 87400 (stress-ng-cpu) terminated with an error, exit status=5 (killed by signal)
stress-ng: error: [87276] process 87401 (stress-ng-cpu) terminated with an error, exit status=5 (killed by signal)
stress-ng: error: [87276] process 87402 (stress-ng-cpu) terminated with an error, exit status=5 (killed by signal)
stress-ng: error: [87276] process 87403 (stress-ng-cpu) terminated with an error, exit status=5 (killed by signal)
stress-ng: error: [87276] process 87404 (stress-ng-cpu) terminated with an error, exit status=5 (killed by signal)
stress-ng: error: [87276] process 87405 (stress-ng-cpu) terminated with an error, exit status=5 (killed by signal)
stress-ng: error: [87276] process 87406 (stress-ng-cpu) terminated with an error, exit status=5 (killed by signal)
stress-ng: error: [87276] process 87407 (stress-ng-cpu) terminated with an error, exit status=5 (killed by signal)
stress-ng: error: [87276] process 87408 (stress-ng-cpu) terminated with an error, exit status=5 (killed by signal)
stress-ng: error: [87276] process 87409 (stress-ng-cpu) terminated with an error, exit status=5 (killed by signal)
stress-ng: error: [87276] process 87410 (stress-ng-cpu) terminated with an error, exit status=5 (killed by signal)
stress-ng: error: [87276] process 87411 (stress-ng-cpu) terminated with an error, exit status=5 (killed by signal)
stress-ng: error: [87276] process 87412 (stress-ng-cpu) terminated with an error, exit status=5 (killed by signal)
stress-ng: error: [87276] process 87413 (stress-ng-cpu) terminated with an error, exit status=5 (killed by signal)
stress-ng: error: [87276] process 87414 (stress-ng-cpu) terminated with an error, exit status=5 (killed by signal)
stress-ng: error: [87276] process 87415 (stress-ng-cpu) terminated with an error, exit status=5 (killed by signal)
stress-ng: error: [87276] process 87416 (stress-ng-cpu) terminated with an error, exit status=5 (killed by signal)
stress-ng: error: [87276] process 87417 (stress-ng-cpu) terminated with an error, exit status=5 (killed by signal)
stress-ng: error: [87276] process 87418 (stress-ng-cpu) terminated with an error, exit status=5 (killed by signal)
stress-ng: error: [87276] process 87419 (stress-ng-cpu) terminated with an error, exit status=5 (killed by signal)
stress-ng: error: [87276] process 87420 (stress-ng-cpu) terminated with an error, exit status=5 (killed by signal)
stress-ng: error: [87276] process 87421 (stress-ng-cpu) terminated with an error, exit status=5 (killed by signal)
stress-ng: error: [87276] process 87422 (stress-ng-cpu) terminated with an error, exit status=5 (killed by signal)
stress-ng: error: [87276] process 87423 (stress-ng-cpu) terminated with an error, exit status=5 (killed by signal)
stress-ng: error: [87276] process 87424 (stress-ng-cpu) terminated with an error, exit status=5 (killed by signal)
stress-ng: error: [87276] process 87425 (stress-ng-cpu) terminated with an error, exit status=5 (killed by signal)
stress-ng: error: [87276] process 87426 (stress-ng-cpu) terminated with an error, exit status=5 (killed by signal)
stress-ng: error: [87276] process 87427 (stress-ng-cpu) terminated with an error, exit status=5 (killed by signal)
stress-ng: error: [87276] process 87428 (stress-ng-cpu) terminated with an error, exit status=5 (killed by signal)
stress-ng: error: [87276] process 87429 (stress-ng-cpu) terminated with an error, exit status=5 (killed by signal)
stress-ng: error: [87276] process 87430 (stress-ng-cpu) terminated with an error, exit status=5 (killed by signal)
stress-ng: error: [87276] process 87431 (stress-ng-cpu) terminated with an error, exit status=5 (killed by signal)
stress-ng: error: [87276] process 87432 (stress-ng-cpu) terminated with an error, exit status=5 (killed by signal)
stress-ng: error: [87276] process 87433 (stress-ng-cpu) terminated with an error, exit status=5 (killed by signal)
stress-ng: error: [87276] process 87434 (stress-ng-cpu) terminated with an error, exit status=5 (killed by signal)
stress-ng: error: [87276] process 87435 (stress-ng-cpu) terminated with an error, exit status=5 (killed by signal)
stress-ng: error: [87276] process 87436 (stress-ng-cpu) terminated with an error, exit status=5 (killed by signal)
stress-ng: error: [87276] process 87437 (stress-ng-cpu) terminated with an error, exit status=5 (killed by signal)
stress-ng: error: [87276] process 87438 (stress-ng-cpu) terminated with an error, exit status=5 (killed by signal)
stress-ng: error: [87276] process 87439 (stress-ng-cpu) terminated with an error, exit status=5 (killed by signal)
stress-ng: error: [87276] process 87440 (stress-ng-cpu) terminated with an error, exit status=5 (killed by signal)
stress-ng: error: [87276] process 87441 (stress-ng-cpu) terminated with an error, exit status=5 (killed by signal)
stress-ng: error: [87276] process 87442 (stress-ng-cpu) terminated with an error, exit status=5 (killed by signal)
stress-ng: error: [87276] process 87443 (stress-ng-cpu) terminated with an error, exit status=5 (killed by signal)
stress-ng: error: [87276] process 87444 (stress-ng-cpu) terminated with an error, exit status=5 (killed by signal)
stress-ng: error: [87276] process 87445 (stress-ng-cpu) terminated with an error, exit status=5 (killed by signal)
stress-ng: error: [87276] process 87446 (stress-ng-cpu) terminated with an error, exit status=5 (killed by signal)
stress-ng: error: [87276] process 87447 (stress-ng-cpu) terminated with an error, exit status=5 (killed by signal)
stress-ng: error: [87276] process 87448 (stress-ng-cpu) terminated with an error, exit status=5 (killed by signal)
stress-ng: error: [87276] process 87449 (stress-ng-cpu) terminated with an error, exit status=5 (killed by signal)
stress-ng: error: [87276] process 87450 (stress-ng-cpu) terminated with an error, exit status=5 (killed by signal)
stress-ng: error: [87276] process 87451 (stress-ng-cpu) terminated with an error, exit status=5 (killed by signal)
stress-ng: error: [87276] process 87452 (stress-ng-cpu) terminated with an error, exit status=5 (killed by signal)
stress-ng: error: [87276] process 87453 (stress-ng-cpu) terminated with an error, exit status=5 (killed by signal)
stress-ng: error: [87276] process 87454 (stress-ng-cpu) terminated with an error, exit status=5 (killed by signal)
stress-ng: error: [87276] process 87455 (stress-ng-cpu) terminated with an error, exit status=5 (killed by signal)
stress-ng: error: [87276] process 87456 (stress-ng-cpu) terminated with an error, exit status=5 (killed by signal)
stress-ng: error: [87276] process 87457 (stress-ng-cpu) terminated with an error, exit status=5 (killed by signal)
stress-ng: error: [87276] process 87458 (stress-ng-cpu) terminated with an error, exit status=5 (killed by signal)
stress-ng: error: [87276] process 87459 (stress-ng-cpu) terminated with an error, exit status=5 (killed by signal)
stress-ng: error: [87276] process 87460 (stress-ng-cpu) terminated with an error, exit status=5 (killed by signal)
stress-ng: error: [87276] process 87461 (stress-ng-cpu) terminated with an error, exit status=5 (killed by signal)
stress-ng: error: [87276] process 87462 (stress-ng-cpu) terminated with an error, exit status=5 (killed by signal)
stress-ng: error: [87276] process 87463 (stress-ng-cpu) terminated with an error, exit status=5 (killed by signal)
stress-ng: error: [87276] process 87464 (stress-ng-cpu) terminated with an error, exit status=5 (killed by signal)
stress-ng: error: [87276] process 87465 (stress-ng-cpu) terminated with an error, exit status=5 (killed by signal)
stress-ng: error: [87276] process 87466 (stress-ng-cpu) terminated with an error, exit status=5 (killed by signal)
stress-ng: error: [87276] process 87467 (stress-ng-cpu) terminated with an error, exit status=5 (killed by signal)
stress-ng: error: [87276] process 87468 (stress-ng-cpu) terminated with an error, exit status=5 (killed by signal)
stress-ng: error: [87276] process 87469 (stress-ng-cpu) terminated with an error, exit status=5 (killed by signal)
stress-ng: error: [87276] process 87470 (stress-ng-cpu) terminated with an error, exit status=5 (killed by signal)
stress-ng: error: [87276] process 87471 (stress-ng-cpu) terminated with an error, exit status=5 (killed by signal)
stress-ng: error: [87276] process 87472 (stress-ng-cpu) terminated with an error, exit status=5 (killed by signal)
stress-ng: error: [87276] process 87473 (stress-ng-cpu) terminated with an error, exit status=5 (killed by signal)
stress-ng: error: [87276] process 87474 (stress-ng-cpu) terminated with an error, exit status=5 (killed by signal)
stress-ng: error: [87276] process 87475 (stress-ng-cpu) terminated with an error, exit status=5 (killed by signal)
stress-ng: error: [87276] process 87476 (stress-ng-cpu) terminated with an error, exit status=5 (killed by signal)
stress-ng: error: [87276] process 87477 (stress-ng-cpu) terminated with an error, exit status=5 (killed by signal)
stress-ng: error: [87276] process 87478 (stress-ng-cpu) terminated with an error, exit status=5 (killed by signal)
stress-ng: error: [87276] process 87479 (stress-ng-cpu) terminated with an error, exit status=5 (killed by signal)
stress-ng: error: [87276] process 87480 (stress-ng-cpu) terminated with an error, exit status=5 (killed by signal)
stress-ng: error: [87276] process 87481 (stress-ng-cpu) terminated with an error, exit status=5 (killed by signal)
stress-ng: error: [87276] process 87482 (stress-ng-cpu) terminated with an error, exit status=5 (killed by signal)
stress-ng: error: [87276] process 87483 (stress-ng-cpu) terminated with an error, exit status=5 (killed by signal)
stress-ng: error: [87276] process 87484 (stress-ng-cpu) terminated with an error, exit status=5 (killed by signal)
stress-ng: error: [87276] process 87485 (stress-ng-cpu) terminated with an error, exit status=5 (killed by signal)
stress-ng: error: [87276] process 87486 (stress-ng-cpu) terminated with an error, exit status=5 (killed by signal)
stress-ng: error: [87276] process 87487 (stress-ng-cpu) terminated with an error, exit status=5 (killed by signal)
stress-ng: error: [87276] process 87488 (stress-ng-cpu) terminated with an error, exit status=5 (killed by signal)
stress-ng: error: [87276] process 87489 (stress-ng-cpu) terminated with an error, exit status=5 (killed by signal)
stress-ng: error: [87276] process 87490 (stress-ng-cpu) terminated with an error, exit status=5 (killed by signal)
stress-ng: error: [87276] process 87491 (stress-ng-cpu) terminated with an error, exit status=5 (killed by signal)
stress-ng: error: [87276] process 87492 (stress-ng-cpu) terminated with an error, exit status=5 (killed by signal)
stress-ng: error: [87276] process 87493 (stress-ng-cpu) terminated with an error, exit status=5 (killed by signal)
stress-ng: error: [87276] process 87494 (stress-ng-cpu) terminated with an error, exit status=5 (killed by signal)
stress-ng: error: [87276] process 87495 (stress-ng-cpu) terminated with an error, exit status=5 (killed by signal)
stress-ng: error: [87276] process 87496 (stress-ng-cpu) terminated with an error, exit status=5 (killed by signal)
stress-ng: error: [87276] process 87497 (stress-ng-cpu) terminated with an error, exit status=5 (killed by signal)
stress-ng: error: [87276] process 87498 (stress-ng-cpu) terminated with an error, exit status=5 (killed by signal)
stress-ng: error: [87276] process 87499 (stress-ng-cpu) terminated with an error, exit status=5 (killed by signal)
stress-ng: error: [87276] process 87500 (stress-ng-cpu) terminated with an error, exit status=5 (killed by signal)
stress-ng: error: [87276] process 87501 (stress-ng-cpu) terminated with an error, exit status=5 (killed by signal)
stress-ng: error: [87276] process 87502 (stress-ng-cpu) terminated with an error, exit status=5 (killed by signal)
stress-ng: error: [87276] process 87503 (stress-ng-cpu) terminated with an error, exit status=5 (killed by signal)
stress-ng: error: [87276] process 87504 (stress-ng-cpu) terminated with an error, exit status=5 (killed by signal)
stress-ng: error: [87276] process 87505 (stress-ng-cpu) terminated with an error, exit status=5 (killed by signal)
stress-ng: error: [87276] process 87506 (stress-ng-cpu) terminated with an error, exit status=5 (killed by signal)
stress-ng: error: [87276] process 87507 (stress-ng-cpu) terminated with an error, exit status=5 (killed by signal)
stress-ng: error: [87276] process 87508 (stress-ng-cpu) terminated with an error, exit status=5 (killed by signal)
stress-ng: error: [87276] process 87509 (stress-ng-cpu) terminated with an error, exit status=5 (killed by signal)
stress-ng: error: [87276] process 87510 (stress-ng-cpu) terminated with an error, exit status=5 (killed by signal)
stress-ng: error: [87276] process 87511 (stress-ng-cpu) terminated with an error, exit status=5 (killed by signal)
stress-ng: error: [87276] process 87512 (stress-ng-cpu) terminated with an error, exit status=5 (killed by signal)
stress-ng: error: [87276] process 87513 (stress-ng-cpu) terminated with an error, exit status=5 (killed by signal)
stress-ng: error: [87276] process 87514 (stress-ng-cpu) terminated with an error, exit status=5 (killed by signal)
stress-ng: error: [87276] process 87515 (stress-ng-cpu) terminated with an error, exit status=5 (killed by signal)
stress-ng: error: [87276] process 87516 (stress-ng-cpu) terminated with an error, exit status=5 (killed by signal)
stress-ng: error: [87276] process 87517 (stress-ng-cpu) terminated with an error, exit status=5 (killed by signal)
stress-ng: error: [87276] process 87518 (stress-ng-cpu) terminated with an error, exit status=5 (killed by signal)
stress-ng: error: [87276] process 87519 (stress-ng-cpu) terminated with an error, exit status=5 (killed by signal)
stress-ng: error: [87276] process 87520 (stress-ng-cpu) terminated with an error, exit status=5 (killed by signal)
stress-ng: error: [87276] process 87521 (stress-ng-cpu) terminated with an error, exit status=5 (killed by signal)
stress-ng: error: [87276] process 87522 (stress-ng-cpu) terminated with an error, exit status=5 (killed by signal)
stress-ng: error: [87276] process 87523 (stress-ng-cpu) terminated with an error, exit status=5 (killed by signal)
stress-ng: error: [87276] process 87524 (stress-ng-cpu) terminated with an error, exit status=5 (killed by signal)
stress-ng: error: [87276] process 87525 (stress-ng-cpu) terminated with an error, exit status=5 (killed by signal)
stress-ng: error: [87276] process 87526 (stress-ng-cpu) terminated with an error, exit status=5 (killed by signal)
stress-ng: error: [87276] process 87527 (stress-ng-cpu) terminated with an error, exit status=5 (killed by signal)
stress-ng: error: [87276] process 87528 (stress-ng-cpu) terminated with an error, exit status=5 (killed by signal)
stress-ng: error: [87276] process 87529 (stress-ng-cpu) terminated with an error, exit status=5 (killed by signal)
stress-ng: error: [87276] process 87530 (stress-ng-cpu) terminated with an error, exit status=5 (killed by signal)
stress-ng: error: [87276] process 87531 (stress-ng-cpu) terminated with an error, exit status=5 (killed by signal)
stress-ng: error: [87276] process 87532 (stress-ng-cpu) terminated with an error, exit status=5 (killed by signal)
stress-ng: error: [87276] process 87533 (stress-ng-cpu) terminated with an error, exit status=5 (killed by signal)
stress-ng: error: [87276] process 87534 (stress-ng-cpu) terminated with an error, exit status=5 (killed by signal)
stress-ng: error: [87276] process 87535 (stress-ng-cpu) terminated with an error, exit status=5 (killed by signal)
stress-ng: error: [87276] process 87536 (stress-ng-cpu) terminated with an error, exit status=5 (killed by signal)
stress-ng: error: [87276] process 87537 (stress-ng-cpu) terminated with an error, exit status=5 (killed by signal)
stress-ng: info:  [87276] unsuccessful run completed in 50.67s
SIDECAR_STOP ts=1784951343 held_s=45
