W0724 13:25:03.430000 209472 site-packages/torch/distributed/run.py:792] 
W0724 13:25:03.430000 209472 site-packages/torch/distributed/run.py:792] *****************************************
W0724 13:25:03.430000 209472 site-packages/torch/distributed/run.py:792] Setting OMP_NUM_THREADS environment variable for each process to be 1 in default, to avoid your system being overloaded, please further tune the variable for optimal performance in your application as needed. 
W0724 13:25:03.430000 209472 site-packages/torch/distributed/run.py:792] *****************************************
Activating probing in 'nested' mode (all child processes)Activating probing in 'nested' mode (all child processes)

Activating probing in 'nested' mode (all child processes)Activating probing in 'nested' mode (all child processes)

Activating probing in 'nested' mode (all child processes)
Activating probing in 'nested' mode (all child processes)
Activating probing in 'nested' mode (all child processes)
Activating probing in 'nested' mode (all child processes)
[13:25:05.434][MCR][E]mc_device.cpp            :428 : Signal SIGUSR2 already has a custom handler, will not overwrite it!
[13:25:05.499][MCR][E]mc_device.cpp            :428 : Signal SIGUSR2 already has a custom handler, will not overwrite it!
[13:25:05.500][MCR][E]mc_device.cpp            :428 : Signal SIGUSR2 already has a custom handler, will not overwrite it!
[13:25:05.520][MCR][E]mc_device.cpp            :428 : Signal SIGUSR2 already has a custom handler, will not overwrite it!
[13:25:05.558][MCR][E]mc_device.cpp            :428 : Signal SIGUSR2 already has a custom handler, will not overwrite it!
[13:25:05.579][MCR][E]mc_device.cpp            :428 : Signal SIGUSR2 already has a custom handler, will not overwrite it!
[13:25:05.594][MCR][E]mc_device.cpp            :428 : Signal SIGUSR2 already has a custom handler, will not overwrite it!
[13:25:05.607][MCR][E]mc_device.cpp            :428 : Signal SIGUSR2 already has a custom handler, will not overwrite it!
yjr-fs-h14411:209549:209549 [7] MCCL INFO /root/mxlog/mccl/mccl.209549.2026_07_24_13_25_11.log
yjr-fs-h14411:209547:209547 [5] MCCL INFO /root/mxlog/mccl/mccl.209547.2026_07_24_13_25_11.log
yjr-fs-h14411:209544:209544 [2] MCCL INFO /root/mxlog/mccl/mccl.209544.2026_07_24_13_25_11.log
yjr-fs-h14411:209546:209546 [4] MCCL INFO /root/mxlog/mccl/mccl.209546.2026_07_24_13_25_11.log
yjr-fs-h14411:209545:209545 [3] MCCL INFO /root/mxlog/mccl/mccl.209545.2026_07_24_13_25_11.log
yjr-fs-h14411:209543:209543 [1] MCCL INFO /root/mxlog/mccl/mccl.209543.2026_07_24_13_25_11.log
yjr-fs-h14411:209548:209548 [6] MCCL INFO /root/mxlog/mccl/mccl.209548.2026_07_24_13_25_11.log
yjr-fs-h14411:209542:209542 [0] MCCL INFO /root/mxlog/mccl/mccl.209542.2026_07_24_13_25_11.log
/workspace/probe-bundle/pydeps/probing/profiling/torch/module_utils.py:88: FutureWarning: `torch.distributed.reduce_op` is deprecated, please use `torch.distributed.ReduceOp` instead
  objs = [obj for obj in gc.get_objects() if isinstance(obj, torch.nn.Module)]
/workspace/probe-bundle/pydeps/probing/profiling/torch/module_utils.py:88: FutureWarning: `torch.distributed.reduce_op` is deprecated, please use `torch.distributed.ReduceOp` instead
  objs = [obj for obj in gc.get_objects() if isinstance(obj, torch.nn.Module)]
/workspace/probe-bundle/pydeps/probing/profiling/torch/module_utils.py:88: FutureWarning: `torch.distributed.reduce_op` is deprecated, please use `torch.distributed.ReduceOp` instead
  objs = [obj for obj in gc.get_objects() if isinstance(obj, torch.nn.Module)]
/workspace/probe-bundle/pydeps/probing/profiling/torch/module_utils.py:88: FutureWarning: `torch.distributed.reduce_op` is deprecated, please use `torch.distributed.ReduceOp` instead
  objs = [obj for obj in gc.get_objects() if isinstance(obj, torch.nn.Module)]
/workspace/probe-bundle/pydeps/probing/profiling/torch/module_utils.py:88: FutureWarning: `torch.distributed.reduce_op` is deprecated, please use `torch.distributed.ReduceOp` instead
  objs = [obj for obj in gc.get_objects() if isinstance(obj, torch.nn.Module)]
/workspace/probe-bundle/pydeps/probing/profiling/torch/module_utils.py:88: FutureWarning: `torch.distributed.reduce_op` is deprecated, please use `torch.distributed.ReduceOp` instead
  objs = [obj for obj in gc.get_objects() if isinstance(obj, torch.nn.Module)]
/workspace/probe-bundle/pydeps/probing/profiling/torch/module_utils.py:88: FutureWarning: `torch.distributed.reduce_op` is deprecated, please use `torch.distributed.ReduceOp` instead
  objs = [obj for obj in gc.get_objects() if isinstance(obj, torch.nn.Module)]
/workspace/probe-bundle/pydeps/probing/profiling/torch/module_utils.py:88: FutureWarning: `torch.distributed.reduce_op` is deprecated, please use `torch.distributed.ReduceOp` instead
  objs = [obj for obj in gc.get_objects() if isinstance(obj, torch.nn.Module)]

yjr-fs-h14411:209542:209748 [0] /workspace/out/Release/build/linux/x86_64/mccl/macaify/src/misc/socket.cc:40 MCCL WARN socketProgressOpt: Call to recv from 10.120.28.205<49525> failed : Connection reset by peer

yjr-fs-h14411:209545:209749 [0] /workspace/out/Release/build/linux/x86_64/mccl/macaify/src/misc/socket.cc:40 MCCL WARN socketProgressOpt: Call to recv from 10.120.28.205<38751> failed : Connection reset by peer

yjr-fs-h14411:209548:209746 [0] /workspace/out/Release/build/linux/x86_64/mccl/macaify/src/misc/socket.cc:40 MCCL WARN socketProgressOpt: Call to recv from 10.120.28.205<54707> failed : Connection reset by peer

yjr-fs-h14411:209545:209749 [0] /workspace/out/Release/build/linux/x86_64/mccl/macaify/src/misc/socket.cc:40 MCCL WARN socketProgressOpt: Call to recv from 10.120.28.205<33115> failed : Connection reset by peer

yjr-fs-h14411:209545:209749 [32674] /workspace/out/Release/build/linux/x86_64/mccl/macaify/src/misc/socket.cc:608 MCCL WARN socketStartConnect: Connect to 10.120.28.205<38751> failed : Software caused connection abort

yjr-fs-h14411:209545:209749 [32674] /workspace/out/Release/build/linux/x86_64/mccl/macaify/src/misc/socket.cc:608 MCCL WARN socketStartConnect: Connect to 10.120.28.205<33115> failed : Software caused connection abort
