io_stress: (g=0): rw=randrw, bs=(R) 4096B-4096B, (W) 4096B-4096B, (T) 4096B-4096B, ioengine=psync, iodepth=64
...
fio-3.29
Starting 16 processes
io_stress: Laying out IO file (1 file / 4096MiB)
io_stress: Laying out IO file (1 file / 4096MiB)
io_stress: Laying out IO file (1 file / 4096MiB)
io_stress: Laying out IO file (1 file / 4096MiB)
io_stress: Laying out IO file (1 file / 4096MiB)
io_stress: Laying out IO file (1 file / 4096MiB)
io_stress: Laying out IO file (1 file / 4096MiB)
io_stress: Laying out IO file (1 file / 4096MiB)
io_stress: Laying out IO file (1 file / 4096MiB)
io_stress: Laying out IO file (1 file / 4096MiB)
io_stress: Laying out IO file (1 file / 4096MiB)
io_stress: Laying out IO file (1 file / 4096MiB)
io_stress: Laying out IO file (1 file / 4096MiB)
io_stress: Laying out IO file (1 file / 4096MiB)
io_stress: Laying out IO file (1 file / 4096MiB)
io_stress: Laying out IO file (1 file / 4096MiB)
SIDECAR_STOP
