W0724 13:25:03.425000 128892 site-packages/torch/distributed/run.py:792] 
W0724 13:25:03.425000 128892 site-packages/torch/distributed/run.py:792] *****************************************
W0724 13:25:03.425000 128892 site-packages/torch/distributed/run.py:792] Setting OMP_NUM_THREADS environment variable for each process to be 1 in default, to avoid your system being overloaded, please further tune the variable for optimal performance in your application as needed. 
W0724 13:25:03.425000 128892 site-packages/torch/distributed/run.py:792] *****************************************
Activating probing in 'nested' mode (all child processes)Activating probing in 'nested' mode (all child processes)

Activating probing in 'nested' mode (all child processes)
Activating probing in 'nested' mode (all child processes)Activating probing in 'nested' mode (all child processes)

Activating probing in 'nested' mode (all child processes)
Activating probing in 'nested' mode (all child processes)
Activating probing in 'nested' mode (all child processes)
[13:25:05.478][MCR][E]mc_device.cpp            :428 : Signal SIGUSR2 already has a custom handler, will not overwrite it!
[13:25:05.525][MCR][E]mc_device.cpp            :428 : Signal SIGUSR2 already has a custom handler, will not overwrite it!
[13:25:05.527][MCR][E]mc_device.cpp            :428 : Signal SIGUSR2 already has a custom handler, will not overwrite it!
[13:25:05.546][MCR][E]mc_device.cpp            :428 : Signal SIGUSR2 already has a custom handler, will not overwrite it!
[13:25:05.578][MCR][E]mc_device.cpp            :428 : Signal SIGUSR2 already has a custom handler, will not overwrite it!
[13:25:05.580][MCR][E]mc_device.cpp            :428 : Signal SIGUSR2 already has a custom handler, will not overwrite it!
[13:25:05.589][MCR][E]mc_device.cpp            :428 : Signal SIGUSR2 already has a custom handler, will not overwrite it!
[13:25:05.601][MCR][E]mc_device.cpp            :428 : Signal SIGUSR2 already has a custom handler, will not overwrite it!
yjr-fs-h14410:128969:128969 [0] MCCL INFO /root/mxlog/mccl/mccl.128969.2026_07_24_13_25_11.log
yjr-fs-h14410:128971:128971 [2] MCCL INFO /root/mxlog/mccl/mccl.128971.2026_07_24_13_25_11.log
yjr-fs-h14410:128974:128974 [5] MCCL INFO /root/mxlog/mccl/mccl.128974.2026_07_24_13_25_11.log
yjr-fs-h14410:128972:128972 [3] MCCL INFO /root/mxlog/mccl/mccl.128972.2026_07_24_13_25_11.log
yjr-fs-h14410:128976:128976 [7] MCCL INFO /root/mxlog/mccl/mccl.128976.2026_07_24_13_25_11.log
yjr-fs-h14410:128970:128970 [1] MCCL INFO /root/mxlog/mccl/mccl.128970.2026_07_24_13_25_11.log
yjr-fs-h14410:128975:128975 [6] MCCL INFO /root/mxlog/mccl/mccl.128975.2026_07_24_13_25_11.log
yjr-fs-h14410:128973:128973 [4] MCCL INFO /root/mxlog/mccl/mccl.128973.2026_07_24_13_25_11.log
/workspace/probe-bundle/pydeps/probing/profiling/torch/module_utils.py:88: FutureWarning: `torch.distributed.reduce_op` is deprecated, please use `torch.distributed.ReduceOp` instead
  objs = [obj for obj in gc.get_objects() if isinstance(obj, torch.nn.Module)]
/workspace/probe-bundle/pydeps/probing/profiling/torch/module_utils.py:88: FutureWarning: `torch.distributed.reduce_op` is deprecated, please use `torch.distributed.ReduceOp` instead
  objs = [obj for obj in gc.get_objects() if isinstance(obj, torch.nn.Module)]
/workspace/probe-bundle/pydeps/probing/profiling/torch/module_utils.py:88: FutureWarning: `torch.distributed.reduce_op` is deprecated, please use `torch.distributed.ReduceOp` instead
  objs = [obj for obj in gc.get_objects() if isinstance(obj, torch.nn.Module)]
/workspace/probe-bundle/pydeps/probing/profiling/torch/module_utils.py:88: FutureWarning: `torch.distributed.reduce_op` is deprecated, please use `torch.distributed.ReduceOp` instead
  objs = [obj for obj in gc.get_objects() if isinstance(obj, torch.nn.Module)]
/workspace/probe-bundle/pydeps/probing/profiling/torch/module_utils.py:88: FutureWarning: `torch.distributed.reduce_op` is deprecated, please use `torch.distributed.ReduceOp` instead
  objs = [obj for obj in gc.get_objects() if isinstance(obj, torch.nn.Module)]
/workspace/probe-bundle/pydeps/probing/profiling/torch/module_utils.py:88: FutureWarning: `torch.distributed.reduce_op` is deprecated, please use `torch.distributed.ReduceOp` instead
  objs = [obj for obj in gc.get_objects() if isinstance(obj, torch.nn.Module)]
/workspace/probe-bundle/pydeps/probing/profiling/torch/module_utils.py:88: FutureWarning: `torch.distributed.reduce_op` is deprecated, please use `torch.distributed.ReduceOp` instead
  objs = [obj for obj in gc.get_objects() if isinstance(obj, torch.nn.Module)]
/workspace/probe-bundle/pydeps/probing/profiling/torch/module_utils.py:88: FutureWarning: `torch.distributed.reduce_op` is deprecated, please use `torch.distributed.ReduceOp` instead
  objs = [obj for obj in gc.get_objects() if isinstance(obj, torch.nn.Module)]
INLINE_HBM_ALLOC mb=512 copies/step=48
[2026-07-24T05:26:24Z ERROR probing_server::engine] Error executing SELECT query 'SELECT timestamp, step, module, stage, duration, allocated FROM python.torch_trace ORDER BY timestamp DESC LIMIT 50': Schema error: No field named step. Valid fields are python.torch_trace.timestamp, python.torch_trace.allocated, python.torch_trace.allocated_delta, python.torch_trace.cached, python.torch_trace.duration, python.torch_trace.global_step, python.torch_trace.local_step, python.torch_trace.max_allocated, python.torch_trace.max_allocated_delta, python.torch_trace.max_cached, python.torch_trace.micro_batches, python.torch_trace.micro_step, python.torch_trace.module, python.torch_trace.rank, python.torch_trace.role, python.torch_trace.seq, python.torch_trace.stage, python.torch_trace.time_offset, python.torch_trace.world_size.
[2026-07-24T05:26:24Z ERROR probing_server::engine] Error executing SELECT query 'SELECT ts, device_id, name, gpu_util_pct, mem_used_pct, used_bytes FROM gpu.utilization ORDER BY ts DESC LIMIT 100': Error during planning: table 'probe.gpu.utilization' not found
[2026-07-24T05:26:24Z ERROR probing_server::engine] Error executing SELECT query 'SELECT * FROM process.gpu_users LIMIT 20': Error during planning: table 'probe.process.gpu_users' not found
[2026-07-24T05:26:24Z ERROR probing_server::engine] Error executing SELECT query 'SELECT * FROM process.cpu_stats LIMIT 20': Error during planning: table 'probe.process.cpu_stats' not found
[2026-07-24T05:26:25Z ERROR probing_server::engine] Error executing SELECT query 'SELECT ts, device_id, gpu_util_pct, mem_used_pct FROM gpu.utilization ORDER BY ts DESC LIMIT 200': Error during planning: table 'probe.gpu.utilization' not found
[2026-07-24T05:26:25Z ERROR probing_server::engine] Error executing SELECT query 'SELECT key, value FROM process.envs WHERE key LIKE 'INLINE%' OR key LIKE 'MACA%' OR key LIKE 'CUDA%' LIMIT 50': Schema error: No field named key. Valid fields are process.envs.name, process.envs.value.
DONE world=16 out=/workspace/probe-bundle/out/P1-EXT-B/round_1/C2_probing/ranks/rank_0000.jsonl

yjr-fs-h14410:128971:129183 [0] /workspace/out/Release/build/linux/x86_64/mccl/macaify/src/misc/socket.cc:40 MCCL WARN socketProgressOpt: Call to recv from 10.120.28.205<54707> failed : Connection reset by peer
