[hcclprobe-collect] loaded version=ascend-collect-min-0.2 pid=99390 (Hccl* interpose → GREYHOUND_DUMP)
[hcclprobe-collect] loaded version=ascend-collect-min-0.2 pid=99460 (Hccl* interpose → GREYHOUND_DUMP)
W0725 12:05:33.874000 99390 site-packages/torch/distributed/run.py:766] 
W0725 12:05:33.874000 99390 site-packages/torch/distributed/run.py:766] *****************************************
W0725 12:05:33.874000 99390 site-packages/torch/distributed/run.py:766] Setting OMP_NUM_THREADS environment variable for each process to be 1 in default, to avoid your system being overloaded, please further tune the variable for optimal performance in your application as needed. 
W0725 12:05:33.874000 99390 site-packages/torch/distributed/run.py:766] *****************************************
[hcclprobe-collect] loaded version=ascend-collect-min-0.2 pid=99537 (Hccl* interpose → GREYHOUND_DUMP)
[hcclprobe-collect] loaded version=ascend-collect-min-0.2 pid=99534 (Hccl* interpose → GREYHOUND_DUMP)
[hcclprobe-collect] loaded version=ascend-collect-min-0.2 pid=99531 (Hccl* interpose → GREYHOUND_DUMP)
[hcclprobe-collect] loaded version=ascend-collect-min-0.2 pid=99532 (Hccl* interpose → GREYHOUND_DUMP)
[hcclprobe-collect] loaded version=ascend-collect-min-0.2 pid=99533 (Hccl* interpose → GREYHOUND_DUMP)
[hcclprobe-collect] loaded version=ascend-collect-min-0.2 pid=99535 (Hccl* interpose → GREYHOUND_DUMP)
[hcclprobe-collect] loaded version=ascend-collect-min-0.2 pid=99538 (Hccl* interpose → GREYHOUND_DUMP)
[hcclprobe-collect] loaded version=ascend-collect-min-0.2 pid=99536 (Hccl* interpose → GREYHOUND_DUMP)
[hcclprobe-collect] loaded version=ascend-collect-min-0.2 pid=99539 (Hccl* interpose → GREYHOUND_DUMP)
[hcclprobe-collect] loaded version=ascend-collect-min-0.2 pid=99540 (Hccl* interpose → GREYHOUND_DUMP)
[hcclprobe-collect] loaded version=ascend-collect-min-0.2 pid=99541 (Hccl* interpose → GREYHOUND_DUMP)
[hcclprobe-collect] loaded version=ascend-collect-min-0.2 pid=99542 (Hccl* interpose → GREYHOUND_DUMP)
[hcclprobe-collect] loaded version=ascend-collect-min-0.2 pid=99543 (Hccl* interpose → GREYHOUND_DUMP)
[hcclprobe-collect] loaded version=ascend-collect-min-0.2 pid=99544 (Hccl* interpose → GREYHOUND_DUMP)
[hcclprobe-collect] loaded version=ascend-collect-min-0.2 pid=99545 (Hccl* interpose → GREYHOUND_DUMP)
[hcclprobe-collect] loaded version=ascend-collect-min-0.2 pid=99546 (Hccl* interpose → GREYHOUND_DUMP)
[hcclprobe-collect] loaded version=ascend-collect-min-0.2 pid=99699 (Hccl* interpose → GREYHOUND_DUMP)
[hcclprobe-collect] loaded version=ascend-collect-min-0.2 pid=99702 (Hccl* interpose → GREYHOUND_DUMP)
[hcclprobe-collect] loaded version=ascend-collect-min-0.2 pid=99698 (Hccl* interpose → GREYHOUND_DUMP)
[hcclprobe-collect] loaded version=ascend-collect-min-0.2 pid=99696 (Hccl* interpose → GREYHOUND_DUMP)
[hcclprobe-collect] loaded version=ascend-collect-min-0.2 pid=99700 (Hccl* interpose → GREYHOUND_DUMP)
[hcclprobe-collect] loaded version=ascend-collect-min-0.2 pid=99722 (Hccl* interpose → GREYHOUND_DUMP)
[hcclprobe-collect] loaded version=ascend-collect-min-0.2 pid=99727 (Hccl* interpose → GREYHOUND_DUMP)
[hcclprobe-collect] loaded version=ascend-collect-min-0.2 pid=99732 (Hccl* interpose → GREYHOUND_DUMP)
[hcclprobe-collect] loaded version=ascend-collect-min-0.2 pid=99739 (Hccl* interpose → GREYHOUND_DUMP)
[hcclprobe-collect] loaded version=ascend-collect-min-0.2 pid=99737 (Hccl* interpose → GREYHOUND_DUMP)
[hcclprobe-collect] loaded version=ascend-collect-min-0.2 pid=99747 (Hccl* interpose → GREYHOUND_DUMP)
[hcclprobe-collect] loaded version=ascend-collect-min-0.2 pid=99749 (Hccl* interpose → GREYHOUND_DUMP)
[hcclprobe-collect] loaded version=ascend-collect-min-0.2 pid=99754 (Hccl* interpose → GREYHOUND_DUMP)
[hcclprobe-collect] loaded version=ascend-collect-min-0.2 pid=99762 (Hccl* interpose → GREYHOUND_DUMP)
[hcclprobe-collect] loaded version=ascend-collect-min-0.2 pid=99767 (Hccl* interpose → GREYHOUND_DUMP)
[hcclprobe-collect] loaded version=ascend-collect-min-0.2 pid=99769 (Hccl* interpose → GREYHOUND_DUMP)
[rank2]:[W725 12:05:40.710812622 compiler_depend.ts:338] Warning: Cannot create tensor with interal format while allow_internel_format=False, tensor will be created with base format. (function operator())
[rank10]:[W725 12:05:40.753459042 compiler_depend.ts:338] Warning: Cannot create tensor with interal format while allow_internel_format=False, tensor will be created with base format. (function operator())
[rank4]:[W725 12:05:40.829731637 compiler_depend.ts:338] Warning: Cannot create tensor with interal format while allow_internel_format=False, tensor will be created with base format. (function operator())
[rank9]:[W725 12:05:40.831180464 compiler_depend.ts:338] Warning: Cannot create tensor with interal format while allow_internel_format=False, tensor will be created with base format. (function operator())
[rank12]:[W725 12:05:40.874051395 compiler_depend.ts:338] Warning: Cannot create tensor with interal format while allow_internel_format=False, tensor will be created with base format. (function operator())
[rank6]:[W725 12:05:40.960322220 compiler_depend.ts:338] Warning: Cannot create tensor with interal format while allow_internel_format=False, tensor will be created with base format. (function operator())
[rank7]:[W725 12:05:40.066204981 compiler_depend.ts:338] Warning: Cannot create tensor with interal format while allow_internel_format=False, tensor will be created with base format. (function operator())
[rank11]:[W725 12:05:40.237343254 compiler_depend.ts:338] Warning: Cannot create tensor with interal format while allow_internel_format=False, tensor will be created with base format. (function operator())
[rank1]:[W725 12:05:41.600812304 compiler_depend.ts:338] Warning: Cannot create tensor with interal format while allow_internel_format=False, tensor will be created with base format. (function operator())
[rank8]:[W725 12:05:41.649387743 compiler_depend.ts:338] Warning: Cannot create tensor with interal format while allow_internel_format=False, tensor will be created with base format. (function operator())
[rank14]:[W725 12:05:41.671019949 compiler_depend.ts:338] Warning: Cannot create tensor with interal format while allow_internel_format=False, tensor will be created with base format. (function operator())
[rank3]:[W725 12:05:41.802272526 compiler_depend.ts:338] Warning: Cannot create tensor with interal format while allow_internel_format=False, tensor will be created with base format. (function operator())
[rank0]:[W725 12:05:41.807989984 compiler_depend.ts:338] Warning: Cannot create tensor with interal format while allow_internel_format=False, tensor will be created with base format. (function operator())
[rank13]:[W725 12:05:41.832442264 compiler_depend.ts:338] Warning: Cannot create tensor with interal format while allow_internel_format=False, tensor will be created with base format. (function operator())
[rank15]:[W725 12:05:41.880446590 compiler_depend.ts:338] Warning: Cannot create tensor with interal format while allow_internel_format=False, tensor will be created with base format. (function operator())
[rank5]:[W725 12:05:41.887570116 compiler_depend.ts:338] Warning: Cannot create tensor with interal format while allow_internel_format=False, tensor will be created with base format. (function operator())
/root/miniconda3/envs/llm_test/lib/python3.10/site-packages/torch/distributed/distributed_c10d.py:4631: UserWarning: No device id is provided via `init_process_group` or `barrier `. Using the current device set by the user. 
  warnings.warn(  # warn only once
/root/miniconda3/envs/llm_test/lib/python3.10/site-packages/torch/distributed/distributed_c10d.py:4631: UserWarning: No device id is provided via `init_process_group` or `barrier `. Using the current device set by the user. 
  warnings.warn(  # warn only once
/root/miniconda3/envs/llm_test/lib/python3.10/site-packages/torch/distributed/distributed_c10d.py:4631: UserWarning: No device id is provided via `init_process_group` or `barrier `. Using the current device set by the user. 
  warnings.warn(  # warn only once
/root/miniconda3/envs/llm_test/lib/python3.10/site-packages/torch/distributed/distributed_c10d.py:4631: UserWarning: No device id is provided via `init_process_group` or `barrier `. Using the current device set by the user. 
  warnings.warn(  # warn only once
/root/miniconda3/envs/llm_test/lib/python3.10/site-packages/torch/distributed/distributed_c10d.py:4631: UserWarning: No device id is provided via `init_process_group` or `barrier `. Using the current device set by the user. 
  warnings.warn(  # warn only once
/root/miniconda3/envs/llm_test/lib/python3.10/site-packages/torch/distributed/distributed_c10d.py:4631: UserWarning: No device id is provided via `init_process_group` or `barrier `. Using the current device set by the user. 
  warnings.warn(  # warn only once
/root/miniconda3/envs/llm_test/lib/python3.10/site-packages/torch/distributed/distributed_c10d.py:4631: UserWarning: No device id is provided via `init_process_group` or `barrier `. Using the current device set by the user. 
  warnings.warn(  # warn only once
/root/miniconda3/envs/llm_test/lib/python3.10/site-packages/torch/distributed/distributed_c10d.py:4631: UserWarning: No device id is provided via `init_process_group` or `barrier `. Using the current device set by the user. 
  warnings.warn(  # warn only once
/root/miniconda3/envs/llm_test/lib/python3.10/site-packages/torch/distributed/distributed_c10d.py:4631: UserWarning: No device id is provided via `init_process_group` or `barrier `. Using the current device set by the user. 
  warnings.warn(  # warn only once
/root/miniconda3/envs/llm_test/lib/python3.10/site-packages/torch/distributed/distributed_c10d.py:4631: UserWarning: No device id is provided via `init_process_group` or `barrier `. Using the current device set by the user. 
  warnings.warn(  # warn only once
/root/miniconda3/envs/llm_test/lib/python3.10/site-packages/torch/distributed/distributed_c10d.py:4631: UserWarning: No device id is provided via `init_process_group` or `barrier `. Using the current device set by the user. 
  warnings.warn(  # warn only once
/root/miniconda3/envs/llm_test/lib/python3.10/site-packages/torch/distributed/distributed_c10d.py:4631: UserWarning: No device id is provided via `init_process_group` or `barrier `. Using the current device set by the user. 
  warnings.warn(  # warn only once
/root/miniconda3/envs/llm_test/lib/python3.10/site-packages/torch/distributed/distributed_c10d.py:4631: UserWarning: No device id is provided via `init_process_group` or `barrier `. Using the current device set by the user. 
  warnings.warn(  # warn only once
/root/miniconda3/envs/llm_test/lib/python3.10/site-packages/torch/distributed/distributed_c10d.py:4631: UserWarning: No device id is provided via `init_process_group` or `barrier `. Using the current device set by the user. 
  warnings.warn(  # warn only once
/root/miniconda3/envs/llm_test/lib/python3.10/site-packages/torch/distributed/distributed_c10d.py:4631: UserWarning: No device id is provided via `init_process_group` or `barrier `. Using the current device set by the user. 
  warnings.warn(  # warn only once
/root/miniconda3/envs/llm_test/lib/python3.10/site-packages/torch/distributed/distributed_c10d.py:4631: UserWarning: No device id is provided via `init_process_group` or `barrier `. Using the current device set by the user. 
  warnings.warn(  # warn only once
DONE world=16 out=/data/yinjinrun.p-huawei/results/ascend-ais/baseline/greyhound/contrast-p1-ext-a-20260725_120526/C0_baseline/ranks/rank_0000.jsonl
