[hcclprobe-collect] loaded version=ascend-collect-min-0.2 pid=113943 (Hccl* interpose → GREYHOUND_DUMP)
[hcclprobe-collect] loaded version=ascend-collect-min-0.2 pid=114013 (Hccl* interpose → GREYHOUND_DUMP)
W0725 12:15:43.116000 113943 site-packages/torch/distributed/run.py:766] 
W0725 12:15:43.116000 113943 site-packages/torch/distributed/run.py:766] *****************************************
W0725 12:15:43.116000 113943 site-packages/torch/distributed/run.py:766] Setting OMP_NUM_THREADS environment variable for each process to be 1 in default, to avoid your system being overloaded, please further tune the variable for optimal performance in your application as needed. 
W0725 12:15:43.116000 113943 site-packages/torch/distributed/run.py:766] *****************************************
[hcclprobe-collect] loaded version=ascend-collect-min-0.2 pid=114085 (Hccl* interpose → GREYHOUND_DUMP)
[hcclprobe-collect] loaded version=ascend-collect-min-0.2 pid=114084 (Hccl* interpose → GREYHOUND_DUMP)
[hcclprobe-collect] loaded version=ascend-collect-min-0.2 pid=114086 (Hccl* interpose → GREYHOUND_DUMP)
[hcclprobe-collect] loaded version=ascend-collect-min-0.2 pid=114087 (Hccl* interpose → GREYHOUND_DUMP)
[hcclprobe-collect] loaded version=ascend-collect-min-0.2 pid=114088 (Hccl* interpose → GREYHOUND_DUMP)
[hcclprobe-collect] loaded version=ascend-collect-min-0.2 pid=114089 (Hccl* interpose → GREYHOUND_DUMP)
[hcclprobe-collect] loaded version=ascend-collect-min-0.2 pid=114090 (Hccl* interpose → GREYHOUND_DUMP)
[hcclprobe-collect] loaded version=ascend-collect-min-0.2 pid=114091 (Hccl* interpose → GREYHOUND_DUMP)
[hcclprobe-collect] loaded version=ascend-collect-min-0.2 pid=114092 (Hccl* interpose → GREYHOUND_DUMP)
[hcclprobe-collect] loaded version=ascend-collect-min-0.2 pid=114093 (Hccl* interpose → GREYHOUND_DUMP)
[hcclprobe-collect] loaded version=ascend-collect-min-0.2 pid=114094 (Hccl* interpose → GREYHOUND_DUMP)
[hcclprobe-collect] loaded version=ascend-collect-min-0.2 pid=114099 (Hccl* interpose → GREYHOUND_DUMP)
[hcclprobe-collect] loaded version=ascend-collect-min-0.2 pid=114098 (Hccl* interpose → GREYHOUND_DUMP)
[hcclprobe-collect] loaded version=ascend-collect-min-0.2 pid=114096 (Hccl* interpose → GREYHOUND_DUMP)
[hcclprobe-collect] loaded version=ascend-collect-min-0.2 pid=114097 (Hccl* interpose → GREYHOUND_DUMP)
[hcclprobe-collect] loaded version=ascend-collect-min-0.2 pid=114095 (Hccl* interpose → GREYHOUND_DUMP)
[hcclprobe-collect] loaded version=ascend-collect-min-0.2 pid=114252 (Hccl* interpose → GREYHOUND_DUMP)
[hcclprobe-collect] loaded version=ascend-collect-min-0.2 pid=114253 (Hccl* interpose → GREYHOUND_DUMP)
[hcclprobe-collect] loaded version=ascend-collect-min-0.2 pid=114250 (Hccl* interpose → GREYHOUND_DUMP)
[hcclprobe-collect] loaded version=ascend-collect-min-0.2 pid=114249 (Hccl* interpose → GREYHOUND_DUMP)
[hcclprobe-collect] loaded version=ascend-collect-min-0.2 pid=114255 (Hccl* interpose → GREYHOUND_DUMP)
[hcclprobe-collect] loaded version=ascend-collect-min-0.2 pid=114274 (Hccl* interpose → GREYHOUND_DUMP)
[hcclprobe-collect] loaded version=ascend-collect-min-0.2 pid=114280 (Hccl* interpose → GREYHOUND_DUMP)
[hcclprobe-collect] loaded version=ascend-collect-min-0.2 pid=114282 (Hccl* interpose → GREYHOUND_DUMP)
[hcclprobe-collect] loaded version=ascend-collect-min-0.2 pid=114283 (Hccl* interpose → GREYHOUND_DUMP)
[hcclprobe-collect] loaded version=ascend-collect-min-0.2 pid=114295 (Hccl* interpose → GREYHOUND_DUMP)
[hcclprobe-collect] loaded version=ascend-collect-min-0.2 pid=114297 (Hccl* interpose → GREYHOUND_DUMP)
[hcclprobe-collect] loaded version=ascend-collect-min-0.2 pid=114305 (Hccl* interpose → GREYHOUND_DUMP)
[hcclprobe-collect] loaded version=ascend-collect-min-0.2 pid=114307 (Hccl* interpose → GREYHOUND_DUMP)
[hcclprobe-collect] loaded version=ascend-collect-min-0.2 pid=114309 (Hccl* interpose → GREYHOUND_DUMP)
[hcclprobe-collect] loaded version=ascend-collect-min-0.2 pid=114314 (Hccl* interpose → GREYHOUND_DUMP)
[hcclprobe-collect] loaded version=ascend-collect-min-0.2 pid=114325 (Hccl* interpose → GREYHOUND_DUMP)
[rank6]:[W725 12:15:49.002187158 compiler_depend.ts:338] Warning: Cannot create tensor with interal format while allow_internel_format=False, tensor will be created with base format. (function operator())
[rank0]:[W725 12:15:49.026057318 compiler_depend.ts:338] Warning: Cannot create tensor with interal format while allow_internel_format=False, tensor will be created with base format. (function operator())
[rank1]:[W725 12:15:49.027215623 compiler_depend.ts:338] Warning: Cannot create tensor with interal format while allow_internel_format=False, tensor will be created with base format. (function operator())
[rank15]:[W725 12:15:49.112755132 compiler_depend.ts:338] Warning: Cannot create tensor with interal format while allow_internel_format=False, tensor will be created with base format. (function operator())
[rank13]:[W725 12:15:49.124737492 compiler_depend.ts:338] Warning: Cannot create tensor with interal format while allow_internel_format=False, tensor will be created with base format. (function operator())
[rank12]:[W725 12:15:49.130740743 compiler_depend.ts:338] Warning: Cannot create tensor with interal format while allow_internel_format=False, tensor will be created with base format. (function operator())
[rank3]:[W725 12:15:49.296285323 compiler_depend.ts:338] Warning: Cannot create tensor with interal format while allow_internel_format=False, tensor will be created with base format. (function operator())
[rank4]:[W725 12:15:50.612505009 compiler_depend.ts:338] Warning: Cannot create tensor with interal format while allow_internel_format=False, tensor will be created with base format. (function operator())
[rank11]:[W725 12:15:50.735645836 compiler_depend.ts:338] Warning: Cannot create tensor with interal format while allow_internel_format=False, tensor will be created with base format. (function operator())
[rank7]:[W725 12:15:50.823030244 compiler_depend.ts:338] Warning: Cannot create tensor with interal format while allow_internel_format=False, tensor will be created with base format. (function operator())
[rank2]:[W725 12:15:50.916059641 compiler_depend.ts:338] Warning: Cannot create tensor with interal format while allow_internel_format=False, tensor will be created with base format. (function operator())
[rank5]:[W725 12:15:50.065596931 compiler_depend.ts:338] Warning: Cannot create tensor with interal format while allow_internel_format=False, tensor will be created with base format. (function operator())
[rank10]:[W725 12:15:50.099054649 compiler_depend.ts:338] Warning: Cannot create tensor with interal format while allow_internel_format=False, tensor will be created with base format. (function operator())
[rank9]:[W725 12:15:50.105598871 compiler_depend.ts:338] Warning: Cannot create tensor with interal format while allow_internel_format=False, tensor will be created with base format. (function operator())
[rank8]:[W725 12:15:50.195673493 compiler_depend.ts:338] Warning: Cannot create tensor with interal format while allow_internel_format=False, tensor will be created with base format. (function operator())
[rank14]:[W725 12:15:51.929625824 compiler_depend.ts:338] Warning: Cannot create tensor with interal format while allow_internel_format=False, tensor will be created with base format. (function operator())
/root/miniconda3/envs/llm_test/lib/python3.10/site-packages/torch/distributed/distributed_c10d.py:4631: UserWarning: No device id is provided via `init_process_group` or `barrier `. Using the current device set by the user. 
  warnings.warn(  # warn only once
/root/miniconda3/envs/llm_test/lib/python3.10/site-packages/torch/distributed/distributed_c10d.py:4631: UserWarning: No device id is provided via `init_process_group` or `barrier `. Using the current device set by the user. 
  warnings.warn(  # warn only once
/root/miniconda3/envs/llm_test/lib/python3.10/site-packages/torch/distributed/distributed_c10d.py:4631: UserWarning: No device id is provided via `init_process_group` or `barrier `. Using the current device set by the user. 
  warnings.warn(  # warn only once
/root/miniconda3/envs/llm_test/lib/python3.10/site-packages/torch/distributed/distributed_c10d.py:4631: UserWarning: No device id is provided via `init_process_group` or `barrier `. Using the current device set by the user. 
  warnings.warn(  # warn only once
/root/miniconda3/envs/llm_test/lib/python3.10/site-packages/torch/distributed/distributed_c10d.py:4631: UserWarning: No device id is provided via `init_process_group` or `barrier `. Using the current device set by the user. 
  warnings.warn(  # warn only once
/root/miniconda3/envs/llm_test/lib/python3.10/site-packages/torch/distributed/distributed_c10d.py:4631: UserWarning: No device id is provided via `init_process_group` or `barrier `. Using the current device set by the user. 
  warnings.warn(  # warn only once
/root/miniconda3/envs/llm_test/lib/python3.10/site-packages/torch/distributed/distributed_c10d.py:4631: UserWarning: No device id is provided via `init_process_group` or `barrier `. Using the current device set by the user. 
  warnings.warn(  # warn only once
/root/miniconda3/envs/llm_test/lib/python3.10/site-packages/torch/distributed/distributed_c10d.py:4631: UserWarning: No device id is provided via `init_process_group` or `barrier `. Using the current device set by the user. 
  warnings.warn(  # warn only once
/root/miniconda3/envs/llm_test/lib/python3.10/site-packages/torch/distributed/distributed_c10d.py:4631: UserWarning: No device id is provided via `init_process_group` or `barrier `. Using the current device set by the user. 
  warnings.warn(  # warn only once
/root/miniconda3/envs/llm_test/lib/python3.10/site-packages/torch/distributed/distributed_c10d.py:4631: UserWarning: No device id is provided via `init_process_group` or `barrier `. Using the current device set by the user. 
  warnings.warn(  # warn only once
/root/miniconda3/envs/llm_test/lib/python3.10/site-packages/torch/distributed/distributed_c10d.py:4631: UserWarning: No device id is provided via `init_process_group` or `barrier `. Using the current device set by the user. 
  warnings.warn(  # warn only once
/root/miniconda3/envs/llm_test/lib/python3.10/site-packages/torch/distributed/distributed_c10d.py:4631: UserWarning: No device id is provided via `init_process_group` or `barrier `. Using the current device set by the user. 
  warnings.warn(  # warn only once
/root/miniconda3/envs/llm_test/lib/python3.10/site-packages/torch/distributed/distributed_c10d.py:4631: UserWarning: No device id is provided via `init_process_group` or `barrier `. Using the current device set by the user. 
  warnings.warn(  # warn only once
/root/miniconda3/envs/llm_test/lib/python3.10/site-packages/torch/distributed/distributed_c10d.py:4631: UserWarning: No device id is provided via `init_process_group` or `barrier `. Using the current device set by the user. 
  warnings.warn(  # warn only once
/root/miniconda3/envs/llm_test/lib/python3.10/site-packages/torch/distributed/distributed_c10d.py:4631: UserWarning: No device id is provided via `init_process_group` or `barrier `. Using the current device set by the user. 
  warnings.warn(  # warn only once
/root/miniconda3/envs/llm_test/lib/python3.10/site-packages/torch/distributed/distributed_c10d.py:4631: UserWarning: No device id is provided via `init_process_group` or `barrier `. Using the current device set by the user. 
  warnings.warn(  # warn only once
INLINE_HBM_ALLOC mb=512 copies/step=48
DONE world=16 out=/data/yinjinrun.p-huawei/results/ascend-ais/baseline/greyhound/contrast-p1-ext-b-20260725_121407/C1_inject_none/ranks/rank_0000.jsonl
