[hcclprobe-collect] loaded version=ascend-collect-min-0.2 pid=203384 (Hccl* interpose → GREYHOUND_DUMP)
[hcclprobe-collect] loaded version=ascend-collect-min-0.2 pid=203569 (Hccl* interpose → GREYHOUND_DUMP)
W0725 13:47:04.270000 203384 site-packages/torch/distributed/run.py:766] 
W0725 13:47:04.270000 203384 site-packages/torch/distributed/run.py:766] *****************************************
W0725 13:47:04.270000 203384 site-packages/torch/distributed/run.py:766] Setting OMP_NUM_THREADS environment variable for each process to be 1 in default, to avoid your system being overloaded, please further tune the variable for optimal performance in your application as needed. 
W0725 13:47:04.270000 203384 site-packages/torch/distributed/run.py:766] *****************************************
[hcclprobe-collect] loaded version=ascend-collect-min-0.2 pid=203640 (Hccl* interpose → GREYHOUND_DUMP)
[hcclprobe-collect] loaded version=ascend-collect-min-0.2 pid=203641 (Hccl* interpose → GREYHOUND_DUMP)
[hcclprobe-collect] loaded version=ascend-collect-min-0.2 pid=203642 (Hccl* interpose → GREYHOUND_DUMP)
[hcclprobe-collect] loaded version=ascend-collect-min-0.2 pid=203643 (Hccl* interpose → GREYHOUND_DUMP)
[hcclprobe-collect] loaded version=ascend-collect-min-0.2 pid=203644 (Hccl* interpose → GREYHOUND_DUMP)
[hcclprobe-collect] loaded version=ascend-collect-min-0.2 pid=203645 (Hccl* interpose → GREYHOUND_DUMP)
[hcclprobe-collect] loaded version=ascend-collect-min-0.2 pid=203647 (Hccl* interpose → GREYHOUND_DUMP)
[hcclprobe-collect] loaded version=ascend-collect-min-0.2 pid=203648 (Hccl* interpose → GREYHOUND_DUMP)
[hcclprobe-collect] loaded version=ascend-collect-min-0.2 pid=203646 (Hccl* interpose → GREYHOUND_DUMP)
[hcclprobe-collect] loaded version=ascend-collect-min-0.2 pid=203649 (Hccl* interpose → GREYHOUND_DUMP)
[hcclprobe-collect] loaded version=ascend-collect-min-0.2 pid=203650 (Hccl* interpose → GREYHOUND_DUMP)
[hcclprobe-collect] loaded version=ascend-collect-min-0.2 pid=203651 (Hccl* interpose → GREYHOUND_DUMP)
[hcclprobe-collect] loaded version=ascend-collect-min-0.2 pid=203652 (Hccl* interpose → GREYHOUND_DUMP)
[hcclprobe-collect] loaded version=ascend-collect-min-0.2 pid=203653 (Hccl* interpose → GREYHOUND_DUMP)
[hcclprobe-collect] loaded version=ascend-collect-min-0.2 pid=203654 (Hccl* interpose → GREYHOUND_DUMP)
[hcclprobe-collect] loaded version=ascend-collect-min-0.2 pid=203655 (Hccl* interpose → GREYHOUND_DUMP)
[hcclprobe-collect] loaded version=ascend-collect-min-0.2 pid=203806 (Hccl* interpose → GREYHOUND_DUMP)
[hcclprobe-collect] loaded version=ascend-collect-min-0.2 pid=203811 (Hccl* interpose → GREYHOUND_DUMP)
[hcclprobe-collect] loaded version=ascend-collect-min-0.2 pid=203813 (Hccl* interpose → GREYHOUND_DUMP)
[hcclprobe-collect] loaded version=ascend-collect-min-0.2 pid=203821 (Hccl* interpose → GREYHOUND_DUMP)
[hcclprobe-collect] loaded version=ascend-collect-min-0.2 pid=203819 (Hccl* interpose → GREYHOUND_DUMP)
[hcclprobe-collect] loaded version=ascend-collect-min-0.2 pid=203831 (Hccl* interpose → GREYHOUND_DUMP)
[hcclprobe-collect] loaded version=ascend-collect-min-0.2 pid=203836 (Hccl* interpose → GREYHOUND_DUMP)
[hcclprobe-collect] loaded version=ascend-collect-min-0.2 pid=203841 (Hccl* interpose → GREYHOUND_DUMP)
[hcclprobe-collect] loaded version=ascend-collect-min-0.2 pid=203843 (Hccl* interpose → GREYHOUND_DUMP)
[hcclprobe-collect] loaded version=ascend-collect-min-0.2 pid=203845 (Hccl* interpose → GREYHOUND_DUMP)
[hcclprobe-collect] loaded version=ascend-collect-min-0.2 pid=203847 (Hccl* interpose → GREYHOUND_DUMP)
[hcclprobe-collect] loaded version=ascend-collect-min-0.2 pid=203848 (Hccl* interpose → GREYHOUND_DUMP)
[hcclprobe-collect] loaded version=ascend-collect-min-0.2 pid=203854 (Hccl* interpose → GREYHOUND_DUMP)
[hcclprobe-collect] loaded version=ascend-collect-min-0.2 pid=203871 (Hccl* interpose → GREYHOUND_DUMP)
[hcclprobe-collect] loaded version=ascend-collect-min-0.2 pid=203876 (Hccl* interpose → GREYHOUND_DUMP)
[hcclprobe-collect] loaded version=ascend-collect-min-0.2 pid=203878 (Hccl* interpose → GREYHOUND_DUMP)
[rank4]:[W725 13:47:11.347627839 compiler_depend.ts:338] Warning: Cannot create tensor with interal format while allow_internel_format=False, tensor will be created with base format. (function operator())
[rank1]:[W725 13:47:11.512045028 compiler_depend.ts:338] Warning: Cannot create tensor with interal format while allow_internel_format=False, tensor will be created with base format. (function operator())
[rank2]:[W725 13:47:11.523325309 compiler_depend.ts:338] Warning: Cannot create tensor with interal format while allow_internel_format=False, tensor will be created with base format. (function operator())
[rank3]:[W725 13:47:11.523328739 compiler_depend.ts:338] Warning: Cannot create tensor with interal format while allow_internel_format=False, tensor will be created with base format. (function operator())
[rank14]:[W725 13:47:11.785731364 compiler_depend.ts:338] Warning: Cannot create tensor with interal format while allow_internel_format=False, tensor will be created with base format. (function operator())
[rank7]:[W725 13:47:11.872677810 compiler_depend.ts:338] Warning: Cannot create tensor with interal format while allow_internel_format=False, tensor will be created with base format. (function operator())
[rank0]:[W725 13:47:11.896510929 compiler_depend.ts:338] Warning: Cannot create tensor with interal format while allow_internel_format=False, tensor will be created with base format. (function operator())
[rank10]:[W725 13:47:11.292725353 compiler_depend.ts:338] Warning: Cannot create tensor with interal format while allow_internel_format=False, tensor will be created with base format. (function operator())
[rank6]:[W725 13:47:11.308041823 compiler_depend.ts:338] Warning: Cannot create tensor with interal format while allow_internel_format=False, tensor will be created with base format. (function operator())
[rank13]:[W725 13:47:11.308661096 compiler_depend.ts:338] Warning: Cannot create tensor with interal format while allow_internel_format=False, tensor will be created with base format. (function operator())
[rank15]:[W725 13:47:11.308855437 compiler_depend.ts:338] Warning: Cannot create tensor with interal format while allow_internel_format=False, tensor will be created with base format. (function operator())
[rank9]:[W725 13:47:12.322100337 compiler_depend.ts:338] Warning: Cannot create tensor with interal format while allow_internel_format=False, tensor will be created with base format. (function operator())
[rank5]:[W725 13:47:12.327939334 compiler_depend.ts:338] Warning: Cannot create tensor with interal format while allow_internel_format=False, tensor will be created with base format. (function operator())
[rank11]:[W725 13:47:12.512993696 compiler_depend.ts:338] Warning: Cannot create tensor with interal format while allow_internel_format=False, tensor will be created with base format. (function operator())
[rank8]:[W725 13:47:12.514633584 compiler_depend.ts:338] Warning: Cannot create tensor with interal format while allow_internel_format=False, tensor will be created with base format. (function operator())
[rank12]:[W725 13:47:12.558039192 compiler_depend.ts:338] Warning: Cannot create tensor with interal format while allow_internel_format=False, tensor will be created with base format. (function operator())
/root/miniconda3/envs/llm_test/lib/python3.10/site-packages/torch/distributed/distributed_c10d.py:4631: UserWarning: No device id is provided via `init_process_group` or `barrier `. Using the current device set by the user. 
  warnings.warn(  # warn only once
/root/miniconda3/envs/llm_test/lib/python3.10/site-packages/torch/distributed/distributed_c10d.py:4631: UserWarning: No device id is provided via `init_process_group` or `barrier `. Using the current device set by the user. 
  warnings.warn(  # warn only once
/root/miniconda3/envs/llm_test/lib/python3.10/site-packages/torch/distributed/distributed_c10d.py:4631: UserWarning: No device id is provided via `init_process_group` or `barrier `. Using the current device set by the user. 
  warnings.warn(  # warn only once
/root/miniconda3/envs/llm_test/lib/python3.10/site-packages/torch/distributed/distributed_c10d.py:4631: UserWarning: No device id is provided via `init_process_group` or `barrier `. Using the current device set by the user. 
  warnings.warn(  # warn only once
/root/miniconda3/envs/llm_test/lib/python3.10/site-packages/torch/distributed/distributed_c10d.py:4631: UserWarning: No device id is provided via `init_process_group` or `barrier `. Using the current device set by the user. 
  warnings.warn(  # warn only once
/root/miniconda3/envs/llm_test/lib/python3.10/site-packages/torch/distributed/distributed_c10d.py:4631: UserWarning: No device id is provided via `init_process_group` or `barrier `. Using the current device set by the user. 
  warnings.warn(  # warn only once
/root/miniconda3/envs/llm_test/lib/python3.10/site-packages/torch/distributed/distributed_c10d.py:4631: UserWarning: No device id is provided via `init_process_group` or `barrier `. Using the current device set by the user. 
  warnings.warn(  # warn only once
/root/miniconda3/envs/llm_test/lib/python3.10/site-packages/torch/distributed/distributed_c10d.py:4631: UserWarning: No device id is provided via `init_process_group` or `barrier `. Using the current device set by the user. 
  warnings.warn(  # warn only once
/root/miniconda3/envs/llm_test/lib/python3.10/site-packages/torch/distributed/distributed_c10d.py:4631: UserWarning: No device id is provided via `init_process_group` or `barrier `. Using the current device set by the user. 
  warnings.warn(  # warn only once
/root/miniconda3/envs/llm_test/lib/python3.10/site-packages/torch/distributed/distributed_c10d.py:4631: UserWarning: No device id is provided via `init_process_group` or `barrier `. Using the current device set by the user. 
  warnings.warn(  # warn only once
/root/miniconda3/envs/llm_test/lib/python3.10/site-packages/torch/distributed/distributed_c10d.py:4631: UserWarning: No device id is provided via `init_process_group` or `barrier `. Using the current device set by the user. 
  warnings.warn(  # warn only once
/root/miniconda3/envs/llm_test/lib/python3.10/site-packages/torch/distributed/distributed_c10d.py:4631: UserWarning: No device id is provided via `init_process_group` or `barrier `. Using the current device set by the user. 
  warnings.warn(  # warn only once
/root/miniconda3/envs/llm_test/lib/python3.10/site-packages/torch/distributed/distributed_c10d.py:4631: UserWarning: No device id is provided via `init_process_group` or `barrier `. Using the current device set by the user. 
  warnings.warn(  # warn only once
/root/miniconda3/envs/llm_test/lib/python3.10/site-packages/torch/distributed/distributed_c10d.py:4631: UserWarning: No device id is provided via `init_process_group` or `barrier `. Using the current device set by the user. 
  warnings.warn(  # warn only once
/root/miniconda3/envs/llm_test/lib/python3.10/site-packages/torch/distributed/distributed_c10d.py:4631: UserWarning: No device id is provided via `init_process_group` or `barrier `. Using the current device set by the user. 
  warnings.warn(  # warn only once
/root/miniconda3/envs/llm_test/lib/python3.10/site-packages/torch/distributed/distributed_c10d.py:4631: UserWarning: No device id is provided via `init_process_group` or `barrier `. Using the current device set by the user. 
  warnings.warn(  # warn only once
DONE world=16 out=/data/yinjinrun.p-huawei/results/ascend-ais/baseline/greyhound/contrast-p2-sw-b-20260725_134521/C1_inject_none/ranks/rank_0000.jsonl
