stress-ng: info:  [46687] setting to a 900 second (15 mins, 0.00 secs) run per stressor
stress-ng: info:  [46687] dispatching hogs: 32 hdd, 16 iomix
stress-ng: error: [46687] process 46692 (stress-ng-hdd) terminated with an error, exit status=5 (killed by signal)
stress-ng: error: [46687] process 46693 (stress-ng-hdd) terminated with an error, exit status=5 (killed by signal)
stress-ng: error: [46687] process 46694 (stress-ng-hdd) terminated with an error, exit status=5 (killed by signal)
stress-ng: error: [46687] process 46695 (stress-ng-hdd) terminated with an error, exit status=5 (killed by signal)
stress-ng: error: [46687] process 46696 (stress-ng-hdd) terminated with an error, exit status=5 (killed by signal)
stress-ng: error: [46687] process 46697 (stress-ng-hdd) terminated with an error, exit status=5 (killed by signal)
stress-ng: error: [46687] process 46698 (stress-ng-hdd) terminated with an error, exit status=5 (killed by signal)
stress-ng: error: [46687] process 46699 (stress-ng-hdd) terminated with an error, exit status=5 (killed by signal)
stress-ng: error: [46687] process 46700 (stress-ng-hdd) terminated with an error, exit status=5 (killed by signal)
stress-ng: error: [46687] process 46701 (stress-ng-hdd) terminated with an error, exit status=5 (killed by signal)
stress-ng: error: [46687] process 46702 (stress-ng-hdd) terminated with an error, exit status=5 (killed by signal)
stress-ng: error: [46687] process 46703 (stress-ng-hdd) terminated with an error, exit status=5 (killed by signal)
stress-ng: error: [46687] process 46704 (stress-ng-hdd) terminated with an error, exit status=5 (killed by signal)
stress-ng: error: [46687] process 46705 (stress-ng-hdd) terminated with an error, exit status=5 (killed by signal)
stress-ng: error: [46687] process 46706 (stress-ng-hdd) terminated with an error, exit status=5 (killed by signal)
stress-ng: error: [46687] process 46707 (stress-ng-hdd) terminated with an error, exit status=5 (killed by signal)
stress-ng: error: [46687] process 46708 (stress-ng-hdd) terminated with an error, exit status=5 (killed by signal)
stress-ng: error: [46687] process 46709 (stress-ng-hdd) terminated with an error, exit status=5 (killed by signal)
stress-ng: error: [46687] process 46710 (stress-ng-hdd) terminated with an error, exit status=5 (killed by signal)
stress-ng: error: [46687] process 46711 (stress-ng-hdd) terminated with an error, exit status=5 (killed by signal)
stress-ng: error: [46687] process 46712 (stress-ng-hdd) terminated with an error, exit status=5 (killed by signal)
stress-ng: error: [46687] process 46713 (stress-ng-hdd) terminated with an error, exit status=5 (killed by signal)
stress-ng: error: [46687] process 46714 (stress-ng-hdd) terminated with an error, exit status=5 (killed by signal)
stress-ng: error: [46687] process 46715 (stress-ng-hdd) terminated with an error, exit status=5 (killed by signal)
stress-ng: error: [46687] process 46716 (stress-ng-hdd) terminated with an error, exit status=5 (killed by signal)
stress-ng: error: [46687] process 46717 (stress-ng-hdd) terminated with an error, exit status=5 (killed by signal)
stress-ng: error: [46687] process 46718 (stress-ng-hdd) terminated with an error, exit status=5 (killed by signal)
stress-ng: error: [46687] process 46719 (stress-ng-hdd) terminated with an error, exit status=5 (killed by signal)
stress-ng: error: [46687] process 46720 (stress-ng-hdd) terminated with an error, exit status=5 (killed by signal)
stress-ng: error: [46687] process 46721 (stress-ng-hdd) terminated with an error, exit status=5 (killed by signal)
stress-ng: error: [46687] process 46722 (stress-ng-hdd) terminated with an error, exit status=5 (killed by signal)
stress-ng: error: [46687] process 46723 (stress-ng-hdd) terminated with an error, exit status=5 (killed by signal)
stress-ng: error: [46687] process 46724 (stress-ng-iomix) terminated with an error, exit status=5 (killed by signal)
stress-ng: error: [46687] process 46725 (stress-ng-iomix) terminated with an error, exit status=5 (killed by signal)
stress-ng: error: [46687] process 46726 (stress-ng-iomix) terminated with an error, exit status=5 (killed by signal)
stress-ng: error: [46687] process 46727 (stress-ng-iomix) terminated with an error, exit status=5 (killed by signal)
stress-ng: error: [46687] process 46728 (stress-ng-iomix) terminated with an error, exit status=5 (killed by signal)
stress-ng: error: [46687] process 46729 (stress-ng-iomix) terminated with an error, exit status=5 (killed by signal)
stress-ng: error: [46687] process 46730 (stress-ng-iomix) terminated with an error, exit status=5 (killed by signal)
stress-ng: error: [46687] process 46731 (stress-ng-iomix) terminated with an error, exit status=5 (killed by signal)
stress-ng: error: [46687] process 46732 (stress-ng-iomix) terminated with an error, exit status=5 (killed by signal)
stress-ng: error: [46687] process 46733 (stress-ng-iomix) terminated with an error, exit status=5 (killed by signal)
stress-ng: error: [46687] process 46734 (stress-ng-iomix) terminated with an error, exit status=5 (killed by signal)
stress-ng: error: [46687] process 46735 (stress-ng-iomix) terminated with an error, exit status=5 (killed by signal)
stress-ng: error: [46687] process 46736 (stress-ng-iomix) terminated with an error, exit status=5 (killed by signal)
stress-ng: error: [46687] process 46737 (stress-ng-iomix) terminated with an error, exit status=5 (killed by signal)
stress-ng: error: [46687] process 46738 (stress-ng-iomix) terminated with an error, exit status=5 (killed by signal)
stress-ng: error: [46687] process 46739 (stress-ng-iomix) terminated with an error, exit status=5 (killed by signal)
stress-ng: info:  [46687] unsuccessful run completed in 69.53s (1 min, 9.53 secs)
SIDECAR_STOP
