stress-ng: info:  [1333503] setting to a 900 second (15 mins, 0.00 secs) run per stressor
stress-ng: info:  [1333503] dispatching hogs: 96 vm
stress-ng: error: [1333503] process 1333526 (stress-ng-vm) terminated with an error, exit status=5 (killed by signal)
stress-ng: error: [1333503] process 1333527 (stress-ng-vm) terminated with an error, exit status=5 (killed by signal)
stress-ng: error: [1333503] process 1333528 (stress-ng-vm) terminated with an error, exit status=5 (killed by signal)
stress-ng: error: [1333503] process 1333529 (stress-ng-vm) terminated with an error, exit status=5 (killed by signal)
stress-ng: error: [1333503] process 1333532 (stress-ng-vm) terminated with an error, exit status=5 (killed by signal)
stress-ng: error: [1333503] process 1333534 (stress-ng-vm) terminated with an error, exit status=5 (killed by signal)
stress-ng: error: [1333503] process 1333536 (stress-ng-vm) terminated with an error, exit status=5 (killed by signal)
stress-ng: error: [1333503] process 1333537 (stress-ng-vm) terminated with an error, exit status=5 (killed by signal)
stress-ng: error: [1333503] process 1333538 (stress-ng-vm) terminated with an error, exit status=5 (killed by signal)
stress-ng: error: [1333503] process 1333542 (stress-ng-vm) terminated with an error, exit status=5 (killed by signal)
stress-ng: error: [1333503] process 1333544 (stress-ng-vm) terminated with an error, exit status=5 (killed by signal)
stress-ng: error: [1333503] process 1333546 (stress-ng-vm) terminated with an error, exit status=5 (killed by signal)
stress-ng: error: [1333503] process 1333547 (stress-ng-vm) terminated with an error, exit status=5 (killed by signal)
stress-ng: error: [1333503] process 1333549 (stress-ng-vm) terminated with an error, exit status=5 (killed by signal)
stress-ng: error: [1333503] process 1333553 (stress-ng-vm) terminated with an error, exit status=5 (killed by signal)
stress-ng: error: [1333503] process 1333554 (stress-ng-vm) terminated with an error, exit status=5 (killed by signal)
stress-ng: error: [1333503] process 1333556 (stress-ng-vm) terminated with an error, exit status=5 (killed by signal)
stress-ng: error: [1333503] process 1333558 (stress-ng-vm) terminated with an error, exit status=5 (killed by signal)
stress-ng: error: [1333503] process 1333560 (stress-ng-vm) terminated with an error, exit status=5 (killed by signal)
stress-ng: error: [1333503] process 1333562 (stress-ng-vm) terminated with an error, exit status=5 (killed by signal)
stress-ng: error: [1333503] process 1333564 (stress-ng-vm) terminated with an error, exit status=5 (killed by signal)
stress-ng: error: [1333503] process 1333567 (stress-ng-vm) terminated with an error, exit status=5 (killed by signal)
stress-ng: error: [1333503] process 1333568 (stress-ng-vm) terminated with an error, exit status=5 (killed by signal)
stress-ng: error: [1333503] process 1333570 (stress-ng-vm) terminated with an error, exit status=5 (killed by signal)
stress-ng: error: [1333503] process 1333572 (stress-ng-vm) terminated with an error, exit status=5 (killed by signal)
stress-ng: error: [1333503] process 1333573 (stress-ng-vm) terminated with an error, exit status=5 (killed by signal)
stress-ng: error: [1333503] process 1333576 (stress-ng-vm) terminated with an error, exit status=5 (killed by signal)
stress-ng: error: [1333503] process 1333578 (stress-ng-vm) terminated with an error, exit status=5 (killed by signal)
stress-ng: error: [1333503] process 1333580 (stress-ng-vm) terminated with an error, exit status=5 (killed by signal)
stress-ng: error: [1333503] process 1333582 (stress-ng-vm) terminated with an error, exit status=5 (killed by signal)
stress-ng: error: [1333503] process 1333584 (stress-ng-vm) terminated with an error, exit status=5 (killed by signal)
stress-ng: error: [1333503] process 1333585 (stress-ng-vm) terminated with an error, exit status=5 (killed by signal)
stress-ng: error: [1333503] process 1333588 (stress-ng-vm) terminated with an error, exit status=5 (killed by signal)
stress-ng: error: [1333503] process 1333590 (stress-ng-vm) terminated with an error, exit status=5 (killed by signal)
stress-ng: error: [1333503] process 1333593 (stress-ng-vm) terminated with an error, exit status=5 (killed by signal)
stress-ng: error: [1333503] process 1333594 (stress-ng-vm) terminated with an error, exit status=5 (killed by signal)
stress-ng: error: [1333503] process 1333595 (stress-ng-vm) terminated with an error, exit status=5 (killed by signal)
stress-ng: error: [1333503] process 1333598 (stress-ng-vm) terminated with an error, exit status=5 (killed by signal)
stress-ng: error: [1333503] process 1333599 (stress-ng-vm) terminated with an error, exit status=5 (killed by signal)
stress-ng: error: [1333503] process 1333600 (stress-ng-vm) terminated with an error, exit status=5 (killed by signal)
stress-ng: error: [1333503] process 1333604 (stress-ng-vm) terminated with an error, exit status=5 (killed by signal)
stress-ng: error: [1333503] process 1333606 (stress-ng-vm) terminated with an error, exit status=5 (killed by signal)
stress-ng: error: [1333503] process 1333607 (stress-ng-vm) terminated with an error, exit status=5 (killed by signal)
stress-ng: error: [1333503] process 1333610 (stress-ng-vm) terminated with an error, exit status=5 (killed by signal)
stress-ng: error: [1333503] process 1333613 (stress-ng-vm) terminated with an error, exit status=5 (killed by signal)
stress-ng: error: [1333503] process 1333616 (stress-ng-vm) terminated with an error, exit status=5 (killed by signal)
stress-ng: error: [1333503] process 1333618 (stress-ng-vm) terminated with an error, exit status=5 (killed by signal)
stress-ng: error: [1333503] process 1333620 (stress-ng-vm) terminated with an error, exit status=5 (killed by signal)
stress-ng: error: [1333503] process 1333622 (stress-ng-vm) terminated with an error, exit status=5 (killed by signal)
stress-ng: error: [1333503] process 1333624 (stress-ng-vm) terminated with an error, exit status=5 (killed by signal)
stress-ng: error: [1333503] process 1333626 (stress-ng-vm) terminated with an error, exit status=5 (killed by signal)
stress-ng: error: [1333503] process 1333628 (stress-ng-vm) terminated with an error, exit status=5 (killed by signal)
stress-ng: error: [1333503] process 1333629 (stress-ng-vm) terminated with an error, exit status=5 (killed by signal)
stress-ng: error: [1333503] process 1333630 (stress-ng-vm) terminated with an error, exit status=5 (killed by signal)
stress-ng: error: [1333503] process 1333633 (stress-ng-vm) terminated with an error, exit status=5 (killed by signal)
stress-ng: error: [1333503] process 1333635 (stress-ng-vm) terminated with an error, exit status=5 (killed by signal)
stress-ng: error: [1333503] process 1333637 (stress-ng-vm) terminated with an error, exit status=5 (killed by signal)
stress-ng: error: [1333503] process 1333640 (stress-ng-vm) terminated with an error, exit status=5 (killed by signal)
stress-ng: error: [1333503] process 1333642 (stress-ng-vm) terminated with an error, exit status=5 (killed by signal)
stress-ng: error: [1333503] process 1333645 (stress-ng-vm) terminated with an error, exit status=5 (killed by signal)
stress-ng: error: [1333503] process 1333647 (stress-ng-vm) terminated with an error, exit status=5 (killed by signal)
stress-ng: error: [1333503] process 1333649 (stress-ng-vm) terminated with an error, exit status=5 (killed by signal)
stress-ng: error: [1333503] process 1333652 (stress-ng-vm) terminated with an error, exit status=5 (killed by signal)
stress-ng: error: [1333503] process 1333654 (stress-ng-vm) terminated with an error, exit status=5 (killed by signal)
stress-ng: error: [1333503] process 1333656 (stress-ng-vm) terminated with an error, exit status=5 (killed by signal)
stress-ng: error: [1333503] process 1333658 (stress-ng-vm) terminated with an error, exit status=5 (killed by signal)
stress-ng: error: [1333503] process 1333660 (stress-ng-vm) terminated with an error, exit status=5 (killed by signal)
stress-ng: error: [1333503] process 1333662 (stress-ng-vm) terminated with an error, exit status=5 (killed by signal)
stress-ng: error: [1333503] process 1333664 (stress-ng-vm) terminated with an error, exit status=5 (killed by signal)
stress-ng: error: [1333503] process 1333666 (stress-ng-vm) terminated with an error, exit status=5 (killed by signal)
stress-ng: error: [1333503] process 1333669 (stress-ng-vm) terminated with an error, exit status=5 (killed by signal)
stress-ng: error: [1333503] process 1333671 (stress-ng-vm) terminated with an error, exit status=5 (killed by signal)
stress-ng: error: [1333503] process 1333674 (stress-ng-vm) terminated with an error, exit status=5 (killed by signal)
stress-ng: error: [1333503] process 1333676 (stress-ng-vm) terminated with an error, exit status=5 (killed by signal)
stress-ng: error: [1333503] process 1333678 (stress-ng-vm) terminated with an error, exit status=5 (killed by signal)
stress-ng: error: [1333503] process 1333679 (stress-ng-vm) terminated with an error, exit status=5 (killed by signal)
stress-ng: error: [1333503] process 1333681 (stress-ng-vm) terminated with an error, exit status=5 (killed by signal)
stress-ng: error: [1333503] process 1333684 (stress-ng-vm) terminated with an error, exit status=5 (killed by signal)
stress-ng: error: [1333503] process 1333687 (stress-ng-vm) terminated with an error, exit status=5 (killed by signal)
stress-ng: error: [1333503] process 1333688 (stress-ng-vm) terminated with an error, exit status=5 (killed by signal)
stress-ng: error: [1333503] process 1333690 (stress-ng-vm) terminated with an error, exit status=5 (killed by signal)
stress-ng: error: [1333503] process 1333695 (stress-ng-vm) terminated with an error, exit status=5 (killed by signal)
stress-ng: error: [1333503] process 1333697 (stress-ng-vm) terminated with an error, exit status=5 (killed by signal)
stress-ng: error: [1333503] process 1333700 (stress-ng-vm) terminated with an error, exit status=5 (killed by signal)
stress-ng: error: [1333503] process 1333701 (stress-ng-vm) terminated with an error, exit status=5 (killed by signal)
stress-ng: error: [1333503] process 1333703 (stress-ng-vm) terminated with an error, exit status=5 (killed by signal)
stress-ng: error: [1333503] process 1333706 (stress-ng-vm) terminated with an error, exit status=5 (killed by signal)
stress-ng: error: [1333503] process 1333708 (stress-ng-vm) terminated with an error, exit status=5 (killed by signal)
stress-ng: error: [1333503] process 1333711 (stress-ng-vm) terminated with an error, exit status=5 (killed by signal)
stress-ng: error: [1333503] process 1333712 (stress-ng-vm) terminated with an error, exit status=5 (killed by signal)
stress-ng: error: [1333503] process 1333716 (stress-ng-vm) terminated with an error, exit status=5 (killed by signal)
stress-ng: error: [1333503] process 1333719 (stress-ng-vm) terminated with an error, exit status=5 (killed by signal)
stress-ng: error: [1333503] process 1333721 (stress-ng-vm) terminated with an error, exit status=5 (killed by signal)
stress-ng: error: [1333503] process 1333724 (stress-ng-vm) terminated with an error, exit status=5 (killed by signal)
stress-ng: error: [1333503] process 1333726 (stress-ng-vm) terminated with an error, exit status=5 (killed by signal)
stress-ng: error: [1333503] process 1333727 (stress-ng-vm) terminated with an error, exit status=5 (killed by signal)
stress-ng: info:  [1333503] unsuccessful run completed in 150.45s (2 mins, 30.45 secs)
SIDECAR_STOP
